Archive member included because of file (symbol)

d:/eclipse/eclipse/winavr/bin/../lib/gcc/avr/4.3.3/avr5\libgcc.a(_mulsi3.o)
                              ./App/Fixed_Point/src/Fixed_Point.o (__mulsi3)
d:/eclipse/eclipse/winavr/bin/../lib/gcc/avr/4.3.3/avr5\libgcc.a(_udivmodhi4.o)
                              ./BSW/MCAL/TIMER2/src/TIMER2_program.o (__udivmodhi4)
d:/eclipse/eclipse/winavr/bin/../lib/gcc/avr/4.3.3/avr5\libgcc.a(_divmodsi4.o)
                              ./BSW/HAL/CLCD/src/CLCD_program.o (__divmodsi4)
d:/eclipse/eclipse/winavr/bin/../lib/gcc/avr/4.3.3/avr5\libgcc.a(_exit.o)
                              d:/eclipse/eclipse/winavr/bin/../lib/gcc/avr/4.3.3/../../../../avr/lib/avr5/crtm32.o (exit)
d:/eclipse/eclipse/winavr/bin/../lib/gcc/avr/4.3.3/avr5\libgcc.a(_copy_data.o)
                              ./Services/Stack/Stack.o (__do_copy_data)
d:/eclipse/eclipse/winavr/bin/../lib/gcc/avr/4.3.3/avr5\libgcc.a(_clear_bss.o)
                              ./BSW/MCAL/TIMER2/src/TIMER2_program.o (__do_clear_bss)
d:/eclipse/eclipse/winavr/bin/../lib/gcc/avr/4.3.3/avr5\libgcc.a(_fixunssfsi.o)
                              ./App/Fixed_Point/src/Fixed_Point.o (__fixunssfsi)
d:/eclipse/eclipse/winavr/bin/../lib/gcc/avr/4.3.3/avr5\libgcc.a(_addsub_sf.o)
                              ./BSW/HAL/CLCD/src/CLCD_program.o (__subsf3)
d:/eclipse/eclipse/winavr/bin/../lib/gcc/avr/4.3.3/avr5\libgcc.a(_mul_sf.o)
                              ./BSW/HAL/CLCD/src/CLCD_program.o (__mulsf3)
d:/eclipse/eclipse/winavr/bin/../lib/gcc/avr/4.3.3/avr5\libgcc.a(_div_sf.o)
                              ./App/Fixed_Point/src/Fixed_Point.o (__divsf3)
d:/eclipse/eclipse/winavr/bin/../lib/gcc/avr/4.3.3/avr5\libgcc.a(_ge_sf.o)
                              d:/eclipse/eclipse/winavr/bin/../lib/gcc/avr/4.3.3/avr5\libgcc.a(_fixunssfsi.o) (__gesf2)
d:/eclipse/eclipse/winavr/bin/../lib/gcc/avr/4.3.3/avr5\libgcc.a(_lt_sf.o)
                              ./BSW/HAL/CLCD/src/CLCD_program.o (__ltsf2)
d:/eclipse/eclipse/winavr/bin/../lib/gcc/avr/4.3.3/avr5\libgcc.a(_si_to_sf.o)
                              ./BSW/HAL/CLCD/src/CLCD_program.o (__floatsisf)
d:/eclipse/eclipse/winavr/bin/../lib/gcc/avr/4.3.3/avr5\libgcc.a(_sf_to_si.o)
                              ./BSW/HAL/CLCD/src/CLCD_program.o (__fixsfsi)
d:/eclipse/eclipse/winavr/bin/../lib/gcc/avr/4.3.3/avr5\libgcc.a(_thenan_sf.o)
                              d:/eclipse/eclipse/winavr/bin/../lib/gcc/avr/4.3.3/avr5\libgcc.a(_addsub_sf.o) (__thenan_sf)
d:/eclipse/eclipse/winavr/bin/../lib/gcc/avr/4.3.3/avr5\libgcc.a(_usi_to_sf.o)
                              ./App/TrafficLights/src/TrafficLightsControl.o (__floatunsisf)
d:/eclipse/eclipse/winavr/bin/../lib/gcc/avr/4.3.3/avr5\libgcc.a(_udivmodsi4.o)
                              d:/eclipse/eclipse/winavr/bin/../lib/gcc/avr/4.3.3/avr5\libgcc.a(_divmodsi4.o) (__udivmodsi4)
d:/eclipse/eclipse/winavr/bin/../lib/gcc/avr/4.3.3/avr5\libgcc.a(_prologue.o)
                              d:/eclipse/eclipse/winavr/bin/../lib/gcc/avr/4.3.3/avr5\libgcc.a(_addsub_sf.o) (__prologue_saves__)
d:/eclipse/eclipse/winavr/bin/../lib/gcc/avr/4.3.3/avr5\libgcc.a(_epilogue.o)
                              d:/eclipse/eclipse/winavr/bin/../lib/gcc/avr/4.3.3/avr5\libgcc.a(_addsub_sf.o) (__epilogue_restores__)
d:/eclipse/eclipse/winavr/bin/../lib/gcc/avr/4.3.3/avr5\libgcc.a(_clzsi2.o)
                              d:/eclipse/eclipse/winavr/bin/../lib/gcc/avr/4.3.3/avr5\libgcc.a(_si_to_sf.o) (__clzsi2)
d:/eclipse/eclipse/winavr/bin/../lib/gcc/avr/4.3.3/avr5\libgcc.a(_pack_sf.o)
                              d:/eclipse/eclipse/winavr/bin/../lib/gcc/avr/4.3.3/avr5\libgcc.a(_addsub_sf.o) (__pack_f)
d:/eclipse/eclipse/winavr/bin/../lib/gcc/avr/4.3.3/avr5\libgcc.a(_unpack_sf.o)
                              d:/eclipse/eclipse/winavr/bin/../lib/gcc/avr/4.3.3/avr5\libgcc.a(_addsub_sf.o) (__unpack_f)
d:/eclipse/eclipse/winavr/bin/../lib/gcc/avr/4.3.3/avr5\libgcc.a(_fpcmp_parts_sf.o)
                              d:/eclipse/eclipse/winavr/bin/../lib/gcc/avr/4.3.3/avr5\libgcc.a(_ge_sf.o) (__fpcmp_parts_f)
d:/eclipse/eclipse/winavr/bin/../lib/gcc/avr/4.3.3/avr5\libgcc.a(_clz.o)
                              d:/eclipse/eclipse/winavr/bin/../lib/gcc/avr/4.3.3/avr5\libgcc.a(_clzsi2.o) (__clz_tab)
d:/eclipse/eclipse/winavr/bin/../lib/gcc/avr/4.3.3/../../../../avr/lib/avr5\libc.a(malloc.o)
                              ./Services/Stack/Stack.o (malloc)
d:/eclipse/eclipse/winavr/bin/../lib/gcc/avr/4.3.3/../../../../avr/lib/avr5\libc.a(printf.o)
                              ./Services/Stack/Stack.o (printf)
d:/eclipse/eclipse/winavr/bin/../lib/gcc/avr/4.3.3/../../../../avr/lib/avr5\libc.a(vfprintf_std.o)
                              d:/eclipse/eclipse/winavr/bin/../lib/gcc/avr/4.3.3/../../../../avr/lib/avr5\libc.a(printf.o) (vfprintf)
d:/eclipse/eclipse/winavr/bin/../lib/gcc/avr/4.3.3/../../../../avr/lib/avr5\libc.a(strnlen_P.o)
                              d:/eclipse/eclipse/winavr/bin/../lib/gcc/avr/4.3.3/../../../../avr/lib/avr5\libc.a(vfprintf_std.o) (strnlen_P)
d:/eclipse/eclipse/winavr/bin/../lib/gcc/avr/4.3.3/../../../../avr/lib/avr5\libc.a(strnlen.o)
                              d:/eclipse/eclipse/winavr/bin/../lib/gcc/avr/4.3.3/../../../../avr/lib/avr5\libc.a(vfprintf_std.o) (strnlen)
d:/eclipse/eclipse/winavr/bin/../lib/gcc/avr/4.3.3/../../../../avr/lib/avr5\libc.a(fputc.o)
                              d:/eclipse/eclipse/winavr/bin/../lib/gcc/avr/4.3.3/../../../../avr/lib/avr5\libc.a(vfprintf_std.o) (fputc)
d:/eclipse/eclipse/winavr/bin/../lib/gcc/avr/4.3.3/../../../../avr/lib/avr5\libc.a(iob.o)
                              d:/eclipse/eclipse/winavr/bin/../lib/gcc/avr/4.3.3/../../../../avr/lib/avr5\libc.a(printf.o) (__iob)
d:/eclipse/eclipse/winavr/bin/../lib/gcc/avr/4.3.3/../../../../avr/lib/avr5\libc.a(ultoa_invert.o)
                              d:/eclipse/eclipse/winavr/bin/../lib/gcc/avr/4.3.3/../../../../avr/lib/avr5\libc.a(vfprintf_std.o) (__ultoa_invert)

Allocating common symbols
Common symbol       size              file

__brkval            0x2               d:/eclipse/eclipse/winavr/bin/../lib/gcc/avr/4.3.3/../../../../avr/lib/avr5\libc.a(malloc.o)
Local_Variable      0x2               ./App/TrafficLights/src/TrafficLightsControl.o
TrafficStack        0x6               ./App/TrafficLights/src/TrafficLightsControl.o
__flp               0x2               d:/eclipse/eclipse/winavr/bin/../lib/gcc/avr/4.3.3/../../../../avr/lib/avr5\libc.a(malloc.o)
__iob               0x6               d:/eclipse/eclipse/winavr/bin/../lib/gcc/avr/4.3.3/../../../../avr/lib/avr5\libc.a(iob.o)

Memory Configuration

Name             Origin             Length             Attributes
text             0x00000000         0x00020000         xr
data             0x00800060         0x0000ffa0         rw !x
eeprom           0x00810000         0x00010000         rw !x
fuse             0x00820000         0x00000400         rw !x
lock             0x00830000         0x00000400         rw !x
signature        0x00840000         0x00000400         rw !x
*default*        0x00000000         0xffffffff

Linker script and memory map

LOAD d:/eclipse/eclipse/winavr/bin/../lib/gcc/avr/4.3.3/../../../../avr/lib/avr5/crtm32.o
LOAD ./Services/Stack/Stack.o
LOAD ./BSW/MCAL/TWI/src/TWI_program.o
LOAD ./BSW/MCAL/TIMER2/src/TIMER2_program.o
LOAD ./BSW/MCAL/TIMER1/src/TIMER1_program.o
LOAD ./BSW/MCAL/TIMER0/src/TIMER0_program.o
LOAD ./BSW/MCAL/PORT/src/PORT_program.o
LOAD ./BSW/MCAL/GIE/src/GIE_program.o
LOAD ./BSW/MCAL/EXT/src/EXTI_program.o
LOAD ./BSW/MCAL/DIO/src/DIO_Program.o
LOAD ./BSW/MCAL/ADC/src/ADC_program.o
LOAD ./BSW/HAL/EEPROM/src/EEPROM_program.o
LOAD ./BSW/HAL/CLCD/src/CLCD_program.o
LOAD ./App/TrafficLights/src/TrafficLightsControl.o
LOAD ./App/Fixed_Point/src/Fixed_Point.o
LOAD ./App/main.o
LOAD d:/eclipse/eclipse/winavr/bin/../lib/gcc/avr/4.3.3/avr5\libgcc.a
LOAD d:/eclipse/eclipse/winavr/bin/../lib/gcc/avr/4.3.3/../../../../avr/lib/avr5\libc.a
LOAD d:/eclipse/eclipse/winavr/bin/../lib/gcc/avr/4.3.3/avr5\libgcc.a

.hash
 *(.hash)

.dynsym
 *(.dynsym)

.dynstr
 *(.dynstr)

.gnu.version
 *(.gnu.version)

.gnu.version_d
 *(.gnu.version_d)

.gnu.version_r
 *(.gnu.version_r)

.rel.init
 *(.rel.init)

.rela.init
 *(.rela.init)

.rel.text
 *(.rel.text)
 *(.rel.text.*)
 *(.rel.gnu.linkonce.t*)

.rela.text
 *(.rela.text)
 *(.rela.text.*)
 *(.rela.gnu.linkonce.t*)

.rel.fini
 *(.rel.fini)

.rela.fini
 *(.rela.fini)

.rel.rodata
 *(.rel.rodata)
 *(.rel.rodata.*)
 *(.rel.gnu.linkonce.r*)

.rela.rodata
 *(.rela.rodata)
 *(.rela.rodata.*)
 *(.rela.gnu.linkonce.r*)

.rel.data
 *(.rel.data)
 *(.rel.data.*)
 *(.rel.gnu.linkonce.d*)

.rela.data
 *(.rela.data)
 *(.rela.data.*)
 *(.rela.gnu.linkonce.d*)

.rel.ctors
 *(.rel.ctors)

.rela.ctors
 *(.rela.ctors)

.rel.dtors
 *(.rel.dtors)

.rela.dtors
 *(.rela.dtors)

.rel.got
 *(.rel.got)

.rela.got
 *(.rela.got)

.rel.bss
 *(.rel.bss)

.rela.bss
 *(.rela.bss)

.rel.plt
 *(.rel.plt)

.rela.plt
 *(.rela.plt)

.text           0x00000000     0x3d12
 *(.vectors)
 .vectors       0x00000000       0x54 d:/eclipse/eclipse/winavr/bin/../lib/gcc/avr/4.3.3/../../../../avr/lib/avr5/crtm32.o
                0x00000000                __vectors
                0x00000000                __vector_default
 *(.vectors)
 *(.progmem.gcc*)
 *(.progmem*)
                0x00000054                . = ALIGN (0x2)
                0x00000054                __trampolines_start = .
 *(.trampolines)
 .trampolines   0x00000054        0x0 linker stubs
 *(.trampolines*)
                0x00000054                __trampolines_end = .
 *(.jumptables)
 *(.jumptables*)
 *(.lowtext)
 *(.lowtext*)
                0x00000054                __ctors_start = .
 *(.ctors)
                0x00000054                __ctors_end = .
                0x00000054                __dtors_start = .
 *(.dtors)
                0x00000054                __dtors_end = .
 SORT(*)(.ctors)
 SORT(*)(.dtors)
 *(.init0)
 .init0         0x00000054        0x0 d:/eclipse/eclipse/winavr/bin/../lib/gcc/avr/4.3.3/../../../../avr/lib/avr5/crtm32.o
                0x00000054                __init
 *(.init0)
 *(.init1)
 *(.init1)
 *(.init2)
 .init2         0x00000054        0xc d:/eclipse/eclipse/winavr/bin/../lib/gcc/avr/4.3.3/../../../../avr/lib/avr5/crtm32.o
 *(.init2)
 *(.init3)
 *(.init3)
 *(.init4)
 .init4         0x00000060       0x16 d:/eclipse/eclipse/winavr/bin/../lib/gcc/avr/4.3.3/avr5\libgcc.a(_copy_data.o)
                0x00000060                __do_copy_data
 .init4         0x00000076       0x10 d:/eclipse/eclipse/winavr/bin/../lib/gcc/avr/4.3.3/avr5\libgcc.a(_clear_bss.o)
                0x00000076                __do_clear_bss
 *(.init4)
 *(.init5)
 *(.init5)
 *(.init6)
 *(.init6)
 *(.init7)
 *(.init7)
 *(.init8)
 *(.init8)
 *(.init9)
 .init9         0x00000086        0x8 d:/eclipse/eclipse/winavr/bin/../lib/gcc/avr/4.3.3/../../../../avr/lib/avr5/crtm32.o
 *(.init9)
 *(.text)
 .text          0x0000008e        0x4 d:/eclipse/eclipse/winavr/bin/../lib/gcc/avr/4.3.3/../../../../avr/lib/avr5/crtm32.o
                0x0000008e                __vector_12
                0x0000008e                __bad_interrupt
                0x0000008e                __vector_13
                0x0000008e                __vector_17
                0x0000008e                __vector_19
                0x0000008e                __vector_15
                0x0000008e                __vector_14
                0x0000008e                __vector_18
                0x0000008e                __vector_20
 .text          0x00000092        0x0 ./Services/Stack/Stack.o
 .text          0x00000092        0x0 ./BSW/MCAL/TWI/src/TWI_program.o
 .text          0x00000092        0x0 ./BSW/MCAL/TIMER2/src/TIMER2_program.o
 .text          0x00000092        0x0 ./BSW/MCAL/TIMER1/src/TIMER1_program.o
 .text          0x00000092        0x0 ./BSW/MCAL/TIMER0/src/TIMER0_program.o
 .text          0x00000092        0x0 ./BSW/MCAL/PORT/src/PORT_program.o
 .text          0x00000092        0x0 ./BSW/MCAL/GIE/src/GIE_program.o
 .text          0x00000092        0x0 ./BSW/MCAL/EXT/src/EXTI_program.o
 .text          0x00000092        0x0 ./BSW/MCAL/DIO/src/DIO_Program.o
 .text          0x00000092        0x0 ./BSW/MCAL/ADC/src/ADC_program.o
 .text          0x00000092        0x0 ./BSW/HAL/EEPROM/src/EEPROM_program.o
 .text          0x00000092        0x0 ./BSW/HAL/CLCD/src/CLCD_program.o
 .text          0x00000092        0x0 ./App/TrafficLights/src/TrafficLightsControl.o
 .text          0x00000092        0x0 ./App/Fixed_Point/src/Fixed_Point.o
 .text          0x00000092        0x0 ./App/main.o
 .text          0x00000092        0x0 d:/eclipse/eclipse/winavr/bin/../lib/gcc/avr/4.3.3/avr5\libgcc.a(_mulsi3.o)
 .text          0x00000092        0x0 d:/eclipse/eclipse/winavr/bin/../lib/gcc/avr/4.3.3/avr5\libgcc.a(_udivmodhi4.o)
 .text          0x00000092        0x0 d:/eclipse/eclipse/winavr/bin/../lib/gcc/avr/4.3.3/avr5\libgcc.a(_divmodsi4.o)
 .text          0x00000092        0x0 d:/eclipse/eclipse/winavr/bin/../lib/gcc/avr/4.3.3/avr5\libgcc.a(_exit.o)
 .text          0x00000092        0x0 d:/eclipse/eclipse/winavr/bin/../lib/gcc/avr/4.3.3/avr5\libgcc.a(_copy_data.o)
 .text          0x00000092        0x0 d:/eclipse/eclipse/winavr/bin/../lib/gcc/avr/4.3.3/avr5\libgcc.a(_clear_bss.o)
 .text          0x00000092       0x58 d:/eclipse/eclipse/winavr/bin/../lib/gcc/avr/4.3.3/avr5\libgcc.a(_fixunssfsi.o)
                0x00000092                __fixunssfsi
 .text          0x000000ea      0x354 d:/eclipse/eclipse/winavr/bin/../lib/gcc/avr/4.3.3/avr5\libgcc.a(_addsub_sf.o)
                0x00000382                __subsf3
                0x000003e4                __addsf3
 .text          0x0000043e      0x1f4 d:/eclipse/eclipse/winavr/bin/../lib/gcc/avr/4.3.3/avr5\libgcc.a(_mul_sf.o)
                0x0000043e                __mulsf3
 .text          0x00000632      0x158 d:/eclipse/eclipse/winavr/bin/../lib/gcc/avr/4.3.3/avr5\libgcc.a(_div_sf.o)
                0x00000632                __divsf3
 .text          0x0000078a       0x60 d:/eclipse/eclipse/winavr/bin/../lib/gcc/avr/4.3.3/avr5\libgcc.a(_ge_sf.o)
                0x0000078a                __gesf2
 .text          0x000007ea       0x60 d:/eclipse/eclipse/winavr/bin/../lib/gcc/avr/4.3.3/avr5\libgcc.a(_lt_sf.o)
                0x000007ea                __ltsf2
 .text          0x0000084a       0xbc d:/eclipse/eclipse/winavr/bin/../lib/gcc/avr/4.3.3/avr5\libgcc.a(_si_to_sf.o)
                0x0000084a                __floatsisf
 .text          0x00000906       0xa8 d:/eclipse/eclipse/winavr/bin/../lib/gcc/avr/4.3.3/avr5\libgcc.a(_sf_to_si.o)
                0x00000906                __fixsfsi
 .text          0x000009ae        0x0 d:/eclipse/eclipse/winavr/bin/../lib/gcc/avr/4.3.3/avr5\libgcc.a(_thenan_sf.o)
 .text          0x000009ae       0xf2 d:/eclipse/eclipse/winavr/bin/../lib/gcc/avr/4.3.3/avr5\libgcc.a(_usi_to_sf.o)
                0x000009ae                __floatunsisf
 .text          0x00000aa0        0x0 d:/eclipse/eclipse/winavr/bin/../lib/gcc/avr/4.3.3/avr5\libgcc.a(_udivmodsi4.o)
 .text          0x00000aa0        0x0 d:/eclipse/eclipse/winavr/bin/../lib/gcc/avr/4.3.3/avr5\libgcc.a(_prologue.o)
 .text          0x00000aa0        0x0 d:/eclipse/eclipse/winavr/bin/../lib/gcc/avr/4.3.3/avr5\libgcc.a(_epilogue.o)
 .text          0x00000aa0       0x9e d:/eclipse/eclipse/winavr/bin/../lib/gcc/avr/4.3.3/avr5\libgcc.a(_clzsi2.o)
                0x00000aa0                __clzsi2
 .text          0x00000b3e      0x1aa d:/eclipse/eclipse/winavr/bin/../lib/gcc/avr/4.3.3/avr5\libgcc.a(_pack_sf.o)
                0x00000b3e                __pack_f
 .text          0x00000ce8       0xf0 d:/eclipse/eclipse/winavr/bin/../lib/gcc/avr/4.3.3/avr5\libgcc.a(_unpack_sf.o)
                0x00000ce8                __unpack_f
 .text          0x00000dd8       0xb2 d:/eclipse/eclipse/winavr/bin/../lib/gcc/avr/4.3.3/avr5\libgcc.a(_fpcmp_parts_sf.o)
                0x00000dd8                __fpcmp_parts_f
 .text          0x00000e8a        0x0 d:/eclipse/eclipse/winavr/bin/../lib/gcc/avr/4.3.3/avr5\libgcc.a(_clz.o)
 .text          0x00000e8a        0x0 d:/eclipse/eclipse/winavr/bin/../lib/gcc/avr/4.3.3/../../../../avr/lib/avr5\libc.a(malloc.o)
 .text          0x00000e8a        0x0 d:/eclipse/eclipse/winavr/bin/../lib/gcc/avr/4.3.3/../../../../avr/lib/avr5\libc.a(printf.o)
 .text          0x00000e8a        0x0 d:/eclipse/eclipse/winavr/bin/../lib/gcc/avr/4.3.3/../../../../avr/lib/avr5\libc.a(vfprintf_std.o)
 .text          0x00000e8a        0x0 d:/eclipse/eclipse/winavr/bin/../lib/gcc/avr/4.3.3/../../../../avr/lib/avr5\libc.a(strnlen_P.o)
 .text          0x00000e8a        0x0 d:/eclipse/eclipse/winavr/bin/../lib/gcc/avr/4.3.3/../../../../avr/lib/avr5\libc.a(strnlen.o)
 .text          0x00000e8a        0x0 d:/eclipse/eclipse/winavr/bin/../lib/gcc/avr/4.3.3/../../../../avr/lib/avr5\libc.a(fputc.o)
 .text          0x00000e8a        0x0 d:/eclipse/eclipse/winavr/bin/../lib/gcc/avr/4.3.3/../../../../avr/lib/avr5\libc.a(iob.o)
 .text          0x00000e8a        0x0 d:/eclipse/eclipse/winavr/bin/../lib/gcc/avr/4.3.3/../../../../avr/lib/avr5\libc.a(ultoa_invert.o)
                0x00000e8a                . = ALIGN (0x2)
 *(.text.*)
 .text.Stack_Full
                0x00000e8a       0x1a ./Services/Stack/Stack.o
 .text.Stack_Empty
                0x00000ea4       0x30 ./Services/Stack/Stack.o
 .text.Stack_Creation
                0x00000ed4       0x40 ./Services/Stack/Stack.o
                0x00000ed4                Stack_Creation
 .text.Stack_Push
                0x00000f14       0x9c ./Services/Stack/Stack.o
                0x00000f14                Stack_Push
 .text.Stack_Pop
                0x00000fb0       0xb4 ./Services/Stack/Stack.o
                0x00000fb0                Stack_Pop
 .text.Stack_Display
                0x00001064       0x98 ./Services/Stack/Stack.o
                0x00001064                Stack_Display
 .text.Clear_Stack
                0x000010fc       0x7c ./Services/Stack/Stack.o
                0x000010fc                Clear_Stack
 .text.Stack_Size
                0x00001178       0x4a ./Services/Stack/Stack.o
                0x00001178                Stack_Size
 .text.TWI_voidMasterInit
                0x000011c2       0x2a ./BSW/MCAL/TWI/src/TWI_program.o
                0x000011c2                TWI_voidMasterInit
 .text.TWI_voidStartCondition
                0x000011ec       0x22 ./BSW/MCAL/TWI/src/TWI_program.o
                0x000011ec                TWI_voidStartCondition
 .text.TWI_voidStopCondition
                0x0000120e       0x16 ./BSW/MCAL/TWI/src/TWI_program.o
                0x0000120e                TWI_voidStopCondition
 .text.TWI_voidSendData
                0x00001224       0x30 ./BSW/MCAL/TWI/src/TWI_program.o
                0x00001224                TWI_voidSendData
 .text.TWI_u8ReceiveData
                0x00001254       0x28 ./BSW/MCAL/TWI/src/TWI_program.o
                0x00001254                TWI_u8ReceiveData
 .text.TIMER2_DutyCycle
                0x0000127c       0x48 ./BSW/MCAL/TIMER2/src/TIMER2_program.o
                0x0000127c                TIMER2_DutyCycle
 .text.TIMER2_Delay
                0x000012c4       0x52 ./BSW/MCAL/TIMER2/src/TIMER2_program.o
                0x000012c4                TIMER2_Delay
 .text.TIMER2_voidInit
                0x00001316       0x44 ./BSW/MCAL/TIMER2/src/TIMER2_program.o
                0x00001316                TIMER2_voidInit
 .text.TIMER2_voiSetPreLoadValue
                0x0000135a       0x1c ./BSW/MCAL/TIMER2/src/TIMER2_program.o
                0x0000135a                TIMER2_voiSetPreLoadValue
 .text.TIMER2_voiSetCompareMatchValue
                0x00001376       0x1c ./BSW/MCAL/TIMER2/src/TIMER2_program.o
                0x00001376                TIMER2_voiSetCompareMatchValue
 .text.Timer2_Timer2OVFCallBackFunc
                0x00001392       0x3a ./BSW/MCAL/TIMER2/src/TIMER2_program.o
                0x00001392                Timer2_Timer2OVFCallBackFunc
 .text.Timer2_Timer2CTCCallBackFunc
                0x000013cc       0x3a ./BSW/MCAL/TIMER2/src/TIMER2_program.o
                0x000013cc                Timer2_Timer2CTCCallBackFunc
 .text.__vector_4
                0x00001406       0x5a ./BSW/MCAL/TIMER2/src/TIMER2_program.o
                0x00001406                __vector_4
 .text.__vector_5
                0x00001460       0x5a ./BSW/MCAL/TIMER2/src/TIMER2_program.o
                0x00001460                __vector_5
 .text.TIMER1_voidInit
                0x000014ba       0x4e ./BSW/MCAL/TIMER1/src/TIMER1_program.o
                0x000014ba                TIMER1_voidInit
 .text.TIMER1_voidSetChannelACompMatch
                0x00001508       0x24 ./BSW/MCAL/TIMER1/src/TIMER1_program.o
                0x00001508                TIMER1_voidSetChannelACompMatch
 .text.TIMER1_voidSetChannelBCompMatch
                0x0000152c       0x24 ./BSW/MCAL/TIMER1/src/TIMER1_program.o
                0x0000152c                TIMER1_voidSetChannelBCompMatch
 .text.TIMER1_voidSetICR
                0x00001550       0x24 ./BSW/MCAL/TIMER1/src/TIMER1_program.o
                0x00001550                TIMER1_voidSetICR
 .text.TIMER1_voidSetTimerValue
                0x00001574       0x24 ./BSW/MCAL/TIMER1/src/TIMER1_program.o
                0x00001574                TIMER1_voidSetTimerValue
 .text.TIMER1_uint16GetTimerValue
                0x00001598       0x16 ./BSW/MCAL/TIMER1/src/TIMER1_program.o
                0x00001598                TIMER1_uint16GetTimerValue
 .text.TIMER1_CTCASetCallBck
                0x000015ae       0x3a ./BSW/MCAL/TIMER1/src/TIMER1_program.o
                0x000015ae                TIMER1_CTCASetCallBck
 .text.TIMER1_CTCBSetCallBck
                0x000015e8       0x3a ./BSW/MCAL/TIMER1/src/TIMER1_program.o
                0x000015e8                TIMER1_CTCBSetCallBck
 .text.TIMER1_OVSetCallBck
                0x00001622       0x3a ./BSW/MCAL/TIMER1/src/TIMER1_program.o
                0x00001622                TIMER1_OVSetCallBck
 .text.TIMER1_CAPTURESetCallBck
                0x0000165c       0x3a ./BSW/MCAL/TIMER1/src/TIMER1_program.o
                0x0000165c                TIMER1_CAPTURESetCallBck
 .text.__vector_6
                0x00001696       0x64 ./BSW/MCAL/TIMER1/src/TIMER1_program.o
                0x00001696                __vector_6
 .text.__vector_7
                0x000016fa       0x5a ./BSW/MCAL/TIMER1/src/TIMER1_program.o
                0x000016fa                __vector_7
 .text.__vector_8
                0x00001754       0x5a ./BSW/MCAL/TIMER1/src/TIMER1_program.o
                0x00001754                __vector_8
 .text.__vector_9
                0x000017ae       0x5a ./BSW/MCAL/TIMER1/src/TIMER1_program.o
                0x000017ae                __vector_9
 .text.TIMER0_DutyCycle
                0x00001808       0x48 ./BSW/MCAL/TIMER0/src/TIMER0_program.o
                0x00001808                TIMER0_DutyCycle
 .text.TIMER0_Delay
                0x00001850       0x52 ./BSW/MCAL/TIMER0/src/TIMER0_program.o
                0x00001850                TIMER0_Delay
 .text.TIMER0_voidInit
                0x000018a2       0x44 ./BSW/MCAL/TIMER0/src/TIMER0_program.o
                0x000018a2                TIMER0_voidInit
 .text.TIMER0_voiSetPreLoadValue
                0x000018e6       0x1c ./BSW/MCAL/TIMER0/src/TIMER0_program.o
                0x000018e6                TIMER0_voiSetPreLoadValue
 .text.TIMER0_voiSetCompareMatchValue
                0x00001902       0x1c ./BSW/MCAL/TIMER0/src/TIMER0_program.o
                0x00001902                TIMER0_voiSetCompareMatchValue
 .text.Timer0_Timer0OVFCallBackFunc
                0x0000191e       0x3a ./BSW/MCAL/TIMER0/src/TIMER0_program.o
                0x0000191e                Timer0_Timer0OVFCallBackFunc
 .text.Timer0_Timer0CTCCallBackFunc
                0x00001958       0x3a ./BSW/MCAL/TIMER0/src/TIMER0_program.o
                0x00001958                Timer0_Timer0CTCCallBackFunc
 .text.__vector_10
                0x00001992       0x5a ./BSW/MCAL/TIMER0/src/TIMER0_program.o
                0x00001992                __vector_10
 .text.__vector_11
                0x000019ec       0x5a ./BSW/MCAL/TIMER0/src/TIMER0_program.o
                0x000019ec                __vector_11
 .text.PORT_voidInit
                0x00001a46       0x42 ./BSW/MCAL/PORT/src/PORT_program.o
                0x00001a46                PORT_voidInit
 .text.GIE_Enable
                0x00001a88       0x1c ./BSW/MCAL/GIE/src/GIE_program.o
                0x00001a88                GIE_Enable
 .text.GIE_Disable
                0x00001aa4       0x1c ./BSW/MCAL/GIE/src/GIE_program.o
                0x00001aa4                GIE_Disable
 .text.EXTI_voidInt0Init
                0x00001ac0       0x38 ./BSW/MCAL/EXT/src/EXTI_program.o
                0x00001ac0                EXTI_voidInt0Init
 .text.EXTI_voidInt1Init
                0x00001af8       0x2a ./BSW/MCAL/EXT/src/EXTI_program.o
                0x00001af8                EXTI_voidInt1Init
 .text.EXTI_voidInt2Init
                0x00001b22       0x1c ./BSW/MCAL/EXT/src/EXTI_program.o
                0x00001b22                EXTI_voidInt2Init
 .text.EXTI_uint8IntSetSenseControl
                0x00001b3e      0x206 ./BSW/MCAL/EXT/src/EXTI_program.o
                0x00001b3e                EXTI_uint8IntSetSenseControl
 .text.EXTI_uint8IntEnable
                0x00001d44       0x7c ./BSW/MCAL/EXT/src/EXTI_program.o
                0x00001d44                EXTI_uint8IntEnable
 .text.EXTI_uint8IntDisable
                0x00001dc0       0x7c ./BSW/MCAL/EXT/src/EXTI_program.o
                0x00001dc0                EXTI_uint8IntDisable
 .text.EXTI_uint8Int0SetCallBack
                0x00001e3c       0x3a ./BSW/MCAL/EXT/src/EXTI_program.o
                0x00001e3c                EXTI_uint8Int0SetCallBack
 .text.EXTI_uint8Int1SetCallBack
                0x00001e76       0x3a ./BSW/MCAL/EXT/src/EXTI_program.o
                0x00001e76                EXTI_uint8Int1SetCallBack
 .text.EXTI_uint8Int2SetCallBack
                0x00001eb0       0x3a ./BSW/MCAL/EXT/src/EXTI_program.o
                0x00001eb0                EXTI_uint8Int2SetCallBack
 .text.__vector_1
                0x00001eea       0x66 ./BSW/MCAL/EXT/src/EXTI_program.o
                0x00001eea                __vector_1
 .text.__vector_2
                0x00001f50       0x66 ./BSW/MCAL/EXT/src/EXTI_program.o
                0x00001f50                __vector_2
 .text.__vector_3
                0x00001fb6       0x66 ./BSW/MCAL/EXT/src/EXTI_program.o
                0x00001fb6                __vector_3
 .text.DIO_SetPortVal
                0x0000201c       0x96 ./BSW/MCAL/DIO/src/DIO_Program.o
                0x0000201c                DIO_SetPortVal
 .text.DIO_SetPinVal
                0x000020b2      0x21c ./BSW/MCAL/DIO/src/DIO_Program.o
                0x000020b2                DIO_SetPinVal
 .text.DIO_SetPortDir
                0x000022ce       0x96 ./BSW/MCAL/DIO/src/DIO_Program.o
                0x000022ce                DIO_SetPortDir
 .text.DIO_SetPinDir
                0x00002364      0x21c ./BSW/MCAL/DIO/src/DIO_Program.o
                0x00002364                DIO_SetPinDir
 .text.DIO_GetPinVal
                0x00002580      0x12a ./BSW/MCAL/DIO/src/DIO_Program.o
                0x00002580                DIO_GetPinVal
 .text.DIO_GetPortVal
                0x000026aa       0xaa ./BSW/MCAL/DIO/src/DIO_Program.o
                0x000026aa                DIO_GetPortVal
 .text.ADC_voidInit
                0x00002754       0x50 ./BSW/MCAL/ADC/src/ADC_program.o
                0x00002754                ADC_voidInit
 .text.ADC_uint8StartConversionSynchronus
                0x000027a4       0xda ./BSW/MCAL/ADC/src/ADC_program.o
                0x000027a4                ADC_uint8StartConversionSynchronus
 .text.ADC_uint8StartConversionASynchronus
                0x0000287e       0x78 ./BSW/MCAL/ADC/src/ADC_program.o
                0x0000287e                ADC_uint8StartConversionASynchronus
 .text.__vector_16
                0x000028f6       0x6e ./BSW/MCAL/ADC/src/ADC_program.o
                0x000028f6                __vector_16
 .text.EEPROM_Init
                0x00002964       0x12 ./BSW/HAL/EEPROM/src/EEPROM_program.o
                0x00002964                EEPROM_Init
 .text.EEPROM_voidSendData
                0x00002976       0x3e ./BSW/HAL/EEPROM/src/EEPROM_program.o
                0x00002976                EEPROM_voidSendData
 .text.EEPROM_voidReceiveData
                0x000029b4       0x52 ./BSW/HAL/EEPROM/src/EEPROM_program.o
                0x000029b4                EEPROM_voidReceiveData
 .text.delay_ms
                0x00002a06       0x92 ./BSW/HAL/CLCD/src/CLCD_program.o
                0x00002a06                delay_ms
 .text.CLCD_voidSendCommand
                0x00002a98       0x4c ./BSW/HAL/CLCD/src/CLCD_program.o
                0x00002a98                CLCD_voidSendCommand
 .text.CLCD_voidInit
                0x00002ae4       0x28 ./BSW/HAL/CLCD/src/CLCD_program.o
                0x00002ae4                CLCD_voidInit
 .text.CLCD_voidSendData
                0x00002b0c       0x4c ./BSW/HAL/CLCD/src/CLCD_program.o
                0x00002b0c                CLCD_voidSendData
 .text.CLCD_voidSendString
                0x00002b58       0x52 ./BSW/HAL/CLCD/src/CLCD_program.o
                0x00002b58                CLCD_voidSendString
 .text.CLCD_voidGoToXY
                0x00002baa       0x3c ./BSW/HAL/CLCD/src/CLCD_program.o
                0x00002baa                CLCD_voidGoToXY
 .text.CLCD_voidWriteNumber
                0x00002be6      0x274 ./BSW/HAL/CLCD/src/CLCD_program.o
                0x00002be6                CLCD_voidWriteNumber
 .text.CLCD_voidWriteSpecialChar
                0x00002e5a       0x82 ./BSW/HAL/CLCD/src/CLCD_program.o
                0x00002e5a                CLCD_voidWriteSpecialChar
 .text.HandleGreenState
                0x00002edc       0x22 ./App/TrafficLights/src/TrafficLightsControl.o
 .text.HandleRedState
                0x00002efe       0x2c ./App/TrafficLights/src/TrafficLightsControl.o
 .text.HandleyellowState
                0x00002f2a       0x2c ./App/TrafficLights/src/TrafficLightsControl.o
 .text.TimerISR
                0x00002f56       0x20 ./App/TrafficLights/src/TrafficLightsControl.o
                0x00002f56                TimerISR
 .text.TrafficLightInit
                0x00002f76       0x44 ./App/TrafficLights/src/TrafficLightsControl.o
                0x00002f76                TrafficLightInit
 .text.Traffic_Handler
                0x00002fba       0xd0 ./App/TrafficLights/src/TrafficLightsControl.o
                0x00002fba                Traffic_Handler
 .text.TrafficLightMainFunction
                0x0000308a       0x88 ./App/TrafficLights/src/TrafficLightsControl.o
                0x0000308a                TrafficLightMainFunction
 .text.Fixed_FromFloat
                0x00003112       0x5a ./App/Fixed_Point/src/Fixed_Point.o
 .text.Fixed_FromInt
                0x0000316c       0x1e ./App/Fixed_Point/src/Fixed_Point.o
 .text.Fixed_ToInt
                0x0000318a       0x2a ./App/Fixed_Point/src/Fixed_Point.o
 .text.Fixed_ToFloat
                0x000031b4       0xfa ./App/Fixed_Point/src/Fixed_Point.o
 .text.Fixed_Add
                0x000032ae       0x72 ./App/Fixed_Point/src/Fixed_Point.o
                0x000032ae                Fixed_Add
 .text.Fixed_Sub
                0x00003320       0x76 ./App/Fixed_Point/src/Fixed_Point.o
                0x00003320                Fixed_Sub
 .text.Fixed_Mul
                0x00003396       0xb8 ./App/Fixed_Point/src/Fixed_Point.o
                0x00003396                Fixed_Mul
 .text.Fixed_Div
                0x0000344e       0x36 ./App/Fixed_Point/src/Fixed_Point.o
                0x0000344e                Fixed_Div
 .text.main     0x00003484        0xe ./App/main.o
                0x00003484                main
 .text.libgcc   0x00003492       0x3e d:/eclipse/eclipse/winavr/bin/../lib/gcc/avr/4.3.3/avr5\libgcc.a(_mulsi3.o)
                0x00003492                __mulsi3
 .text.libgcc   0x000034d0       0x28 d:/eclipse/eclipse/winavr/bin/../lib/gcc/avr/4.3.3/avr5\libgcc.a(_udivmodhi4.o)
                0x000034d0                __udivmodhi4
 .text.libgcc   0x000034f8       0x36 d:/eclipse/eclipse/winavr/bin/../lib/gcc/avr/4.3.3/avr5\libgcc.a(_divmodsi4.o)
                0x000034f8                __divmodsi4
 .text.libgcc   0x0000352e        0x0 d:/eclipse/eclipse/winavr/bin/../lib/gcc/avr/4.3.3/avr5\libgcc.a(_exit.o)
 .text.libgcc   0x0000352e        0x0 d:/eclipse/eclipse/winavr/bin/../lib/gcc/avr/4.3.3/avr5\libgcc.a(_copy_data.o)
 .text.libgcc   0x0000352e        0x0 d:/eclipse/eclipse/winavr/bin/../lib/gcc/avr/4.3.3/avr5\libgcc.a(_clear_bss.o)
 .text.libgcc   0x0000352e       0x44 d:/eclipse/eclipse/winavr/bin/../lib/gcc/avr/4.3.3/avr5\libgcc.a(_udivmodsi4.o)
                0x0000352e                __udivmodsi4
 .text.libgcc   0x00003572       0x38 d:/eclipse/eclipse/winavr/bin/../lib/gcc/avr/4.3.3/avr5\libgcc.a(_prologue.o)
                0x00003572                __prologue_saves__
 .text.libgcc   0x000035aa       0x36 d:/eclipse/eclipse/winavr/bin/../lib/gcc/avr/4.3.3/avr5\libgcc.a(_epilogue.o)
                0x000035aa                __epilogue_restores__
 .text.avr-libc
                0x000035e0      0x20a d:/eclipse/eclipse/winavr/bin/../lib/gcc/avr/4.3.3/../../../../avr/lib/avr5\libc.a(malloc.o)
                0x000035e0                malloc
                0x0000373a                free
 .text.avr-libc
                0x000037ea       0x2a d:/eclipse/eclipse/winavr/bin/../lib/gcc/avr/4.3.3/../../../../avr/lib/avr5\libc.a(printf.o)
                0x000037ea                printf
 .text.avr-libc
                0x00003814      0x3ba d:/eclipse/eclipse/winavr/bin/../lib/gcc/avr/4.3.3/../../../../avr/lib/avr5\libc.a(vfprintf_std.o)
                0x00003814                vfprintf
 .text.avr-libc
                0x00003bce       0x16 d:/eclipse/eclipse/winavr/bin/../lib/gcc/avr/4.3.3/../../../../avr/lib/avr5\libc.a(strnlen_P.o)
                0x00003bce                strnlen_P
 .text.avr-libc
                0x00003be4       0x16 d:/eclipse/eclipse/winavr/bin/../lib/gcc/avr/4.3.3/../../../../avr/lib/avr5\libc.a(strnlen.o)
                0x00003be4                strnlen
 .text.avr-libc
                0x00003bfa       0x58 d:/eclipse/eclipse/winavr/bin/../lib/gcc/avr/4.3.3/../../../../avr/lib/avr5\libc.a(fputc.o)
                0x00003bfa                fputc
 .text.avr-libc
                0x00003c52       0xbc d:/eclipse/eclipse/winavr/bin/../lib/gcc/avr/4.3.3/../../../../avr/lib/avr5\libc.a(ultoa_invert.o)
                0x00003c52                __ultoa_invert
                0x00003d0e                . = ALIGN (0x2)
 *(.fini9)
 .fini9         0x00003d0e        0x0 d:/eclipse/eclipse/winavr/bin/../lib/gcc/avr/4.3.3/avr5\libgcc.a(_exit.o)
                0x00003d0e                exit
                0x00003d0e                _exit
 *(.fini9)
 *(.fini8)
 *(.fini8)
 *(.fini7)
 *(.fini7)
 *(.fini6)
 *(.fini6)
 *(.fini5)
 *(.fini5)
 *(.fini4)
 *(.fini4)
 *(.fini3)
 *(.fini3)
 *(.fini2)
 *(.fini2)
 *(.fini1)
 *(.fini1)
 *(.fini0)
 .fini0         0x00003d0e        0x4 d:/eclipse/eclipse/winavr/bin/../lib/gcc/avr/4.3.3/avr5\libgcc.a(_exit.o)
 *(.fini0)
                0x00003d12                _etext = .

.data           0x00800060      0x130 load address 0x00003d12
                0x00800060                PROVIDE (__data_start, .)
 *(.data)
 .data          0x00800060        0x0 d:/eclipse/eclipse/winavr/bin/../lib/gcc/avr/4.3.3/../../../../avr/lib/avr5/crtm32.o
 .data          0x00800060       0x20 ./Services/Stack/Stack.o
 .data          0x00800080        0x0 ./BSW/MCAL/TWI/src/TWI_program.o
 .data          0x00800080        0x0 ./BSW/MCAL/TIMER2/src/TIMER2_program.o
 .data          0x00800080        0x0 ./BSW/MCAL/TIMER1/src/TIMER1_program.o
 .data          0x00800080        0x0 ./BSW/MCAL/TIMER0/src/TIMER0_program.o
 .data          0x00800080        0x0 ./BSW/MCAL/PORT/src/PORT_program.o
 .data          0x00800080        0x0 ./BSW/MCAL/GIE/src/GIE_program.o
 .data          0x00800080        0x0 ./BSW/MCAL/EXT/src/EXTI_program.o
 .data          0x00800080        0x0 ./BSW/MCAL/DIO/src/DIO_Program.o
 .data          0x00800080        0x0 ./BSW/MCAL/ADC/src/ADC_program.o
 .data          0x00800080        0x0 ./BSW/HAL/EEPROM/src/EEPROM_program.o
 .data          0x00800080        0x0 ./BSW/HAL/CLCD/src/CLCD_program.o
 .data          0x00800080        0x0 ./App/TrafficLights/src/TrafficLightsControl.o
 .data          0x00800080        0x0 ./App/Fixed_Point/src/Fixed_Point.o
 .data          0x00800080        0x0 ./App/main.o
 .data          0x00800080        0x0 d:/eclipse/eclipse/winavr/bin/../lib/gcc/avr/4.3.3/avr5\libgcc.a(_mulsi3.o)
 .data          0x00800080        0x0 d:/eclipse/eclipse/winavr/bin/../lib/gcc/avr/4.3.3/avr5\libgcc.a(_udivmodhi4.o)
 .data          0x00800080        0x0 d:/eclipse/eclipse/winavr/bin/../lib/gcc/avr/4.3.3/avr5\libgcc.a(_divmodsi4.o)
 .data          0x00800080        0x0 d:/eclipse/eclipse/winavr/bin/../lib/gcc/avr/4.3.3/avr5\libgcc.a(_exit.o)
 .data          0x00800080        0x0 d:/eclipse/eclipse/winavr/bin/../lib/gcc/avr/4.3.3/avr5\libgcc.a(_copy_data.o)
 .data          0x00800080        0x0 d:/eclipse/eclipse/winavr/bin/../lib/gcc/avr/4.3.3/avr5\libgcc.a(_clear_bss.o)
 .data          0x00800080        0x0 d:/eclipse/eclipse/winavr/bin/../lib/gcc/avr/4.3.3/avr5\libgcc.a(_fixunssfsi.o)
 .data          0x00800080        0x0 d:/eclipse/eclipse/winavr/bin/../lib/gcc/avr/4.3.3/avr5\libgcc.a(_addsub_sf.o)
 .data          0x00800080        0x0 d:/eclipse/eclipse/winavr/bin/../lib/gcc/avr/4.3.3/avr5\libgcc.a(_mul_sf.o)
 .data          0x00800080        0x0 d:/eclipse/eclipse/winavr/bin/../lib/gcc/avr/4.3.3/avr5\libgcc.a(_div_sf.o)
 .data          0x00800080        0x0 d:/eclipse/eclipse/winavr/bin/../lib/gcc/avr/4.3.3/avr5\libgcc.a(_ge_sf.o)
 .data          0x00800080        0x0 d:/eclipse/eclipse/winavr/bin/../lib/gcc/avr/4.3.3/avr5\libgcc.a(_lt_sf.o)
 .data          0x00800080        0x0 d:/eclipse/eclipse/winavr/bin/../lib/gcc/avr/4.3.3/avr5\libgcc.a(_si_to_sf.o)
 .data          0x00800080        0x0 d:/eclipse/eclipse/winavr/bin/../lib/gcc/avr/4.3.3/avr5\libgcc.a(_sf_to_si.o)
 .data          0x00800080        0x8 d:/eclipse/eclipse/winavr/bin/../lib/gcc/avr/4.3.3/avr5\libgcc.a(_thenan_sf.o)
                0x00800080                __thenan_sf
 .data          0x00800088        0x0 d:/eclipse/eclipse/winavr/bin/../lib/gcc/avr/4.3.3/avr5\libgcc.a(_usi_to_sf.o)
 .data          0x00800088        0x0 d:/eclipse/eclipse/winavr/bin/../lib/gcc/avr/4.3.3/avr5\libgcc.a(_udivmodsi4.o)
 .data          0x00800088        0x0 d:/eclipse/eclipse/winavr/bin/../lib/gcc/avr/4.3.3/avr5\libgcc.a(_prologue.o)
 .data          0x00800088        0x0 d:/eclipse/eclipse/winavr/bin/../lib/gcc/avr/4.3.3/avr5\libgcc.a(_epilogue.o)
 .data          0x00800088        0x0 d:/eclipse/eclipse/winavr/bin/../lib/gcc/avr/4.3.3/avr5\libgcc.a(_clzsi2.o)
 .data          0x00800088        0x0 d:/eclipse/eclipse/winavr/bin/../lib/gcc/avr/4.3.3/avr5\libgcc.a(_pack_sf.o)
 .data          0x00800088        0x0 d:/eclipse/eclipse/winavr/bin/../lib/gcc/avr/4.3.3/avr5\libgcc.a(_unpack_sf.o)
 .data          0x00800088        0x0 d:/eclipse/eclipse/winavr/bin/../lib/gcc/avr/4.3.3/avr5\libgcc.a(_fpcmp_parts_sf.o)
 .data          0x00800088      0x100 d:/eclipse/eclipse/winavr/bin/../lib/gcc/avr/4.3.3/avr5\libgcc.a(_clz.o)
                0x00800088                __clz_tab
 .data          0x00800188        0x6 d:/eclipse/eclipse/winavr/bin/../lib/gcc/avr/4.3.3/../../../../avr/lib/avr5\libc.a(malloc.o)
                0x0080018a                __malloc_heap_start
                0x0080018c                __malloc_heap_end
                0x00800188                __malloc_margin
 .data          0x0080018e        0x0 d:/eclipse/eclipse/winavr/bin/../lib/gcc/avr/4.3.3/../../../../avr/lib/avr5\libc.a(printf.o)
 .data          0x0080018e        0x0 d:/eclipse/eclipse/winavr/bin/../lib/gcc/avr/4.3.3/../../../../avr/lib/avr5\libc.a(vfprintf_std.o)
 .data          0x0080018e        0x0 d:/eclipse/eclipse/winavr/bin/../lib/gcc/avr/4.3.3/../../../../avr/lib/avr5\libc.a(strnlen_P.o)
 .data          0x0080018e        0x0 d:/eclipse/eclipse/winavr/bin/../lib/gcc/avr/4.3.3/../../../../avr/lib/avr5\libc.a(strnlen.o)
 .data          0x0080018e        0x0 d:/eclipse/eclipse/winavr/bin/../lib/gcc/avr/4.3.3/../../../../avr/lib/avr5\libc.a(fputc.o)
 .data          0x0080018e        0x0 d:/eclipse/eclipse/winavr/bin/../lib/gcc/avr/4.3.3/../../../../avr/lib/avr5\libc.a(iob.o)
 .data          0x0080018e        0x0 d:/eclipse/eclipse/winavr/bin/../lib/gcc/avr/4.3.3/../../../../avr/lib/avr5\libc.a(ultoa_invert.o)
 *(.data*)
 .data.last_handled_time
                0x0080018e        0x2 ./App/TrafficLights/src/TrafficLightsControl.o
                0x0080018e                last_handled_time
 *(.rodata)
 *(.rodata*)
 *(.gnu.linkonce.d*)
                0x00800190                . = ALIGN (0x2)
                0x00800190                _edata = .
                0x00800190                PROVIDE (__data_end, .)

.bss            0x00800190       0x2e
                0x00800190                PROVIDE (__bss_start, .)
 *(.bss)
 .bss           0x00800190        0x0 d:/eclipse/eclipse/winavr/bin/../lib/gcc/avr/4.3.3/../../../../avr/lib/avr5/crtm32.o
 .bss           0x00800190        0x0 ./Services/Stack/Stack.o
 .bss           0x00800190        0x0 ./BSW/MCAL/TWI/src/TWI_program.o
 .bss           0x00800190        0x0 ./BSW/MCAL/TIMER2/src/TIMER2_program.o
 .bss           0x00800190        0x0 ./BSW/MCAL/TIMER1/src/TIMER1_program.o
 .bss           0x00800190        0x0 ./BSW/MCAL/TIMER0/src/TIMER0_program.o
 .bss           0x00800190        0x0 ./BSW/MCAL/PORT/src/PORT_program.o
 .bss           0x00800190        0x0 ./BSW/MCAL/GIE/src/GIE_program.o
 .bss           0x00800190        0x0 ./BSW/MCAL/EXT/src/EXTI_program.o
 .bss           0x00800190        0x0 ./BSW/MCAL/DIO/src/DIO_Program.o
 .bss           0x00800190        0x0 ./BSW/MCAL/ADC/src/ADC_program.o
 .bss           0x00800190        0x0 ./BSW/HAL/EEPROM/src/EEPROM_program.o
 .bss           0x00800190        0x0 ./BSW/HAL/CLCD/src/CLCD_program.o
 .bss           0x00800190        0x0 ./App/TrafficLights/src/TrafficLightsControl.o
 .bss           0x00800190        0x0 ./App/Fixed_Point/src/Fixed_Point.o
 .bss           0x00800190        0x0 ./App/main.o
 .bss           0x00800190        0x0 d:/eclipse/eclipse/winavr/bin/../lib/gcc/avr/4.3.3/avr5\libgcc.a(_mulsi3.o)
 .bss           0x00800190        0x0 d:/eclipse/eclipse/winavr/bin/../lib/gcc/avr/4.3.3/avr5\libgcc.a(_udivmodhi4.o)
 .bss           0x00800190        0x0 d:/eclipse/eclipse/winavr/bin/../lib/gcc/avr/4.3.3/avr5\libgcc.a(_divmodsi4.o)
 .bss           0x00800190        0x0 d:/eclipse/eclipse/winavr/bin/../lib/gcc/avr/4.3.3/avr5\libgcc.a(_exit.o)
 .bss           0x00800190        0x0 d:/eclipse/eclipse/winavr/bin/../lib/gcc/avr/4.3.3/avr5\libgcc.a(_copy_data.o)
 .bss           0x00800190        0x0 d:/eclipse/eclipse/winavr/bin/../lib/gcc/avr/4.3.3/avr5\libgcc.a(_clear_bss.o)
 .bss           0x00800190        0x0 d:/eclipse/eclipse/winavr/bin/../lib/gcc/avr/4.3.3/avr5\libgcc.a(_fixunssfsi.o)
 .bss           0x00800190        0x0 d:/eclipse/eclipse/winavr/bin/../lib/gcc/avr/4.3.3/avr5\libgcc.a(_addsub_sf.o)
 .bss           0x00800190        0x0 d:/eclipse/eclipse/winavr/bin/../lib/gcc/avr/4.3.3/avr5\libgcc.a(_mul_sf.o)
 .bss           0x00800190        0x0 d:/eclipse/eclipse/winavr/bin/../lib/gcc/avr/4.3.3/avr5\libgcc.a(_div_sf.o)
 .bss           0x00800190        0x0 d:/eclipse/eclipse/winavr/bin/../lib/gcc/avr/4.3.3/avr5\libgcc.a(_ge_sf.o)
 .bss           0x00800190        0x0 d:/eclipse/eclipse/winavr/bin/../lib/gcc/avr/4.3.3/avr5\libgcc.a(_lt_sf.o)
 .bss           0x00800190        0x0 d:/eclipse/eclipse/winavr/bin/../lib/gcc/avr/4.3.3/avr5\libgcc.a(_si_to_sf.o)
 .bss           0x00800190        0x0 d:/eclipse/eclipse/winavr/bin/../lib/gcc/avr/4.3.3/avr5\libgcc.a(_sf_to_si.o)
 .bss           0x00800190        0x0 d:/eclipse/eclipse/winavr/bin/../lib/gcc/avr/4.3.3/avr5\libgcc.a(_thenan_sf.o)
 .bss           0x00800190        0x0 d:/eclipse/eclipse/winavr/bin/../lib/gcc/avr/4.3.3/avr5\libgcc.a(_usi_to_sf.o)
 .bss           0x00800190        0x0 d:/eclipse/eclipse/winavr/bin/../lib/gcc/avr/4.3.3/avr5\libgcc.a(_udivmodsi4.o)
 .bss           0x00800190        0x0 d:/eclipse/eclipse/winavr/bin/../lib/gcc/avr/4.3.3/avr5\libgcc.a(_prologue.o)
 .bss           0x00800190        0x0 d:/eclipse/eclipse/winavr/bin/../lib/gcc/avr/4.3.3/avr5\libgcc.a(_epilogue.o)
 .bss           0x00800190        0x0 d:/eclipse/eclipse/winavr/bin/../lib/gcc/avr/4.3.3/avr5\libgcc.a(_clzsi2.o)
 .bss           0x00800190        0x0 d:/eclipse/eclipse/winavr/bin/../lib/gcc/avr/4.3.3/avr5\libgcc.a(_pack_sf.o)
 .bss           0x00800190        0x0 d:/eclipse/eclipse/winavr/bin/../lib/gcc/avr/4.3.3/avr5\libgcc.a(_unpack_sf.o)
 .bss           0x00800190        0x0 d:/eclipse/eclipse/winavr/bin/../lib/gcc/avr/4.3.3/avr5\libgcc.a(_fpcmp_parts_sf.o)
 .bss           0x00800190        0x0 d:/eclipse/eclipse/winavr/bin/../lib/gcc/avr/4.3.3/avr5\libgcc.a(_clz.o)
 .bss           0x00800190        0x0 d:/eclipse/eclipse/winavr/bin/../lib/gcc/avr/4.3.3/../../../../avr/lib/avr5\libc.a(malloc.o)
 .bss           0x00800190        0x0 d:/eclipse/eclipse/winavr/bin/../lib/gcc/avr/4.3.3/../../../../avr/lib/avr5\libc.a(printf.o)
 .bss           0x00800190        0x0 d:/eclipse/eclipse/winavr/bin/../lib/gcc/avr/4.3.3/../../../../avr/lib/avr5\libc.a(vfprintf_std.o)
 .bss           0x00800190        0x0 d:/eclipse/eclipse/winavr/bin/../lib/gcc/avr/4.3.3/../../../../avr/lib/avr5\libc.a(strnlen_P.o)
 .bss           0x00800190        0x0 d:/eclipse/eclipse/winavr/bin/../lib/gcc/avr/4.3.3/../../../../avr/lib/avr5\libc.a(strnlen.o)
 .bss           0x00800190        0x0 d:/eclipse/eclipse/winavr/bin/../lib/gcc/avr/4.3.3/../../../../avr/lib/avr5\libc.a(fputc.o)
 .bss           0x00800190        0x0 d:/eclipse/eclipse/winavr/bin/../lib/gcc/avr/4.3.3/../../../../avr/lib/avr5\libc.a(iob.o)
 .bss           0x00800190        0x0 d:/eclipse/eclipse/winavr/bin/../lib/gcc/avr/4.3.3/../../../../avr/lib/avr5\libc.a(ultoa_invert.o)
 *(.bss*)
 .bss.Global_PvCompareMatch
                0x00800190        0x2 ./BSW/MCAL/TIMER2/src/TIMER2_program.o
 .bss.Global_PvOverFlow
                0x00800192        0x2 ./BSW/MCAL/TIMER2/src/TIMER2_program.o
 .bss.TIMER1_pvCallBackFunc_CTC_A
                0x00800194        0x2 ./BSW/MCAL/TIMER1/src/TIMER1_program.o
 .bss.TIMER1_pvCallBackFunc_CTC_B
                0x00800196        0x2 ./BSW/MCAL/TIMER1/src/TIMER1_program.o
 .bss.TIMER1_pvCallBackFunc_OV
                0x00800198        0x2 ./BSW/MCAL/TIMER1/src/TIMER1_program.o
 .bss.TIMER1_pvCallBackFunc_CaptEvnt
                0x0080019a        0x2 ./BSW/MCAL/TIMER1/src/TIMER1_program.o
 .bss.Global_PvCompareMatch
                0x0080019c        0x2 ./BSW/MCAL/TIMER0/src/TIMER0_program.o
 .bss.Global_PvOverFlow
                0x0080019e        0x2 ./BSW/MCAL/TIMER0/src/TIMER0_program.o
 .bss.Global_EXTI_pvInt0Func
                0x008001a0        0x2 ./BSW/MCAL/EXT/src/EXTI_program.o
 .bss.Global_EXTI_pvInt1Func
                0x008001a2        0x2 ./BSW/MCAL/EXT/src/EXTI_program.o
 .bss.Global_EXTI_pvInt2Func
                0x008001a4        0x2 ./BSW/MCAL/EXT/src/EXTI_program.o
 .bss.Global_PvNotifacation
                0x008001a6        0x2 ./BSW/MCAL/ADC/src/ADC_program.o
 .bss.Global_uint16PuReading
                0x008001a8        0x2 ./BSW/MCAL/ADC/src/ADC_program.o
 .bss.timer_counter
                0x008001aa        0x2 ./App/TrafficLights/src/TrafficLightsControl.o
                0x008001aa                timer_counter
 *(COMMON)
 COMMON         0x008001ac        0x8 ./App/TrafficLights/src/TrafficLightsControl.o
                0x008001ac                Local_Variable
                0x008001ae                TrafficStack
 COMMON         0x008001b4        0x4 d:/eclipse/eclipse/winavr/bin/../lib/gcc/avr/4.3.3/../../../../avr/lib/avr5\libc.a(malloc.o)
                0x008001b4                __brkval
                0x008001b6                __flp
 COMMON         0x008001b8        0x6 d:/eclipse/eclipse/winavr/bin/../lib/gcc/avr/4.3.3/../../../../avr/lib/avr5\libc.a(iob.o)
                0x008001b8                __iob
                0x008001be                PROVIDE (__bss_end, .)
                0x00003d12                __data_load_start = LOADADDR (.data)
                0x00003e42                __data_load_end = (__data_load_start + SIZEOF (.data))

.noinit         0x008001be        0x0
                0x008001be                PROVIDE (__noinit_start, .)
 *(.noinit*)
                0x008001be                PROVIDE (__noinit_end, .)
                0x008001be                _end = .
                0x008001be                PROVIDE (__heap_start, .)

.eeprom         0x00810000        0x0
 *(.eeprom*)
                0x00810000                __eeprom_end = .

.fuse
 *(.fuse)
 *(.lfuse)
 *(.hfuse)
 *(.efuse)

.lock
 *(.lock*)

.signature
 *(.signature*)

.stab           0x00000000     0x5010
 *(.stab)
 .stab          0x00000000      0x96c ./Services/Stack/Stack.o
 .stab          0x0000096c      0x318 ./BSW/MCAL/TWI/src/TWI_program.o
                                0x324 (size before relaxing)
 .stab          0x00000c84      0x5b8 ./BSW/MCAL/TIMER2/src/TIMER2_program.o
                                0x5c4 (size before relaxing)
 .stab          0x0000123c      0x6fc ./BSW/MCAL/TIMER1/src/TIMER1_program.o
                                0x708 (size before relaxing)
 .stab          0x00001938      0x5ac ./BSW/MCAL/TIMER0/src/TIMER0_program.o
                                0x5b8 (size before relaxing)
 .stab          0x00001ee4      0x1f8 ./BSW/MCAL/PORT/src/PORT_program.o
                                0x204 (size before relaxing)
 .stab          0x000020dc      0x1d4 ./BSW/MCAL/GIE/src/GIE_program.o
                                0x1e0 (size before relaxing)
 .stab          0x000022b0      0x768 ./BSW/MCAL/EXT/src/EXTI_program.o
                                0x774 (size before relaxing)
 .stab          0x00002a18      0x7c8 ./BSW/MCAL/DIO/src/DIO_Program.o
                                0x7d4 (size before relaxing)
 .stab          0x000031e0      0x4f8 ./BSW/MCAL/ADC/src/ADC_program.o
                                0x504 (size before relaxing)
 .stab          0x000036d8      0x30c ./BSW/HAL/EEPROM/src/EEPROM_program.o
                                0x3a8 (size before relaxing)
 .stab          0x000039e4      0x858 ./BSW/HAL/CLCD/src/CLCD_program.o
                                0x864 (size before relaxing)
 .stab          0x0000423c      0x5b8 ./App/TrafficLights/src/TrafficLightsControl.o
                                0x5c4 (size before relaxing)
 .stab          0x000047f4      0x558 ./App/Fixed_Point/src/Fixed_Point.o
                                0x564 (size before relaxing)
 .stab          0x00004d4c      0x2c4 ./App/main.o
                                0x4a4 (size before relaxing)

.stabstr        0x00000000     0x40eb
 *(.stabstr)
 .stabstr       0x00000000     0x40eb ./Services/Stack/Stack.o

.stab.excl
 *(.stab.excl)

.stab.exclstr
 *(.stab.exclstr)

.stab.index
 *(.stab.index)

.stab.indexstr
 *(.stab.indexstr)

.comment
 *(.comment)

.debug
 *(.debug)

.line
 *(.line)

.debug_srcinfo
 *(.debug_srcinfo)

.debug_sfnames
 *(.debug_sfnames)

.debug_aranges  0x00000000      0x1a0
 *(.debug_aranges)
 .debug_aranges
                0x00000000       0x20 d:/eclipse/eclipse/winavr/bin/../lib/gcc/avr/4.3.3/avr5\libgcc.a(_fixunssfsi.o)
 .debug_aranges
                0x00000020       0x20 d:/eclipse/eclipse/winavr/bin/../lib/gcc/avr/4.3.3/avr5\libgcc.a(_addsub_sf.o)
 .debug_aranges
                0x00000040       0x20 d:/eclipse/eclipse/winavr/bin/../lib/gcc/avr/4.3.3/avr5\libgcc.a(_mul_sf.o)
 .debug_aranges
                0x00000060       0x20 d:/eclipse/eclipse/winavr/bin/../lib/gcc/avr/4.3.3/avr5\libgcc.a(_div_sf.o)
 .debug_aranges
                0x00000080       0x20 d:/eclipse/eclipse/winavr/bin/../lib/gcc/avr/4.3.3/avr5\libgcc.a(_ge_sf.o)
 .debug_aranges
                0x000000a0       0x20 d:/eclipse/eclipse/winavr/bin/../lib/gcc/avr/4.3.3/avr5\libgcc.a(_lt_sf.o)
 .debug_aranges
                0x000000c0       0x20 d:/eclipse/eclipse/winavr/bin/../lib/gcc/avr/4.3.3/avr5\libgcc.a(_si_to_sf.o)
 .debug_aranges
                0x000000e0       0x20 d:/eclipse/eclipse/winavr/bin/../lib/gcc/avr/4.3.3/avr5\libgcc.a(_sf_to_si.o)
 .debug_aranges
                0x00000100       0x20 d:/eclipse/eclipse/winavr/bin/../lib/gcc/avr/4.3.3/avr5\libgcc.a(_usi_to_sf.o)
 .debug_aranges
                0x00000120       0x20 d:/eclipse/eclipse/winavr/bin/../lib/gcc/avr/4.3.3/avr5\libgcc.a(_clzsi2.o)
 .debug_aranges
                0x00000140       0x20 d:/eclipse/eclipse/winavr/bin/../lib/gcc/avr/4.3.3/avr5\libgcc.a(_pack_sf.o)
 .debug_aranges
                0x00000160       0x20 d:/eclipse/eclipse/winavr/bin/../lib/gcc/avr/4.3.3/avr5\libgcc.a(_unpack_sf.o)
 .debug_aranges
                0x00000180       0x20 d:/eclipse/eclipse/winavr/bin/../lib/gcc/avr/4.3.3/avr5\libgcc.a(_fpcmp_parts_sf.o)

.debug_pubnames
                0x00000000      0x1f6
 *(.debug_pubnames)
 .debug_pubnames
                0x00000000       0x23 d:/eclipse/eclipse/winavr/bin/../lib/gcc/avr/4.3.3/avr5\libgcc.a(_fixunssfsi.o)
 .debug_pubnames
                0x00000023       0x2c d:/eclipse/eclipse/winavr/bin/../lib/gcc/avr/4.3.3/avr5\libgcc.a(_addsub_sf.o)
 .debug_pubnames
                0x0000004f       0x1f d:/eclipse/eclipse/winavr/bin/../lib/gcc/avr/4.3.3/avr5\libgcc.a(_mul_sf.o)
 .debug_pubnames
                0x0000006e       0x1f d:/eclipse/eclipse/winavr/bin/../lib/gcc/avr/4.3.3/avr5\libgcc.a(_div_sf.o)
 .debug_pubnames
                0x0000008d       0x1e d:/eclipse/eclipse/winavr/bin/../lib/gcc/avr/4.3.3/avr5\libgcc.a(_ge_sf.o)
 .debug_pubnames
                0x000000ab       0x1e d:/eclipse/eclipse/winavr/bin/../lib/gcc/avr/4.3.3/avr5\libgcc.a(_lt_sf.o)
 .debug_pubnames
                0x000000c9       0x22 d:/eclipse/eclipse/winavr/bin/../lib/gcc/avr/4.3.3/avr5\libgcc.a(_si_to_sf.o)
 .debug_pubnames
                0x000000eb       0x20 d:/eclipse/eclipse/winavr/bin/../lib/gcc/avr/4.3.3/avr5\libgcc.a(_sf_to_si.o)
 .debug_pubnames
                0x0000010b       0x22 d:/eclipse/eclipse/winavr/bin/../lib/gcc/avr/4.3.3/avr5\libgcc.a(_thenan_sf.o)
 .debug_pubnames
                0x0000012d       0x24 d:/eclipse/eclipse/winavr/bin/../lib/gcc/avr/4.3.3/avr5\libgcc.a(_usi_to_sf.o)
 .debug_pubnames
                0x00000151       0x1f d:/eclipse/eclipse/winavr/bin/../lib/gcc/avr/4.3.3/avr5\libgcc.a(_clzsi2.o)
 .debug_pubnames
                0x00000170       0x1f d:/eclipse/eclipse/winavr/bin/../lib/gcc/avr/4.3.3/avr5\libgcc.a(_pack_sf.o)
 .debug_pubnames
                0x0000018f       0x21 d:/eclipse/eclipse/winavr/bin/../lib/gcc/avr/4.3.3/avr5\libgcc.a(_unpack_sf.o)
 .debug_pubnames
                0x000001b0       0x26 d:/eclipse/eclipse/winavr/bin/../lib/gcc/avr/4.3.3/avr5\libgcc.a(_fpcmp_parts_sf.o)
 .debug_pubnames
                0x000001d6       0x20 d:/eclipse/eclipse/winavr/bin/../lib/gcc/avr/4.3.3/avr5\libgcc.a(_clz.o)

.debug_info     0x00000000     0x2393
 *(.debug_info)
 .debug_info    0x00000000       0xb1 d:/eclipse/eclipse/winavr/bin/../lib/gcc/avr/4.3.3/avr5\libgcc.a(_fixunssfsi.o)
 .debug_info    0x000000b1      0x47a d:/eclipse/eclipse/winavr/bin/../lib/gcc/avr/4.3.3/avr5\libgcc.a(_addsub_sf.o)
 .debug_info    0x0000052b      0x485 d:/eclipse/eclipse/winavr/bin/../lib/gcc/avr/4.3.3/avr5\libgcc.a(_mul_sf.o)
 .debug_info    0x000009b0      0x3fc d:/eclipse/eclipse/winavr/bin/../lib/gcc/avr/4.3.3/avr5\libgcc.a(_div_sf.o)
 .debug_info    0x00000dac      0x27f d:/eclipse/eclipse/winavr/bin/../lib/gcc/avr/4.3.3/avr5\libgcc.a(_ge_sf.o)
 .debug_info    0x0000102b      0x27f d:/eclipse/eclipse/winavr/bin/../lib/gcc/avr/4.3.3/avr5\libgcc.a(_lt_sf.o)
 .debug_info    0x000012aa      0x207 d:/eclipse/eclipse/winavr/bin/../lib/gcc/avr/4.3.3/avr5\libgcc.a(_si_to_sf.o)
 .debug_info    0x000014b1      0x2b0 d:/eclipse/eclipse/winavr/bin/../lib/gcc/avr/4.3.3/avr5\libgcc.a(_sf_to_si.o)
 .debug_info    0x00001761      0x12c d:/eclipse/eclipse/winavr/bin/../lib/gcc/avr/4.3.3/avr5\libgcc.a(_thenan_sf.o)
 .debug_info    0x0000188d      0x206 d:/eclipse/eclipse/winavr/bin/../lib/gcc/avr/4.3.3/avr5\libgcc.a(_usi_to_sf.o)
 .debug_info    0x00001a93      0x117 d:/eclipse/eclipse/winavr/bin/../lib/gcc/avr/4.3.3/avr5\libgcc.a(_clzsi2.o)
 .debug_info    0x00001baa      0x2df d:/eclipse/eclipse/winavr/bin/../lib/gcc/avr/4.3.3/avr5\libgcc.a(_pack_sf.o)
 .debug_info    0x00001e89      0x251 d:/eclipse/eclipse/winavr/bin/../lib/gcc/avr/4.3.3/avr5\libgcc.a(_unpack_sf.o)
 .debug_info    0x000020da      0x210 d:/eclipse/eclipse/winavr/bin/../lib/gcc/avr/4.3.3/avr5\libgcc.a(_fpcmp_parts_sf.o)
 .debug_info    0x000022ea       0xa9 d:/eclipse/eclipse/winavr/bin/../lib/gcc/avr/4.3.3/avr5\libgcc.a(_clz.o)
 *(.gnu.linkonce.wi.*)

.debug_abbrev   0x00000000     0x1374
 *(.debug_abbrev)
 .debug_abbrev  0x00000000       0x5d d:/eclipse/eclipse/winavr/bin/../lib/gcc/avr/4.3.3/avr5\libgcc.a(_fixunssfsi.o)
 .debug_abbrev  0x0000005d      0x1ea d:/eclipse/eclipse/winavr/bin/../lib/gcc/avr/4.3.3/avr5\libgcc.a(_addsub_sf.o)
 .debug_abbrev  0x00000247      0x21b d:/eclipse/eclipse/winavr/bin/../lib/gcc/avr/4.3.3/avr5\libgcc.a(_mul_sf.o)
 .debug_abbrev  0x00000462      0x216 d:/eclipse/eclipse/winavr/bin/../lib/gcc/avr/4.3.3/avr5\libgcc.a(_div_sf.o)
 .debug_abbrev  0x00000678      0x15a d:/eclipse/eclipse/winavr/bin/../lib/gcc/avr/4.3.3/avr5\libgcc.a(_ge_sf.o)
 .debug_abbrev  0x000007d2      0x15a d:/eclipse/eclipse/winavr/bin/../lib/gcc/avr/4.3.3/avr5\libgcc.a(_lt_sf.o)
 .debug_abbrev  0x0000092c      0x148 d:/eclipse/eclipse/winavr/bin/../lib/gcc/avr/4.3.3/avr5\libgcc.a(_si_to_sf.o)
 .debug_abbrev  0x00000a74      0x17f d:/eclipse/eclipse/winavr/bin/../lib/gcc/avr/4.3.3/avr5\libgcc.a(_sf_to_si.o)
 .debug_abbrev  0x00000bf3       0xad d:/eclipse/eclipse/winavr/bin/../lib/gcc/avr/4.3.3/avr5\libgcc.a(_thenan_sf.o)
 .debug_abbrev  0x00000ca0      0x157 d:/eclipse/eclipse/winavr/bin/../lib/gcc/avr/4.3.3/avr5\libgcc.a(_usi_to_sf.o)
 .debug_abbrev  0x00000df7       0xc4 d:/eclipse/eclipse/winavr/bin/../lib/gcc/avr/4.3.3/avr5\libgcc.a(_clzsi2.o)
 .debug_abbrev  0x00000ebb      0x1c0 d:/eclipse/eclipse/winavr/bin/../lib/gcc/avr/4.3.3/avr5\libgcc.a(_pack_sf.o)
 .debug_abbrev  0x0000107b      0x154 d:/eclipse/eclipse/winavr/bin/../lib/gcc/avr/4.3.3/avr5\libgcc.a(_unpack_sf.o)
 .debug_abbrev  0x000011cf      0x13b d:/eclipse/eclipse/winavr/bin/../lib/gcc/avr/4.3.3/avr5\libgcc.a(_fpcmp_parts_sf.o)
 .debug_abbrev  0x0000130a       0x6a d:/eclipse/eclipse/winavr/bin/../lib/gcc/avr/4.3.3/avr5\libgcc.a(_clz.o)

.debug_line     0x00000000     0x1238
 *(.debug_line)
 .debug_line    0x00000000       0xa7 d:/eclipse/eclipse/winavr/bin/../lib/gcc/avr/4.3.3/avr5\libgcc.a(_fixunssfsi.o)
 .debug_line    0x000000a7      0x2af d:/eclipse/eclipse/winavr/bin/../lib/gcc/avr/4.3.3/avr5\libgcc.a(_addsub_sf.o)
 .debug_line    0x00000356      0x239 d:/eclipse/eclipse/winavr/bin/../lib/gcc/avr/4.3.3/avr5\libgcc.a(_mul_sf.o)
 .debug_line    0x0000058f      0x1d5 d:/eclipse/eclipse/winavr/bin/../lib/gcc/avr/4.3.3/avr5\libgcc.a(_div_sf.o)
 .debug_line    0x00000764       0xd3 d:/eclipse/eclipse/winavr/bin/../lib/gcc/avr/4.3.3/avr5\libgcc.a(_ge_sf.o)
 .debug_line    0x00000837       0xd3 d:/eclipse/eclipse/winavr/bin/../lib/gcc/avr/4.3.3/avr5\libgcc.a(_lt_sf.o)
 .debug_line    0x0000090a      0x135 d:/eclipse/eclipse/winavr/bin/../lib/gcc/avr/4.3.3/avr5\libgcc.a(_si_to_sf.o)
 .debug_line    0x00000a3f      0x109 d:/eclipse/eclipse/winavr/bin/../lib/gcc/avr/4.3.3/avr5\libgcc.a(_sf_to_si.o)
 .debug_line    0x00000b48       0x90 d:/eclipse/eclipse/winavr/bin/../lib/gcc/avr/4.3.3/avr5\libgcc.a(_thenan_sf.o)
 .debug_line    0x00000bd8      0x133 d:/eclipse/eclipse/winavr/bin/../lib/gcc/avr/4.3.3/avr5\libgcc.a(_usi_to_sf.o)
 .debug_line    0x00000d0b       0xa5 d:/eclipse/eclipse/winavr/bin/../lib/gcc/avr/4.3.3/avr5\libgcc.a(_clzsi2.o)
 .debug_line    0x00000db0      0x18a d:/eclipse/eclipse/winavr/bin/../lib/gcc/avr/4.3.3/avr5\libgcc.a(_pack_sf.o)
 .debug_line    0x00000f3a      0x14b d:/eclipse/eclipse/winavr/bin/../lib/gcc/avr/4.3.3/avr5\libgcc.a(_unpack_sf.o)
 .debug_line    0x00001085      0x137 d:/eclipse/eclipse/winavr/bin/../lib/gcc/avr/4.3.3/avr5\libgcc.a(_fpcmp_parts_sf.o)
 .debug_line    0x000011bc       0x7c d:/eclipse/eclipse/winavr/bin/../lib/gcc/avr/4.3.3/avr5\libgcc.a(_clz.o)

.debug_frame    0x00000000      0x1c0
 *(.debug_frame)
 .debug_frame   0x00000000       0x20 d:/eclipse/eclipse/winavr/bin/../lib/gcc/avr/4.3.3/avr5\libgcc.a(_fixunssfsi.o)
 .debug_frame   0x00000020       0x40 d:/eclipse/eclipse/winavr/bin/../lib/gcc/avr/4.3.3/avr5\libgcc.a(_addsub_sf.o)
 .debug_frame   0x00000060       0x20 d:/eclipse/eclipse/winavr/bin/../lib/gcc/avr/4.3.3/avr5\libgcc.a(_mul_sf.o)
 .debug_frame   0x00000080       0x20 d:/eclipse/eclipse/winavr/bin/../lib/gcc/avr/4.3.3/avr5\libgcc.a(_div_sf.o)
 .debug_frame   0x000000a0       0x20 d:/eclipse/eclipse/winavr/bin/../lib/gcc/avr/4.3.3/avr5\libgcc.a(_ge_sf.o)
 .debug_frame   0x000000c0       0x20 d:/eclipse/eclipse/winavr/bin/../lib/gcc/avr/4.3.3/avr5\libgcc.a(_lt_sf.o)
 .debug_frame   0x000000e0       0x20 d:/eclipse/eclipse/winavr/bin/../lib/gcc/avr/4.3.3/avr5\libgcc.a(_si_to_sf.o)
 .debug_frame   0x00000100       0x20 d:/eclipse/eclipse/winavr/bin/../lib/gcc/avr/4.3.3/avr5\libgcc.a(_sf_to_si.o)
 .debug_frame   0x00000120       0x20 d:/eclipse/eclipse/winavr/bin/../lib/gcc/avr/4.3.3/avr5\libgcc.a(_usi_to_sf.o)
 .debug_frame   0x00000140       0x20 d:/eclipse/eclipse/winavr/bin/../lib/gcc/avr/4.3.3/avr5\libgcc.a(_clzsi2.o)
 .debug_frame   0x00000160       0x20 d:/eclipse/eclipse/winavr/bin/../lib/gcc/avr/4.3.3/avr5\libgcc.a(_pack_sf.o)
 .debug_frame   0x00000180       0x20 d:/eclipse/eclipse/winavr/bin/../lib/gcc/avr/4.3.3/avr5\libgcc.a(_unpack_sf.o)
 .debug_frame   0x000001a0       0x20 d:/eclipse/eclipse/winavr/bin/../lib/gcc/avr/4.3.3/avr5\libgcc.a(_fpcmp_parts_sf.o)

.debug_str      0x00000000      0x2ff
 *(.debug_str)
 .debug_str     0x00000000       0xbf d:/eclipse/eclipse/winavr/bin/../lib/gcc/avr/4.3.3/avr5\libgcc.a(_fixunssfsi.o)
                                 0xfe (size before relaxing)
 .debug_str     0x000000bf      0x14d d:/eclipse/eclipse/winavr/bin/../lib/gcc/avr/4.3.3/avr5\libgcc.a(_addsub_sf.o)
                                0x206 (size before relaxing)
 .debug_str     0x0000020c       0x27 d:/eclipse/eclipse/winavr/bin/../lib/gcc/avr/4.3.3/avr5\libgcc.a(_mul_sf.o)
                                0x1bf (size before relaxing)
 .debug_str     0x00000233       0x35 d:/eclipse/eclipse/winavr/bin/../lib/gcc/avr/4.3.3/avr5\libgcc.a(_div_sf.o)
                                0x1c8 (size before relaxing)
 .debug_str     0x00000268        0x8 d:/eclipse/eclipse/winavr/bin/../lib/gcc/avr/4.3.3/avr5\libgcc.a(_ge_sf.o)
                                0x195 (size before relaxing)
 .debug_str     0x00000270        0x8 d:/eclipse/eclipse/winavr/bin/../lib/gcc/avr/4.3.3/avr5\libgcc.a(_lt_sf.o)
                                0x195 (size before relaxing)
 .debug_str     0x00000278       0x1e d:/eclipse/eclipse/winavr/bin/../lib/gcc/avr/4.3.3/avr5\libgcc.a(_si_to_sf.o)
                                0x17b (size before relaxing)
 .debug_str     0x00000296        0xa d:/eclipse/eclipse/winavr/bin/../lib/gcc/avr/4.3.3/avr5\libgcc.a(_sf_to_si.o)
                                0x19e (size before relaxing)
 .debug_str     0x00000000      0x103 d:/eclipse/eclipse/winavr/bin/../lib/gcc/avr/4.3.3/avr5\libgcc.a(_thenan_sf.o)
 .debug_str     0x000002a0       0x14 d:/eclipse/eclipse/winavr/bin/../lib/gcc/avr/4.3.3/avr5\libgcc.a(_usi_to_sf.o)
                                0x177 (size before relaxing)
 .debug_str     0x000002b4       0x20 d:/eclipse/eclipse/winavr/bin/../lib/gcc/avr/4.3.3/avr5\libgcc.a(_clzsi2.o)
                                0x111 (size before relaxing)
 .debug_str     0x000002d4       0x10 d:/eclipse/eclipse/winavr/bin/../lib/gcc/avr/4.3.3/avr5\libgcc.a(_pack_sf.o)
                                0x19d (size before relaxing)
 .debug_str     0x000002e4        0xb d:/eclipse/eclipse/winavr/bin/../lib/gcc/avr/4.3.3/avr5\libgcc.a(_unpack_sf.o)
                                0x17f (size before relaxing)
 .debug_str     0x000002ef       0x10 d:/eclipse/eclipse/winavr/bin/../lib/gcc/avr/4.3.3/avr5\libgcc.a(_fpcmp_parts_sf.o)
                                0x163 (size before relaxing)
 .debug_str     0x00000000       0xf4 d:/eclipse/eclipse/winavr/bin/../lib/gcc/avr/4.3.3/avr5\libgcc.a(_clz.o)

.debug_loc      0x00000000      0x9de
 *(.debug_loc)
 .debug_loc     0x00000000       0x34 d:/eclipse/eclipse/winavr/bin/../lib/gcc/avr/4.3.3/avr5\libgcc.a(_fixunssfsi.o)
 .debug_loc     0x00000034      0x32a d:/eclipse/eclipse/winavr/bin/../lib/gcc/avr/4.3.3/avr5\libgcc.a(_addsub_sf.o)
 .debug_loc     0x0000035e      0x104 d:/eclipse/eclipse/winavr/bin/../lib/gcc/avr/4.3.3/avr5\libgcc.a(_mul_sf.o)
 .debug_loc     0x00000462       0xc0 d:/eclipse/eclipse/winavr/bin/../lib/gcc/avr/4.3.3/avr5\libgcc.a(_div_sf.o)
 .debug_loc     0x00000522       0x3c d:/eclipse/eclipse/winavr/bin/../lib/gcc/avr/4.3.3/avr5\libgcc.a(_ge_sf.o)
 .debug_loc     0x0000055e       0x3c d:/eclipse/eclipse/winavr/bin/../lib/gcc/avr/4.3.3/avr5\libgcc.a(_lt_sf.o)
 .debug_loc     0x0000059a       0xac d:/eclipse/eclipse/winavr/bin/../lib/gcc/avr/4.3.3/avr5\libgcc.a(_si_to_sf.o)
 .debug_loc     0x00000646       0x7e d:/eclipse/eclipse/winavr/bin/../lib/gcc/avr/4.3.3/avr5\libgcc.a(_sf_to_si.o)
 .debug_loc     0x000006c4       0x4c d:/eclipse/eclipse/winavr/bin/../lib/gcc/avr/4.3.3/avr5\libgcc.a(_usi_to_sf.o)
 .debug_loc     0x00000710       0x94 d:/eclipse/eclipse/winavr/bin/../lib/gcc/avr/4.3.3/avr5\libgcc.a(_clzsi2.o)
 .debug_loc     0x000007a4      0x13e d:/eclipse/eclipse/winavr/bin/../lib/gcc/avr/4.3.3/avr5\libgcc.a(_pack_sf.o)
 .debug_loc     0x000008e2       0xac d:/eclipse/eclipse/winavr/bin/../lib/gcc/avr/4.3.3/avr5\libgcc.a(_unpack_sf.o)
 .debug_loc     0x0000098e       0x50 d:/eclipse/eclipse/winavr/bin/../lib/gcc/avr/4.3.3/avr5\libgcc.a(_fpcmp_parts_sf.o)

.debug_macinfo
 *(.debug_macinfo)
OUTPUT(AT32.elf elf32-avr)
LOAD linker stubs

.debug_ranges   0x00000000       0x50
 .debug_ranges  0x00000000       0x50 d:/eclipse/eclipse/winavr/bin/../lib/gcc/avr/4.3.3/avr5\libgcc.a(_mul_sf.o)
