Archive member included because of file (symbol)

d:/eclipse/eclipse/winavr/bin/../lib/gcc/avr/4.3.3/avr5\libgcc.a(_udivmodhi4.o)
                              ./BSW/MCAL/TIMER2/src/TIMER2_program.o (__udivmodhi4)
d:/eclipse/eclipse/winavr/bin/../lib/gcc/avr/4.3.3/avr5\libgcc.a(_divmodsi4.o)
                              ./BSW/HAL/CLCD/src/CLCD_program.o (__divmodsi4)
d:/eclipse/eclipse/winavr/bin/../lib/gcc/avr/4.3.3/avr5\libgcc.a(_exit.o)
                              d:/eclipse/eclipse/winavr/bin/../lib/gcc/avr/4.3.3/../../../../avr/lib/avr5/crtm32.o (exit)
d:/eclipse/eclipse/winavr/bin/../lib/gcc/avr/4.3.3/avr5\libgcc.a(_copy_data.o)
                              ./Services/Stack/Stack.o (__do_copy_data)
d:/eclipse/eclipse/winavr/bin/../lib/gcc/avr/4.3.3/avr5\libgcc.a(_clear_bss.o)
                              ./BSW/MCAL/TIMER2/src/TIMER2_program.o (__do_clear_bss)
d:/eclipse/eclipse/winavr/bin/../lib/gcc/avr/4.3.3/avr5\libgcc.a(_udivmodsi4.o)
                              d:/eclipse/eclipse/winavr/bin/../lib/gcc/avr/4.3.3/avr5\libgcc.a(_divmodsi4.o) (__udivmodsi4)
d:/eclipse/eclipse/winavr/bin/../lib/gcc/avr/4.3.3/../../../../avr/lib/avr5\libc.a(malloc.o)
                              ./Services/Stack/Stack.o (malloc)
d:/eclipse/eclipse/winavr/bin/../lib/gcc/avr/4.3.3/../../../../avr/lib/avr5\libc.a(printf.o)
                              ./Services/Stack/Stack.o (printf)
d:/eclipse/eclipse/winavr/bin/../lib/gcc/avr/4.3.3/../../../../avr/lib/avr5\libc.a(vfprintf_std.o)
                              d:/eclipse/eclipse/winavr/bin/../lib/gcc/avr/4.3.3/../../../../avr/lib/avr5\libc.a(printf.o) (vfprintf)
d:/eclipse/eclipse/winavr/bin/../lib/gcc/avr/4.3.3/../../../../avr/lib/avr5\libc.a(strnlen_P.o)
                              d:/eclipse/eclipse/winavr/bin/../lib/gcc/avr/4.3.3/../../../../avr/lib/avr5\libc.a(vfprintf_std.o) (strnlen_P)
d:/eclipse/eclipse/winavr/bin/../lib/gcc/avr/4.3.3/../../../../avr/lib/avr5\libc.a(strnlen.o)
                              d:/eclipse/eclipse/winavr/bin/../lib/gcc/avr/4.3.3/../../../../avr/lib/avr5\libc.a(vfprintf_std.o) (strnlen)
d:/eclipse/eclipse/winavr/bin/../lib/gcc/avr/4.3.3/../../../../avr/lib/avr5\libc.a(fputc.o)
                              d:/eclipse/eclipse/winavr/bin/../lib/gcc/avr/4.3.3/../../../../avr/lib/avr5\libc.a(vfprintf_std.o) (fputc)
d:/eclipse/eclipse/winavr/bin/../lib/gcc/avr/4.3.3/../../../../avr/lib/avr5\libc.a(iob.o)
                              d:/eclipse/eclipse/winavr/bin/../lib/gcc/avr/4.3.3/../../../../avr/lib/avr5\libc.a(printf.o) (__iob)
d:/eclipse/eclipse/winavr/bin/../lib/gcc/avr/4.3.3/../../../../avr/lib/avr5\libc.a(ultoa_invert.o)
                              d:/eclipse/eclipse/winavr/bin/../lib/gcc/avr/4.3.3/../../../../avr/lib/avr5\libc.a(vfprintf_std.o) (__ultoa_invert)
d:/eclipse/eclipse/winavr/bin/../lib/gcc/avr/4.3.3/avr5\libgcc.a(_prologue.o)
                              d:/eclipse/eclipse/winavr/bin/../lib/gcc/avr/4.3.3/../../../../avr/lib/avr5\libc.a(printf.o) (__prologue_saves__)
d:/eclipse/eclipse/winavr/bin/../lib/gcc/avr/4.3.3/avr5\libgcc.a(_epilogue.o)
                              d:/eclipse/eclipse/winavr/bin/../lib/gcc/avr/4.3.3/../../../../avr/lib/avr5\libc.a(printf.o) (__epilogue_restores__)

Allocating common symbols
Common symbol       size              file

__brkval            0x2               d:/eclipse/eclipse/winavr/bin/../lib/gcc/avr/4.3.3/../../../../avr/lib/avr5\libc.a(malloc.o)
Local_Variable      0x2               ./App/TrafficLights/src/TrafficLightsControl.o
TrafficStack        0x6               ./App/TrafficLights/src/TrafficLightsControl.o
__flp               0x2               d:/eclipse/eclipse/winavr/bin/../lib/gcc/avr/4.3.3/../../../../avr/lib/avr5\libc.a(malloc.o)
__iob               0x6               d:/eclipse/eclipse/winavr/bin/../lib/gcc/avr/4.3.3/../../../../avr/lib/avr5\libc.a(iob.o)

Memory Configuration

Name             Origin             Length             Attributes
text             0x00000000         0x00020000         xr
data             0x00800060         0x0000ffa0         rw !x
eeprom           0x00810000         0x00010000         rw !x
fuse             0x00820000         0x00000400         rw !x
lock             0x00830000         0x00000400         rw !x
signature        0x00840000         0x00000400         rw !x
*default*        0x00000000         0xffffffff

Linker script and memory map

LOAD d:/eclipse/eclipse/winavr/bin/../lib/gcc/avr/4.3.3/../../../../avr/lib/avr5/crtm32.o
LOAD ./Services/Stack/Stack.o
LOAD ./BSW/MCAL/TIMER2/src/TIMER2_program.o
LOAD ./BSW/MCAL/TIMER1/src/TIMER1_program.o
LOAD ./BSW/MCAL/TIMER0/src/TIMER0_program.o
LOAD ./BSW/MCAL/PORT/src/PORT_program.o
LOAD ./BSW/MCAL/GIE/src/GIE_program.o
LOAD ./BSW/MCAL/EXT/src/EXTI_program.o
LOAD ./BSW/MCAL/DIO/src/DIO_Program.o
LOAD ./BSW/MCAL/ADC/src/ADC_program.o
LOAD ./BSW/HAL/CLCD/src/CLCD_program.o
LOAD ./App/TrafficLights/src/TrafficLightsControl.o
LOAD ./App/main.o
LOAD d:/eclipse/eclipse/winavr/bin/../lib/gcc/avr/4.3.3/avr5\libgcc.a
LOAD d:/eclipse/eclipse/winavr/bin/../lib/gcc/avr/4.3.3/../../../../avr/lib/avr5\libc.a
LOAD d:/eclipse/eclipse/winavr/bin/../lib/gcc/avr/4.3.3/avr5\libgcc.a

.hash
 *(.hash)

.dynsym
 *(.dynsym)

.dynstr
 *(.dynstr)

.gnu.version
 *(.gnu.version)

.gnu.version_d
 *(.gnu.version_d)

.gnu.version_r
 *(.gnu.version_r)

.rel.init
 *(.rel.init)

.rela.init
 *(.rela.init)

.rel.text
 *(.rel.text)
 *(.rel.text.*)
 *(.rel.gnu.linkonce.t*)

.rela.text
 *(.rela.text)
 *(.rela.text.*)
 *(.rela.gnu.linkonce.t*)

.rel.fini
 *(.rel.fini)

.rela.fini
 *(.rela.fini)

.rel.rodata
 *(.rel.rodata)
 *(.rel.rodata.*)
 *(.rel.gnu.linkonce.r*)

.rela.rodata
 *(.rela.rodata)
 *(.rela.rodata.*)
 *(.rela.gnu.linkonce.r*)

.rel.data
 *(.rel.data)
 *(.rel.data.*)
 *(.rel.gnu.linkonce.d*)

.rela.data
 *(.rela.data)
 *(.rela.data.*)
 *(.rela.gnu.linkonce.d*)

.rel.ctors
 *(.rel.ctors)

.rela.ctors
 *(.rela.ctors)

.rel.dtors
 *(.rel.dtors)

.rela.dtors
 *(.rela.dtors)

.rel.got
 *(.rel.got)

.rela.got
 *(.rela.got)

.rel.bss
 *(.rel.bss)

.rela.bss
 *(.rela.bss)

.rel.plt
 *(.rel.plt)

.rela.plt
 *(.rela.plt)

.text           0x00000000     0x28a6
 *(.vectors)
 .vectors       0x00000000       0x54 d:/eclipse/eclipse/winavr/bin/../lib/gcc/avr/4.3.3/../../../../avr/lib/avr5/crtm32.o
                0x00000000                __vectors
                0x00000000                __vector_default
 *(.vectors)
 *(.progmem.gcc*)
 *(.progmem*)
                0x00000054                . = ALIGN (0x2)
                0x00000054                __trampolines_start = .
 *(.trampolines)
 .trampolines   0x00000054        0x0 linker stubs
 *(.trampolines*)
                0x00000054                __trampolines_end = .
 *(.jumptables)
 *(.jumptables*)
 *(.lowtext)
 *(.lowtext*)
                0x00000054                __ctors_start = .
 *(.ctors)
                0x00000054                __ctors_end = .
                0x00000054                __dtors_start = .
 *(.dtors)
                0x00000054                __dtors_end = .
 SORT(*)(.ctors)
 SORT(*)(.dtors)
 *(.init0)
 .init0         0x00000054        0x0 d:/eclipse/eclipse/winavr/bin/../lib/gcc/avr/4.3.3/../../../../avr/lib/avr5/crtm32.o
                0x00000054                __init
 *(.init0)
 *(.init1)
 *(.init1)
 *(.init2)
 .init2         0x00000054        0xc d:/eclipse/eclipse/winavr/bin/../lib/gcc/avr/4.3.3/../../../../avr/lib/avr5/crtm32.o
 *(.init2)
 *(.init3)
 *(.init3)
 *(.init4)
 .init4         0x00000060       0x16 d:/eclipse/eclipse/winavr/bin/../lib/gcc/avr/4.3.3/avr5\libgcc.a(_copy_data.o)
                0x00000060                __do_copy_data
 .init4         0x00000076       0x10 d:/eclipse/eclipse/winavr/bin/../lib/gcc/avr/4.3.3/avr5\libgcc.a(_clear_bss.o)
                0x00000076                __do_clear_bss
 *(.init4)
 *(.init5)
 *(.init5)
 *(.init6)
 *(.init6)
 *(.init7)
 *(.init7)
 *(.init8)
 *(.init8)
 *(.init9)
 .init9         0x00000086        0x8 d:/eclipse/eclipse/winavr/bin/../lib/gcc/avr/4.3.3/../../../../avr/lib/avr5/crtm32.o
 *(.init9)
 *(.text)
 .text          0x0000008e        0x4 d:/eclipse/eclipse/winavr/bin/../lib/gcc/avr/4.3.3/../../../../avr/lib/avr5/crtm32.o
                0x0000008e                __vector_12
                0x0000008e                __bad_interrupt
                0x0000008e                __vector_13
                0x0000008e                __vector_17
                0x0000008e                __vector_19
                0x0000008e                __vector_15
                0x0000008e                __vector_14
                0x0000008e                __vector_18
                0x0000008e                __vector_20
 .text          0x00000092        0x0 ./Services/Stack/Stack.o
 .text          0x00000092        0x0 ./BSW/MCAL/TIMER2/src/TIMER2_program.o
 .text          0x00000092        0x0 ./BSW/MCAL/TIMER1/src/TIMER1_program.o
 .text          0x00000092        0x0 ./BSW/MCAL/TIMER0/src/TIMER0_program.o
 .text          0x00000092        0x0 ./BSW/MCAL/PORT/src/PORT_program.o
 .text          0x00000092        0x0 ./BSW/MCAL/GIE/src/GIE_program.o
 .text          0x00000092        0x0 ./BSW/MCAL/EXT/src/EXTI_program.o
 .text          0x00000092        0x0 ./BSW/MCAL/DIO/src/DIO_Program.o
 .text          0x00000092        0x0 ./BSW/MCAL/ADC/src/ADC_program.o
 .text          0x00000092        0x0 ./BSW/HAL/CLCD/src/CLCD_program.o
 .text          0x00000092        0x0 ./App/TrafficLights/src/TrafficLightsControl.o
 .text          0x00000092        0x0 ./App/main.o
 .text          0x00000092        0x0 d:/eclipse/eclipse/winavr/bin/../lib/gcc/avr/4.3.3/avr5\libgcc.a(_udivmodhi4.o)
 .text          0x00000092        0x0 d:/eclipse/eclipse/winavr/bin/../lib/gcc/avr/4.3.3/avr5\libgcc.a(_divmodsi4.o)
 .text          0x00000092        0x0 d:/eclipse/eclipse/winavr/bin/../lib/gcc/avr/4.3.3/avr5\libgcc.a(_exit.o)
 .text          0x00000092        0x0 d:/eclipse/eclipse/winavr/bin/../lib/gcc/avr/4.3.3/avr5\libgcc.a(_copy_data.o)
 .text          0x00000092        0x0 d:/eclipse/eclipse/winavr/bin/../lib/gcc/avr/4.3.3/avr5\libgcc.a(_clear_bss.o)
 .text          0x00000092        0x0 d:/eclipse/eclipse/winavr/bin/../lib/gcc/avr/4.3.3/avr5\libgcc.a(_udivmodsi4.o)
 .text          0x00000092        0x0 d:/eclipse/eclipse/winavr/bin/../lib/gcc/avr/4.3.3/../../../../avr/lib/avr5\libc.a(malloc.o)
 .text          0x00000092        0x0 d:/eclipse/eclipse/winavr/bin/../lib/gcc/avr/4.3.3/../../../../avr/lib/avr5\libc.a(printf.o)
 .text          0x00000092        0x0 d:/eclipse/eclipse/winavr/bin/../lib/gcc/avr/4.3.3/../../../../avr/lib/avr5\libc.a(vfprintf_std.o)
 .text          0x00000092        0x0 d:/eclipse/eclipse/winavr/bin/../lib/gcc/avr/4.3.3/../../../../avr/lib/avr5\libc.a(strnlen_P.o)
 .text          0x00000092        0x0 d:/eclipse/eclipse/winavr/bin/../lib/gcc/avr/4.3.3/../../../../avr/lib/avr5\libc.a(strnlen.o)
 .text          0x00000092        0x0 d:/eclipse/eclipse/winavr/bin/../lib/gcc/avr/4.3.3/../../../../avr/lib/avr5\libc.a(fputc.o)
 .text          0x00000092        0x0 d:/eclipse/eclipse/winavr/bin/../lib/gcc/avr/4.3.3/../../../../avr/lib/avr5\libc.a(iob.o)
 .text          0x00000092        0x0 d:/eclipse/eclipse/winavr/bin/../lib/gcc/avr/4.3.3/../../../../avr/lib/avr5\libc.a(ultoa_invert.o)
 .text          0x00000092        0x0 d:/eclipse/eclipse/winavr/bin/../lib/gcc/avr/4.3.3/avr5\libgcc.a(_prologue.o)
 .text          0x00000092        0x0 d:/eclipse/eclipse/winavr/bin/../lib/gcc/avr/4.3.3/avr5\libgcc.a(_epilogue.o)
                0x00000092                . = ALIGN (0x2)
 *(.text.*)
 .text.Stack_Full
                0x00000092       0x1a ./Services/Stack/Stack.o
 .text.Stack_Empty
                0x000000ac       0x30 ./Services/Stack/Stack.o
 .text.Stack_Creation
                0x000000dc       0x40 ./Services/Stack/Stack.o
                0x000000dc                Stack_Creation
 .text.Stack_Push
                0x0000011c       0x9c ./Services/Stack/Stack.o
                0x0000011c                Stack_Push
 .text.Stack_Pop
                0x000001b8       0xb4 ./Services/Stack/Stack.o
                0x000001b8                Stack_Pop
 .text.Stack_Display
                0x0000026c       0x98 ./Services/Stack/Stack.o
                0x0000026c                Stack_Display
 .text.Clear_Stack
                0x00000304       0x7c ./Services/Stack/Stack.o
                0x00000304                Clear_Stack
 .text.Stack_Size
                0x00000380       0x4a ./Services/Stack/Stack.o
                0x00000380                Stack_Size
 .text.TIMER2_DutyCycle
                0x000003ca       0x48 ./BSW/MCAL/TIMER2/src/TIMER2_program.o
                0x000003ca                TIMER2_DutyCycle
 .text.TIMER2_Delay
                0x00000412       0x52 ./BSW/MCAL/TIMER2/src/TIMER2_program.o
                0x00000412                TIMER2_Delay
 .text.TIMER2_voidInit
                0x00000464       0x44 ./BSW/MCAL/TIMER2/src/TIMER2_program.o
                0x00000464                TIMER2_voidInit
 .text.TIMER2_voiSetPreLoadValue
                0x000004a8       0x1c ./BSW/MCAL/TIMER2/src/TIMER2_program.o
                0x000004a8                TIMER2_voiSetPreLoadValue
 .text.TIMER2_voiSetCompareMatchValue
                0x000004c4       0x1c ./BSW/MCAL/TIMER2/src/TIMER2_program.o
                0x000004c4                TIMER2_voiSetCompareMatchValue
 .text.Timer2_Timer2OVFCallBackFunc
                0x000004e0       0x3a ./BSW/MCAL/TIMER2/src/TIMER2_program.o
                0x000004e0                Timer2_Timer2OVFCallBackFunc
 .text.Timer2_Timer2CTCCallBackFunc
                0x0000051a       0x3a ./BSW/MCAL/TIMER2/src/TIMER2_program.o
                0x0000051a                Timer2_Timer2CTCCallBackFunc
 .text.__vector_4
                0x00000554       0x5a ./BSW/MCAL/TIMER2/src/TIMER2_program.o
                0x00000554                __vector_4
 .text.__vector_5
                0x000005ae       0x5a ./BSW/MCAL/TIMER2/src/TIMER2_program.o
                0x000005ae                __vector_5
 .text.TIMER1_voidInit
                0x00000608       0x4e ./BSW/MCAL/TIMER1/src/TIMER1_program.o
                0x00000608                TIMER1_voidInit
 .text.TIMER1_voidSetChannelACompMatch
                0x00000656       0x24 ./BSW/MCAL/TIMER1/src/TIMER1_program.o
                0x00000656                TIMER1_voidSetChannelACompMatch
 .text.TIMER1_voidSetChannelBCompMatch
                0x0000067a       0x24 ./BSW/MCAL/TIMER1/src/TIMER1_program.o
                0x0000067a                TIMER1_voidSetChannelBCompMatch
 .text.TIMER1_voidSetICR
                0x0000069e       0x24 ./BSW/MCAL/TIMER1/src/TIMER1_program.o
                0x0000069e                TIMER1_voidSetICR
 .text.TIMER1_voidSetTimerValue
                0x000006c2       0x24 ./BSW/MCAL/TIMER1/src/TIMER1_program.o
                0x000006c2                TIMER1_voidSetTimerValue
 .text.TIMER1_uint16GetTimerValue
                0x000006e6       0x16 ./BSW/MCAL/TIMER1/src/TIMER1_program.o
                0x000006e6                TIMER1_uint16GetTimerValue
 .text.TIMER1_CTCASetCallBck
                0x000006fc       0x3a ./BSW/MCAL/TIMER1/src/TIMER1_program.o
                0x000006fc                TIMER1_CTCASetCallBck
 .text.TIMER1_CTCBSetCallBck
                0x00000736       0x3a ./BSW/MCAL/TIMER1/src/TIMER1_program.o
                0x00000736                TIMER1_CTCBSetCallBck
 .text.TIMER1_OVSetCallBck
                0x00000770       0x3a ./BSW/MCAL/TIMER1/src/TIMER1_program.o
                0x00000770                TIMER1_OVSetCallBck
 .text.TIMER1_CAPTURESetCallBck
                0x000007aa       0x3a ./BSW/MCAL/TIMER1/src/TIMER1_program.o
                0x000007aa                TIMER1_CAPTURESetCallBck
 .text.__vector_6
                0x000007e4       0x64 ./BSW/MCAL/TIMER1/src/TIMER1_program.o
                0x000007e4                __vector_6
 .text.__vector_7
                0x00000848       0x5a ./BSW/MCAL/TIMER1/src/TIMER1_program.o
                0x00000848                __vector_7
 .text.__vector_8
                0x000008a2       0x5a ./BSW/MCAL/TIMER1/src/TIMER1_program.o
                0x000008a2                __vector_8
 .text.__vector_9
                0x000008fc       0x5a ./BSW/MCAL/TIMER1/src/TIMER1_program.o
                0x000008fc                __vector_9
 .text.TIMER0_DutyCycle
                0x00000956       0x48 ./BSW/MCAL/TIMER0/src/TIMER0_program.o
                0x00000956                TIMER0_DutyCycle
 .text.TIMER0_Delay
                0x0000099e       0x52 ./BSW/MCAL/TIMER0/src/TIMER0_program.o
                0x0000099e                TIMER0_Delay
 .text.TIMER0_voidInit
                0x000009f0       0x44 ./BSW/MCAL/TIMER0/src/TIMER0_program.o
                0x000009f0                TIMER0_voidInit
 .text.TIMER0_voiSetPreLoadValue
                0x00000a34       0x1c ./BSW/MCAL/TIMER0/src/TIMER0_program.o
                0x00000a34                TIMER0_voiSetPreLoadValue
 .text.TIMER0_voiSetCompareMatchValue
                0x00000a50       0x1c ./BSW/MCAL/TIMER0/src/TIMER0_program.o
                0x00000a50                TIMER0_voiSetCompareMatchValue
 .text.Timer0_Timer0OVFCallBackFunc
                0x00000a6c       0x3a ./BSW/MCAL/TIMER0/src/TIMER0_program.o
                0x00000a6c                Timer0_Timer0OVFCallBackFunc
 .text.Timer0_Timer0CTCCallBackFunc
                0x00000aa6       0x3a ./BSW/MCAL/TIMER0/src/TIMER0_program.o
                0x00000aa6                Timer0_Timer0CTCCallBackFunc
 .text.__vector_10
                0x00000ae0       0x5a ./BSW/MCAL/TIMER0/src/TIMER0_program.o
                0x00000ae0                __vector_10
 .text.__vector_11
                0x00000b3a       0x5a ./BSW/MCAL/TIMER0/src/TIMER0_program.o
                0x00000b3a                __vector_11
 .text.PORT_voidInit
                0x00000b94       0x44 ./BSW/MCAL/PORT/src/PORT_program.o
                0x00000b94                PORT_voidInit
 .text.GIE_Enable
                0x00000bd8       0x1c ./BSW/MCAL/GIE/src/GIE_program.o
                0x00000bd8                GIE_Enable
 .text.GIE_Disable
                0x00000bf4       0x1c ./BSW/MCAL/GIE/src/GIE_program.o
                0x00000bf4                GIE_Disable
 .text.EXTI_voidInt0Init
                0x00000c10       0x38 ./BSW/MCAL/EXT/src/EXTI_program.o
                0x00000c10                EXTI_voidInt0Init
 .text.EXTI_voidInt1Init
                0x00000c48       0x2a ./BSW/MCAL/EXT/src/EXTI_program.o
                0x00000c48                EXTI_voidInt1Init
 .text.EXTI_voidInt2Init
                0x00000c72       0x1c ./BSW/MCAL/EXT/src/EXTI_program.o
                0x00000c72                EXTI_voidInt2Init
 .text.EXTI_uint8IntSetSenseControl
                0x00000c8e      0x206 ./BSW/MCAL/EXT/src/EXTI_program.o
                0x00000c8e                EXTI_uint8IntSetSenseControl
 .text.EXTI_uint8IntEnable
                0x00000e94       0x7c ./BSW/MCAL/EXT/src/EXTI_program.o
                0x00000e94                EXTI_uint8IntEnable
 .text.EXTI_uint8IntDisable
                0x00000f10       0x7c ./BSW/MCAL/EXT/src/EXTI_program.o
                0x00000f10                EXTI_uint8IntDisable
 .text.EXTI_uint8Int0SetCallBack
                0x00000f8c       0x3a ./BSW/MCAL/EXT/src/EXTI_program.o
                0x00000f8c                EXTI_uint8Int0SetCallBack
 .text.EXTI_uint8Int1SetCallBack
                0x00000fc6       0x3a ./BSW/MCAL/EXT/src/EXTI_program.o
                0x00000fc6                EXTI_uint8Int1SetCallBack
 .text.EXTI_uint8Int2SetCallBack
                0x00001000       0x3a ./BSW/MCAL/EXT/src/EXTI_program.o
                0x00001000                EXTI_uint8Int2SetCallBack
 .text.__vector_1
                0x0000103a       0x66 ./BSW/MCAL/EXT/src/EXTI_program.o
                0x0000103a                __vector_1
 .text.__vector_2
                0x000010a0       0x66 ./BSW/MCAL/EXT/src/EXTI_program.o
                0x000010a0                __vector_2
 .text.__vector_3
                0x00001106       0x66 ./BSW/MCAL/EXT/src/EXTI_program.o
                0x00001106                __vector_3
 .text.DIO_SetPortVal
                0x0000116c       0x96 ./BSW/MCAL/DIO/src/DIO_Program.o
                0x0000116c                DIO_SetPortVal
 .text.DIO_SetPinVal
                0x00001202      0x21c ./BSW/MCAL/DIO/src/DIO_Program.o
                0x00001202                DIO_SetPinVal
 .text.DIO_SetPortDir
                0x0000141e       0x96 ./BSW/MCAL/DIO/src/DIO_Program.o
                0x0000141e                DIO_SetPortDir
 .text.DIO_SetPinDir
                0x000014b4      0x21c ./BSW/MCAL/DIO/src/DIO_Program.o
                0x000014b4                DIO_SetPinDir
 .text.DIO_GetPinVal
                0x000016d0      0x12a ./BSW/MCAL/DIO/src/DIO_Program.o
                0x000016d0                DIO_GetPinVal
 .text.DIO_GetPortVal
                0x000017fa       0xaa ./BSW/MCAL/DIO/src/DIO_Program.o
                0x000017fa                DIO_GetPortVal
 .text.ADC_voidInit
                0x000018a4       0x50 ./BSW/MCAL/ADC/src/ADC_program.o
                0x000018a4                ADC_voidInit
 .text.ADC_uint8StartConversionSynchronus
                0x000018f4       0xda ./BSW/MCAL/ADC/src/ADC_program.o
                0x000018f4                ADC_uint8StartConversionSynchronus
 .text.ADC_uint8StartConversionASynchronus
                0x000019ce       0x78 ./BSW/MCAL/ADC/src/ADC_program.o
                0x000019ce                ADC_uint8StartConversionASynchronus
 .text.__vector_16
                0x00001a46       0x6e ./BSW/MCAL/ADC/src/ADC_program.o
                0x00001a46                __vector_16
 .text.delay_ms
                0x00001ab4       0x92 ./BSW/HAL/CLCD/src/CLCD_program.o
                0x00001ab4                delay_ms
 .text.CLCD_voidSendCommand
                0x00001b46       0x4c ./BSW/HAL/CLCD/src/CLCD_program.o
                0x00001b46                CLCD_voidSendCommand
 .text.CLCD_voidInit
                0x00001b92       0x28 ./BSW/HAL/CLCD/src/CLCD_program.o
                0x00001b92                CLCD_voidInit
 .text.CLCD_voidSendData
                0x00001bba       0x4c ./BSW/HAL/CLCD/src/CLCD_program.o
                0x00001bba                CLCD_voidSendData
 .text.CLCD_voidSendString
                0x00001c06       0x52 ./BSW/HAL/CLCD/src/CLCD_program.o
                0x00001c06                CLCD_voidSendString
 .text.CLCD_voidGoToXY
                0x00001c58       0x3c ./BSW/HAL/CLCD/src/CLCD_program.o
                0x00001c58                CLCD_voidGoToXY
 .text.CLCD_voidWriteNumber
                0x00001c94      0x11e ./BSW/HAL/CLCD/src/CLCD_program.o
                0x00001c94                CLCD_voidWriteNumber
 .text.CLCD_voidWriteSpecialChar
                0x00001db2       0x82 ./BSW/HAL/CLCD/src/CLCD_program.o
                0x00001db2                CLCD_voidWriteSpecialChar
 .text.HandleGreenState
                0x00001e34       0x22 ./App/TrafficLights/src/TrafficLightsControl.o
 .text.HandleRedState
                0x00001e56       0x2c ./App/TrafficLights/src/TrafficLightsControl.o
 .text.HandleyellowState
                0x00001e82       0x2c ./App/TrafficLights/src/TrafficLightsControl.o
 .text.TimerISR
                0x00001eae       0x20 ./App/TrafficLights/src/TrafficLightsControl.o
                0x00001eae                TimerISR
 .text.TrafficLightInit
                0x00001ece       0x44 ./App/TrafficLights/src/TrafficLightsControl.o
                0x00001ece                TrafficLightInit
 .text.Traffic_Handler
                0x00001f12       0xd0 ./App/TrafficLights/src/TrafficLightsControl.o
                0x00001f12                Traffic_Handler
 .text.TrafficLightMainFunction
                0x00001fe2       0x70 ./App/TrafficLights/src/TrafficLightsControl.o
                0x00001fe2                TrafficLightMainFunction
 .text.main     0x00002052       0x12 ./App/main.o
                0x00002052                main
 .text.libgcc   0x00002064       0x28 d:/eclipse/eclipse/winavr/bin/../lib/gcc/avr/4.3.3/avr5\libgcc.a(_udivmodhi4.o)
                0x00002064                __udivmodhi4
 .text.libgcc   0x0000208c       0x36 d:/eclipse/eclipse/winavr/bin/../lib/gcc/avr/4.3.3/avr5\libgcc.a(_divmodsi4.o)
                0x0000208c                __divmodsi4
 .text.libgcc   0x000020c2        0x0 d:/eclipse/eclipse/winavr/bin/../lib/gcc/avr/4.3.3/avr5\libgcc.a(_exit.o)
 .text.libgcc   0x000020c2        0x0 d:/eclipse/eclipse/winavr/bin/../lib/gcc/avr/4.3.3/avr5\libgcc.a(_copy_data.o)
 .text.libgcc   0x000020c2        0x0 d:/eclipse/eclipse/winavr/bin/../lib/gcc/avr/4.3.3/avr5\libgcc.a(_clear_bss.o)
 .text.libgcc   0x000020c2       0x44 d:/eclipse/eclipse/winavr/bin/../lib/gcc/avr/4.3.3/avr5\libgcc.a(_udivmodsi4.o)
                0x000020c2                __udivmodsi4
 .text.avr-libc
                0x00002106      0x20a d:/eclipse/eclipse/winavr/bin/../lib/gcc/avr/4.3.3/../../../../avr/lib/avr5\libc.a(malloc.o)
                0x00002106                malloc
                0x00002260                free
 .text.avr-libc
                0x00002310       0x2a d:/eclipse/eclipse/winavr/bin/../lib/gcc/avr/4.3.3/../../../../avr/lib/avr5\libc.a(printf.o)
                0x00002310                printf
 .text.avr-libc
                0x0000233a      0x3ba d:/eclipse/eclipse/winavr/bin/../lib/gcc/avr/4.3.3/../../../../avr/lib/avr5\libc.a(vfprintf_std.o)
                0x0000233a                vfprintf
 .text.avr-libc
                0x000026f4       0x16 d:/eclipse/eclipse/winavr/bin/../lib/gcc/avr/4.3.3/../../../../avr/lib/avr5\libc.a(strnlen_P.o)
                0x000026f4                strnlen_P
 .text.avr-libc
                0x0000270a       0x16 d:/eclipse/eclipse/winavr/bin/../lib/gcc/avr/4.3.3/../../../../avr/lib/avr5\libc.a(strnlen.o)
                0x0000270a                strnlen
 .text.avr-libc
                0x00002720       0x58 d:/eclipse/eclipse/winavr/bin/../lib/gcc/avr/4.3.3/../../../../avr/lib/avr5\libc.a(fputc.o)
                0x00002720                fputc
 .text.avr-libc
                0x00002778       0xbc d:/eclipse/eclipse/winavr/bin/../lib/gcc/avr/4.3.3/../../../../avr/lib/avr5\libc.a(ultoa_invert.o)
                0x00002778                __ultoa_invert
 .text.libgcc   0x00002834       0x38 d:/eclipse/eclipse/winavr/bin/../lib/gcc/avr/4.3.3/avr5\libgcc.a(_prologue.o)
                0x00002834                __prologue_saves__
 .text.libgcc   0x0000286c       0x36 d:/eclipse/eclipse/winavr/bin/../lib/gcc/avr/4.3.3/avr5\libgcc.a(_epilogue.o)
                0x0000286c                __epilogue_restores__
                0x000028a2                . = ALIGN (0x2)
 *(.fini9)
 .fini9         0x000028a2        0x0 d:/eclipse/eclipse/winavr/bin/../lib/gcc/avr/4.3.3/avr5\libgcc.a(_exit.o)
                0x000028a2                exit
                0x000028a2                _exit
 *(.fini9)
 *(.fini8)
 *(.fini8)
 *(.fini7)
 *(.fini7)
 *(.fini6)
 *(.fini6)
 *(.fini5)
 *(.fini5)
 *(.fini4)
 *(.fini4)
 *(.fini3)
 *(.fini3)
 *(.fini2)
 *(.fini2)
 *(.fini1)
 *(.fini1)
 *(.fini0)
 .fini0         0x000028a2        0x4 d:/eclipse/eclipse/winavr/bin/../lib/gcc/avr/4.3.3/avr5\libgcc.a(_exit.o)
 *(.fini0)
                0x000028a6                _etext = .

.data           0x00800060       0x28 load address 0x000028a6
                0x00800060                PROVIDE (__data_start, .)
 *(.data)
 .data          0x00800060        0x0 d:/eclipse/eclipse/winavr/bin/../lib/gcc/avr/4.3.3/../../../../avr/lib/avr5/crtm32.o
 .data          0x00800060       0x20 ./Services/Stack/Stack.o
 .data          0x00800080        0x0 ./BSW/MCAL/TIMER2/src/TIMER2_program.o
 .data          0x00800080        0x0 ./BSW/MCAL/TIMER1/src/TIMER1_program.o
 .data          0x00800080        0x0 ./BSW/MCAL/TIMER0/src/TIMER0_program.o
 .data          0x00800080        0x0 ./BSW/MCAL/PORT/src/PORT_program.o
 .data          0x00800080        0x0 ./BSW/MCAL/GIE/src/GIE_program.o
 .data          0x00800080        0x0 ./BSW/MCAL/EXT/src/EXTI_program.o
 .data          0x00800080        0x0 ./BSW/MCAL/DIO/src/DIO_Program.o
 .data          0x00800080        0x0 ./BSW/MCAL/ADC/src/ADC_program.o
 .data          0x00800080        0x0 ./BSW/HAL/CLCD/src/CLCD_program.o
 .data          0x00800080        0x0 ./App/TrafficLights/src/TrafficLightsControl.o
 .data          0x00800080        0x0 ./App/main.o
 .data          0x00800080        0x0 d:/eclipse/eclipse/winavr/bin/../lib/gcc/avr/4.3.3/avr5\libgcc.a(_udivmodhi4.o)
 .data          0x00800080        0x0 d:/eclipse/eclipse/winavr/bin/../lib/gcc/avr/4.3.3/avr5\libgcc.a(_divmodsi4.o)
 .data          0x00800080        0x0 d:/eclipse/eclipse/winavr/bin/../lib/gcc/avr/4.3.3/avr5\libgcc.a(_exit.o)
 .data          0x00800080        0x0 d:/eclipse/eclipse/winavr/bin/../lib/gcc/avr/4.3.3/avr5\libgcc.a(_copy_data.o)
 .data          0x00800080        0x0 d:/eclipse/eclipse/winavr/bin/../lib/gcc/avr/4.3.3/avr5\libgcc.a(_clear_bss.o)
 .data          0x00800080        0x0 d:/eclipse/eclipse/winavr/bin/../lib/gcc/avr/4.3.3/avr5\libgcc.a(_udivmodsi4.o)
 .data          0x00800080        0x6 d:/eclipse/eclipse/winavr/bin/../lib/gcc/avr/4.3.3/../../../../avr/lib/avr5\libc.a(malloc.o)
                0x00800082                __malloc_heap_start
                0x00800084                __malloc_heap_end
                0x00800080                __malloc_margin
 .data          0x00800086        0x0 d:/eclipse/eclipse/winavr/bin/../lib/gcc/avr/4.3.3/../../../../avr/lib/avr5\libc.a(printf.o)
 .data          0x00800086        0x0 d:/eclipse/eclipse/winavr/bin/../lib/gcc/avr/4.3.3/../../../../avr/lib/avr5\libc.a(vfprintf_std.o)
 .data          0x00800086        0x0 d:/eclipse/eclipse/winavr/bin/../lib/gcc/avr/4.3.3/../../../../avr/lib/avr5\libc.a(strnlen_P.o)
 .data          0x00800086        0x0 d:/eclipse/eclipse/winavr/bin/../lib/gcc/avr/4.3.3/../../../../avr/lib/avr5\libc.a(strnlen.o)
 .data          0x00800086        0x0 d:/eclipse/eclipse/winavr/bin/../lib/gcc/avr/4.3.3/../../../../avr/lib/avr5\libc.a(fputc.o)
 .data          0x00800086        0x0 d:/eclipse/eclipse/winavr/bin/../lib/gcc/avr/4.3.3/../../../../avr/lib/avr5\libc.a(iob.o)
 .data          0x00800086        0x0 d:/eclipse/eclipse/winavr/bin/../lib/gcc/avr/4.3.3/../../../../avr/lib/avr5\libc.a(ultoa_invert.o)
 .data          0x00800086        0x0 d:/eclipse/eclipse/winavr/bin/../lib/gcc/avr/4.3.3/avr5\libgcc.a(_prologue.o)
 .data          0x00800086        0x0 d:/eclipse/eclipse/winavr/bin/../lib/gcc/avr/4.3.3/avr5\libgcc.a(_epilogue.o)
 *(.data*)
 .data.last_handled_time
                0x00800086        0x2 ./App/TrafficLights/src/TrafficLightsControl.o
                0x00800086                last_handled_time
 *(.rodata)
 *(.rodata*)
 *(.gnu.linkonce.d*)
                0x00800088                . = ALIGN (0x2)
                0x00800088                _edata = .
                0x00800088                PROVIDE (__data_end, .)

.bss            0x00800088       0x2e
                0x00800088                PROVIDE (__bss_start, .)
 *(.bss)
 .bss           0x00800088        0x0 d:/eclipse/eclipse/winavr/bin/../lib/gcc/avr/4.3.3/../../../../avr/lib/avr5/crtm32.o
 .bss           0x00800088        0x0 ./Services/Stack/Stack.o
 .bss           0x00800088        0x0 ./BSW/MCAL/TIMER2/src/TIMER2_program.o
 .bss           0x00800088        0x0 ./BSW/MCAL/TIMER1/src/TIMER1_program.o
 .bss           0x00800088        0x0 ./BSW/MCAL/TIMER0/src/TIMER0_program.o
 .bss           0x00800088        0x0 ./BSW/MCAL/PORT/src/PORT_program.o
 .bss           0x00800088        0x0 ./BSW/MCAL/GIE/src/GIE_program.o
 .bss           0x00800088        0x0 ./BSW/MCAL/EXT/src/EXTI_program.o
 .bss           0x00800088        0x0 ./BSW/MCAL/DIO/src/DIO_Program.o
 .bss           0x00800088        0x0 ./BSW/MCAL/ADC/src/ADC_program.o
 .bss           0x00800088        0x0 ./BSW/HAL/CLCD/src/CLCD_program.o
 .bss           0x00800088        0x0 ./App/TrafficLights/src/TrafficLightsControl.o
 .bss           0x00800088        0x0 ./App/main.o
 .bss           0x00800088        0x0 d:/eclipse/eclipse/winavr/bin/../lib/gcc/avr/4.3.3/avr5\libgcc.a(_udivmodhi4.o)
 .bss           0x00800088        0x0 d:/eclipse/eclipse/winavr/bin/../lib/gcc/avr/4.3.3/avr5\libgcc.a(_divmodsi4.o)
 .bss           0x00800088        0x0 d:/eclipse/eclipse/winavr/bin/../lib/gcc/avr/4.3.3/avr5\libgcc.a(_exit.o)
 .bss           0x00800088        0x0 d:/eclipse/eclipse/winavr/bin/../lib/gcc/avr/4.3.3/avr5\libgcc.a(_copy_data.o)
 .bss           0x00800088        0x0 d:/eclipse/eclipse/winavr/bin/../lib/gcc/avr/4.3.3/avr5\libgcc.a(_clear_bss.o)
 .bss           0x00800088        0x0 d:/eclipse/eclipse/winavr/bin/../lib/gcc/avr/4.3.3/avr5\libgcc.a(_udivmodsi4.o)
 .bss           0x00800088        0x0 d:/eclipse/eclipse/winavr/bin/../lib/gcc/avr/4.3.3/../../../../avr/lib/avr5\libc.a(malloc.o)
 .bss           0x00800088        0x0 d:/eclipse/eclipse/winavr/bin/../lib/gcc/avr/4.3.3/../../../../avr/lib/avr5\libc.a(printf.o)
 .bss           0x00800088        0x0 d:/eclipse/eclipse/winavr/bin/../lib/gcc/avr/4.3.3/../../../../avr/lib/avr5\libc.a(vfprintf_std.o)
 .bss           0x00800088        0x0 d:/eclipse/eclipse/winavr/bin/../lib/gcc/avr/4.3.3/../../../../avr/lib/avr5\libc.a(strnlen_P.o)
 .bss           0x00800088        0x0 d:/eclipse/eclipse/winavr/bin/../lib/gcc/avr/4.3.3/../../../../avr/lib/avr5\libc.a(strnlen.o)
 .bss           0x00800088        0x0 d:/eclipse/eclipse/winavr/bin/../lib/gcc/avr/4.3.3/../../../../avr/lib/avr5\libc.a(fputc.o)
 .bss           0x00800088        0x0 d:/eclipse/eclipse/winavr/bin/../lib/gcc/avr/4.3.3/../../../../avr/lib/avr5\libc.a(iob.o)
 .bss           0x00800088        0x0 d:/eclipse/eclipse/winavr/bin/../lib/gcc/avr/4.3.3/../../../../avr/lib/avr5\libc.a(ultoa_invert.o)
 .bss           0x00800088        0x0 d:/eclipse/eclipse/winavr/bin/../lib/gcc/avr/4.3.3/avr5\libgcc.a(_prologue.o)
 .bss           0x00800088        0x0 d:/eclipse/eclipse/winavr/bin/../lib/gcc/avr/4.3.3/avr5\libgcc.a(_epilogue.o)
 *(.bss*)
 .bss.Global_PvCompareMatch
                0x00800088        0x2 ./BSW/MCAL/TIMER2/src/TIMER2_program.o
 .bss.Global_PvOverFlow
                0x0080008a        0x2 ./BSW/MCAL/TIMER2/src/TIMER2_program.o
 .bss.TIMER1_pvCallBackFunc_CTC_A
                0x0080008c        0x2 ./BSW/MCAL/TIMER1/src/TIMER1_program.o
 .bss.TIMER1_pvCallBackFunc_CTC_B
                0x0080008e        0x2 ./BSW/MCAL/TIMER1/src/TIMER1_program.o
 .bss.TIMER1_pvCallBackFunc_OV
                0x00800090        0x2 ./BSW/MCAL/TIMER1/src/TIMER1_program.o
 .bss.TIMER1_pvCallBackFunc_CaptEvnt
                0x00800092        0x2 ./BSW/MCAL/TIMER1/src/TIMER1_program.o
 .bss.Global_PvCompareMatch
                0x00800094        0x2 ./BSW/MCAL/TIMER0/src/TIMER0_program.o
 .bss.Global_PvOverFlow
                0x00800096        0x2 ./BSW/MCAL/TIMER0/src/TIMER0_program.o
 .bss.Global_EXTI_pvInt0Func
                0x00800098        0x2 ./BSW/MCAL/EXT/src/EXTI_program.o
 .bss.Global_EXTI_pvInt1Func
                0x0080009a        0x2 ./BSW/MCAL/EXT/src/EXTI_program.o
 .bss.Global_EXTI_pvInt2Func
                0x0080009c        0x2 ./BSW/MCAL/EXT/src/EXTI_program.o
 .bss.Global_PvNotifacation
                0x0080009e        0x2 ./BSW/MCAL/ADC/src/ADC_program.o
 .bss.Global_uint16PuReading
                0x008000a0        0x2 ./BSW/MCAL/ADC/src/ADC_program.o
 .bss.timer_counter
                0x008000a2        0x2 ./App/TrafficLights/src/TrafficLightsControl.o
                0x008000a2                timer_counter
 *(COMMON)
 COMMON         0x008000a4        0x8 ./App/TrafficLights/src/TrafficLightsControl.o
                0x008000a4                Local_Variable
                0x008000a6                TrafficStack
 COMMON         0x008000ac        0x4 d:/eclipse/eclipse/winavr/bin/../lib/gcc/avr/4.3.3/../../../../avr/lib/avr5\libc.a(malloc.o)
                0x008000ac                __brkval
                0x008000ae                __flp
 COMMON         0x008000b0        0x6 d:/eclipse/eclipse/winavr/bin/../lib/gcc/avr/4.3.3/../../../../avr/lib/avr5\libc.a(iob.o)
                0x008000b0                __iob
                0x008000b6                PROVIDE (__bss_end, .)
                0x000028a6                __data_load_start = LOADADDR (.data)
                0x000028ce                __data_load_end = (__data_load_start + SIZEOF (.data))

.noinit         0x008000b6        0x0
                0x008000b6                PROVIDE (__noinit_start, .)
 *(.noinit*)
                0x008000b6                PROVIDE (__noinit_end, .)
                0x008000b6                _end = .
                0x008000b6                PROVIDE (__heap_start, .)

.eeprom         0x00810000        0x0
 *(.eeprom*)
                0x00810000                __eeprom_end = .

.fuse
 *(.fuse)
 *(.lfuse)
 *(.hfuse)
 *(.efuse)

.lock
 *(.lock*)

.signature
 *(.signature*)

.stab           0x00000000     0x42e4
 *(.stab)
 .stab          0x00000000      0x96c ./Services/Stack/Stack.o
 .stab          0x0000096c      0x5b8 ./BSW/MCAL/TIMER2/src/TIMER2_program.o
                                0x5c4 (size before relaxing)
 .stab          0x00000f24      0x6fc ./BSW/MCAL/TIMER1/src/TIMER1_program.o
                                0x708 (size before relaxing)
 .stab          0x00001620      0x5ac ./BSW/MCAL/TIMER0/src/TIMER0_program.o
                                0x5b8 (size before relaxing)
 .stab          0x00001bcc      0x1f8 ./BSW/MCAL/PORT/src/PORT_program.o
                                0x204 (size before relaxing)
 .stab          0x00001dc4      0x1d4 ./BSW/MCAL/GIE/src/GIE_program.o
                                0x1e0 (size before relaxing)
 .stab          0x00001f98      0x768 ./BSW/MCAL/EXT/src/EXTI_program.o
                                0x774 (size before relaxing)
 .stab          0x00002700      0x7c8 ./BSW/MCAL/DIO/src/DIO_Program.o
                                0x7d4 (size before relaxing)
 .stab          0x00002ec8      0x4f8 ./BSW/MCAL/ADC/src/ADC_program.o
                                0x504 (size before relaxing)
 .stab          0x000033c0      0x708 ./BSW/HAL/CLCD/src/CLCD_program.o
                                0x714 (size before relaxing)
 .stab          0x00003ac8      0x5b8 ./App/TrafficLights/src/TrafficLightsControl.o
                                0x5c4 (size before relaxing)
 .stab          0x00004080      0x264 ./App/main.o
                                0x270 (size before relaxing)

.stabstr        0x00000000     0x3840
 *(.stabstr)
 .stabstr       0x00000000     0x3840 ./Services/Stack/Stack.o

.stab.excl
 *(.stab.excl)

.stab.exclstr
 *(.stab.exclstr)

.stab.index
 *(.stab.index)

.stab.indexstr
 *(.stab.indexstr)

.comment
 *(.comment)

.debug
 *(.debug)

.line
 *(.line)

.debug_srcinfo
 *(.debug_srcinfo)

.debug_sfnames
 *(.debug_sfnames)

.debug_aranges
 *(.debug_aranges)

.debug_pubnames
 *(.debug_pubnames)

.debug_info
 *(.debug_info)
 *(.gnu.linkonce.wi.*)

.debug_abbrev
 *(.debug_abbrev)

.debug_line
 *(.debug_line)

.debug_frame
 *(.debug_frame)

.debug_str
 *(.debug_str)

.debug_loc
 *(.debug_loc)

.debug_macinfo
 *(.debug_macinfo)
OUTPUT(AT32.elf elf32-avr)
LOAD linker stubs
