Archive member included because of file (symbol)

d:/eclipse/eclipse/winavr/bin/../lib/gcc/avr/4.3.3/avr5\libgcc.a(_mulsi3.o)
                              ./App/Fixed_Point/src/Fixed_Point.o (__mulsi3)
d:/eclipse/eclipse/winavr/bin/../lib/gcc/avr/4.3.3/avr5\libgcc.a(_udivmodhi4.o)
                              ./BSW/MCAL/TIMER2/src/TIMER2_program.o (__udivmodhi4)
d:/eclipse/eclipse/winavr/bin/../lib/gcc/avr/4.3.3/avr5\libgcc.a(_udivmodsi4.o)
                              ./App/Fixed_Point/src/Fixed_Point.o (__udivmodsi4)
d:/eclipse/eclipse/winavr/bin/../lib/gcc/avr/4.3.3/avr5\libgcc.a(_divmodsi4.o)
                              ./BSW/HAL/CLCD/src/CLCD_program.o (__divmodsi4)
d:/eclipse/eclipse/winavr/bin/../lib/gcc/avr/4.3.3/avr5\libgcc.a(_exit.o)
                              d:/eclipse/eclipse/winavr/bin/../lib/gcc/avr/4.3.3/../../../../avr/lib/avr5/crtm32.o (exit)
d:/eclipse/eclipse/winavr/bin/../lib/gcc/avr/4.3.3/avr5\libgcc.a(_copy_data.o)
                              ./Services/Stack/Stack.o (__do_copy_data)
d:/eclipse/eclipse/winavr/bin/../lib/gcc/avr/4.3.3/avr5\libgcc.a(_clear_bss.o)
                              ./BSW/MCAL/TIMER2/src/TIMER2_program.o (__do_clear_bss)
d:/eclipse/eclipse/winavr/bin/../lib/gcc/avr/4.3.3/avr5\libgcc.a(_fixunssfsi.o)
                              ./App/Fixed_Point/src/Fixed_Point.o (__fixunssfsi)
d:/eclipse/eclipse/winavr/bin/../lib/gcc/avr/4.3.3/avr5\libgcc.a(_addsub_sf.o)
                              d:/eclipse/eclipse/winavr/bin/../lib/gcc/avr/4.3.3/avr5\libgcc.a(_fixunssfsi.o) (__subsf3)
d:/eclipse/eclipse/winavr/bin/../lib/gcc/avr/4.3.3/avr5\libgcc.a(_mul_sf.o)
                              ./App/Fixed_Point/src/Fixed_Point.o (__mulsf3)
d:/eclipse/eclipse/winavr/bin/../lib/gcc/avr/4.3.3/avr5\libgcc.a(_div_sf.o)
                              ./App/Fixed_Point/src/Fixed_Point.o (__divsf3)
d:/eclipse/eclipse/winavr/bin/../lib/gcc/avr/4.3.3/avr5\libgcc.a(_ge_sf.o)
                              d:/eclipse/eclipse/winavr/bin/../lib/gcc/avr/4.3.3/avr5\libgcc.a(_fixunssfsi.o) (__gesf2)
d:/eclipse/eclipse/winavr/bin/../lib/gcc/avr/4.3.3/avr5\libgcc.a(_sf_to_si.o)
                              ./App/main.o (__fixsfsi)
d:/eclipse/eclipse/winavr/bin/../lib/gcc/avr/4.3.3/avr5\libgcc.a(_thenan_sf.o)
                              d:/eclipse/eclipse/winavr/bin/../lib/gcc/avr/4.3.3/avr5\libgcc.a(_addsub_sf.o) (__thenan_sf)
d:/eclipse/eclipse/winavr/bin/../lib/gcc/avr/4.3.3/avr5\libgcc.a(_usi_to_sf.o)
                              ./App/Fixed_Point/src/Fixed_Point.o (__floatunsisf)
d:/eclipse/eclipse/winavr/bin/../lib/gcc/avr/4.3.3/avr5\libgcc.a(_prologue.o)
                              d:/eclipse/eclipse/winavr/bin/../lib/gcc/avr/4.3.3/avr5\libgcc.a(_addsub_sf.o) (__prologue_saves__)
d:/eclipse/eclipse/winavr/bin/../lib/gcc/avr/4.3.3/avr5\libgcc.a(_epilogue.o)
                              d:/eclipse/eclipse/winavr/bin/../lib/gcc/avr/4.3.3/avr5\libgcc.a(_addsub_sf.o) (__epilogue_restores__)
d:/eclipse/eclipse/winavr/bin/../lib/gcc/avr/4.3.3/avr5\libgcc.a(_clzsi2.o)
                              d:/eclipse/eclipse/winavr/bin/../lib/gcc/avr/4.3.3/avr5\libgcc.a(_usi_to_sf.o) (__clzsi2)
d:/eclipse/eclipse/winavr/bin/../lib/gcc/avr/4.3.3/avr5\libgcc.a(_pack_sf.o)
                              d:/eclipse/eclipse/winavr/bin/../lib/gcc/avr/4.3.3/avr5\libgcc.a(_addsub_sf.o) (__pack_f)
d:/eclipse/eclipse/winavr/bin/../lib/gcc/avr/4.3.3/avr5\libgcc.a(_unpack_sf.o)
                              d:/eclipse/eclipse/winavr/bin/../lib/gcc/avr/4.3.3/avr5\libgcc.a(_addsub_sf.o) (__unpack_f)
d:/eclipse/eclipse/winavr/bin/../lib/gcc/avr/4.3.3/avr5\libgcc.a(_fpcmp_parts_sf.o)
                              d:/eclipse/eclipse/winavr/bin/../lib/gcc/avr/4.3.3/avr5\libgcc.a(_ge_sf.o) (__fpcmp_parts_f)
d:/eclipse/eclipse/winavr/bin/../lib/gcc/avr/4.3.3/avr5\libgcc.a(_clz.o)
                              d:/eclipse/eclipse/winavr/bin/../lib/gcc/avr/4.3.3/avr5\libgcc.a(_clzsi2.o) (__clz_tab)
d:/eclipse/eclipse/winavr/bin/../lib/gcc/avr/4.3.3/../../../../avr/lib/avr5\libc.a(malloc.o)
                              ./Services/Stack/Stack.o (malloc)
d:/eclipse/eclipse/winavr/bin/../lib/gcc/avr/4.3.3/../../../../avr/lib/avr5\libc.a(printf.o)
                              ./Services/Stack/Stack.o (printf)
d:/eclipse/eclipse/winavr/bin/../lib/gcc/avr/4.3.3/../../../../avr/lib/avr5\libc.a(vfprintf_std.o)
                              d:/eclipse/eclipse/winavr/bin/../lib/gcc/avr/4.3.3/../../../../avr/lib/avr5\libc.a(printf.o) (vfprintf)
d:/eclipse/eclipse/winavr/bin/../lib/gcc/avr/4.3.3/../../../../avr/lib/avr5\libc.a(strnlen_P.o)
                              d:/eclipse/eclipse/winavr/bin/../lib/gcc/avr/4.3.3/../../../../avr/lib/avr5\libc.a(vfprintf_std.o) (strnlen_P)
d:/eclipse/eclipse/winavr/bin/../lib/gcc/avr/4.3.3/../../../../avr/lib/avr5\libc.a(strnlen.o)
                              d:/eclipse/eclipse/winavr/bin/../lib/gcc/avr/4.3.3/../../../../avr/lib/avr5\libc.a(vfprintf_std.o) (strnlen)
d:/eclipse/eclipse/winavr/bin/../lib/gcc/avr/4.3.3/../../../../avr/lib/avr5\libc.a(fputc.o)
                              d:/eclipse/eclipse/winavr/bin/../lib/gcc/avr/4.3.3/../../../../avr/lib/avr5\libc.a(vfprintf_std.o) (fputc)
d:/eclipse/eclipse/winavr/bin/../lib/gcc/avr/4.3.3/../../../../avr/lib/avr5\libc.a(iob.o)
                              d:/eclipse/eclipse/winavr/bin/../lib/gcc/avr/4.3.3/../../../../avr/lib/avr5\libc.a(printf.o) (__iob)
d:/eclipse/eclipse/winavr/bin/../lib/gcc/avr/4.3.3/../../../../avr/lib/avr5\libc.a(ultoa_invert.o)
                              d:/eclipse/eclipse/winavr/bin/../lib/gcc/avr/4.3.3/../../../../avr/lib/avr5\libc.a(vfprintf_std.o) (__ultoa_invert)

Allocating common symbols
Common symbol       size              file

__brkval            0x2               d:/eclipse/eclipse/winavr/bin/../lib/gcc/avr/4.3.3/../../../../avr/lib/avr5\libc.a(malloc.o)
Local_Variable      0x2               ./App/TrafficLights/src/TrafficLightsControl.o
TrafficStack        0x6               ./App/TrafficLights/src/TrafficLightsControl.o
__flp               0x2               d:/eclipse/eclipse/winavr/bin/../lib/gcc/avr/4.3.3/../../../../avr/lib/avr5\libc.a(malloc.o)
__iob               0x6               d:/eclipse/eclipse/winavr/bin/../lib/gcc/avr/4.3.3/../../../../avr/lib/avr5\libc.a(iob.o)

Memory Configuration

Name             Origin             Length             Attributes
text             0x00000000         0x00020000         xr
data             0x00800060         0x0000ffa0         rw !x
eeprom           0x00810000         0x00010000         rw !x
fuse             0x00820000         0x00000400         rw !x
lock             0x00830000         0x00000400         rw !x
signature        0x00840000         0x00000400         rw !x
*default*        0x00000000         0xffffffff

Linker script and memory map

LOAD d:/eclipse/eclipse/winavr/bin/../lib/gcc/avr/4.3.3/../../../../avr/lib/avr5/crtm32.o
LOAD ./Services/Stack/Stack.o
LOAD ./BSW/MCAL/TIMER2/src/TIMER2_program.o
LOAD ./BSW/MCAL/TIMER1/src/TIMER1_program.o
LOAD ./BSW/MCAL/TIMER0/src/TIMER0_program.o
LOAD ./BSW/MCAL/PORT/src/PORT_program.o
LOAD ./BSW/MCAL/GIE/src/GIE_program.o
LOAD ./BSW/MCAL/EXT/src/EXTI_program.o
LOAD ./BSW/MCAL/DIO/src/DIO_Program.o
LOAD ./BSW/MCAL/ADC/src/ADC_program.o
LOAD ./BSW/HAL/CLCD/src/CLCD_program.o
LOAD ./App/TrafficLights/src/TrafficLightsControl.o
LOAD ./App/Fixed_Point/src/Fixed_Point.o
LOAD ./App/main.o
LOAD d:/eclipse/eclipse/winavr/bin/../lib/gcc/avr/4.3.3/avr5\libgcc.a
LOAD d:/eclipse/eclipse/winavr/bin/../lib/gcc/avr/4.3.3/../../../../avr/lib/avr5\libc.a
LOAD d:/eclipse/eclipse/winavr/bin/../lib/gcc/avr/4.3.3/avr5\libgcc.a

.hash
 *(.hash)

.dynsym
 *(.dynsym)

.dynstr
 *(.dynstr)

.gnu.version
 *(.gnu.version)

.gnu.version_d
 *(.gnu.version_d)

.gnu.version_r
 *(.gnu.version_r)

.rel.init
 *(.rel.init)

.rela.init
 *(.rela.init)

.rel.text
 *(.rel.text)
 *(.rel.text.*)
 *(.rel.gnu.linkonce.t*)

.rela.text
 *(.rela.text)
 *(.rela.text.*)
 *(.rela.gnu.linkonce.t*)

.rel.fini
 *(.rel.fini)

.rela.fini
 *(.rela.fini)

.rel.rodata
 *(.rel.rodata)
 *(.rel.rodata.*)
 *(.rel.gnu.linkonce.r*)

.rela.rodata
 *(.rela.rodata)
 *(.rela.rodata.*)
 *(.rela.gnu.linkonce.r*)

.rel.data
 *(.rel.data)
 *(.rel.data.*)
 *(.rel.gnu.linkonce.d*)

.rela.data
 *(.rela.data)
 *(.rela.data.*)
 *(.rela.gnu.linkonce.d*)

.rel.ctors
 *(.rel.ctors)

.rela.ctors
 *(.rela.ctors)

.rel.dtors
 *(.rel.dtors)

.rela.dtors
 *(.rela.dtors)

.rel.got
 *(.rel.got)

.rela.got
 *(.rela.got)

.rel.bss
 *(.rel.bss)

.rela.bss
 *(.rela.bss)

.rel.plt
 *(.rel.plt)

.rela.plt
 *(.rela.plt)

.text           0x00000000     0x37c0
 *(.vectors)
 .vectors       0x00000000       0x54 d:/eclipse/eclipse/winavr/bin/../lib/gcc/avr/4.3.3/../../../../avr/lib/avr5/crtm32.o
                0x00000000                __vectors
                0x00000000                __vector_default
 *(.vectors)
 *(.progmem.gcc*)
 *(.progmem*)
                0x00000054                . = ALIGN (0x2)
                0x00000054                __trampolines_start = .
 *(.trampolines)
 .trampolines   0x00000054        0x0 linker stubs
 *(.trampolines*)
                0x00000054                __trampolines_end = .
 *(.jumptables)
 *(.jumptables*)
 *(.lowtext)
 *(.lowtext*)
                0x00000054                __ctors_start = .
 *(.ctors)
                0x00000054                __ctors_end = .
                0x00000054                __dtors_start = .
 *(.dtors)
                0x00000054                __dtors_end = .
 SORT(*)(.ctors)
 SORT(*)(.dtors)
 *(.init0)
 .init0         0x00000054        0x0 d:/eclipse/eclipse/winavr/bin/../lib/gcc/avr/4.3.3/../../../../avr/lib/avr5/crtm32.o
                0x00000054                __init
 *(.init0)
 *(.init1)
 *(.init1)
 *(.init2)
 .init2         0x00000054        0xc d:/eclipse/eclipse/winavr/bin/../lib/gcc/avr/4.3.3/../../../../avr/lib/avr5/crtm32.o
 *(.init2)
 *(.init3)
 *(.init3)
 *(.init4)
 .init4         0x00000060       0x16 d:/eclipse/eclipse/winavr/bin/../lib/gcc/avr/4.3.3/avr5\libgcc.a(_copy_data.o)
                0x00000060                __do_copy_data
 .init4         0x00000076       0x10 d:/eclipse/eclipse/winavr/bin/../lib/gcc/avr/4.3.3/avr5\libgcc.a(_clear_bss.o)
                0x00000076                __do_clear_bss
 *(.init4)
 *(.init5)
 *(.init5)
 *(.init6)
 *(.init6)
 *(.init7)
 *(.init7)
 *(.init8)
 *(.init8)
 *(.init9)
 .init9         0x00000086        0x8 d:/eclipse/eclipse/winavr/bin/../lib/gcc/avr/4.3.3/../../../../avr/lib/avr5/crtm32.o
 *(.init9)
 *(.text)
 .text          0x0000008e        0x4 d:/eclipse/eclipse/winavr/bin/../lib/gcc/avr/4.3.3/../../../../avr/lib/avr5/crtm32.o
                0x0000008e                __vector_12
                0x0000008e                __bad_interrupt
                0x0000008e                __vector_13
                0x0000008e                __vector_17
                0x0000008e                __vector_19
                0x0000008e                __vector_15
                0x0000008e                __vector_14
                0x0000008e                __vector_18
                0x0000008e                __vector_20
 .text          0x00000092        0x0 ./Services/Stack/Stack.o
 .text          0x00000092        0x0 ./BSW/MCAL/TIMER2/src/TIMER2_program.o
 .text          0x00000092        0x0 ./BSW/MCAL/TIMER1/src/TIMER1_program.o
 .text          0x00000092        0x0 ./BSW/MCAL/TIMER0/src/TIMER0_program.o
 .text          0x00000092        0x0 ./BSW/MCAL/PORT/src/PORT_program.o
 .text          0x00000092        0x0 ./BSW/MCAL/GIE/src/GIE_program.o
 .text          0x00000092        0x0 ./BSW/MCAL/EXT/src/EXTI_program.o
 .text          0x00000092        0x0 ./BSW/MCAL/DIO/src/DIO_Program.o
 .text          0x00000092        0x0 ./BSW/MCAL/ADC/src/ADC_program.o
 .text          0x00000092        0x0 ./BSW/HAL/CLCD/src/CLCD_program.o
 .text          0x00000092        0x0 ./App/TrafficLights/src/TrafficLightsControl.o
 .text          0x00000092        0x0 ./App/Fixed_Point/src/Fixed_Point.o
 .text          0x00000092        0x0 ./App/main.o
 .text          0x00000092        0x0 d:/eclipse/eclipse/winavr/bin/../lib/gcc/avr/4.3.3/avr5\libgcc.a(_mulsi3.o)
 .text          0x00000092        0x0 d:/eclipse/eclipse/winavr/bin/../lib/gcc/avr/4.3.3/avr5\libgcc.a(_udivmodhi4.o)
 .text          0x00000092        0x0 d:/eclipse/eclipse/winavr/bin/../lib/gcc/avr/4.3.3/avr5\libgcc.a(_udivmodsi4.o)
 .text          0x00000092        0x0 d:/eclipse/eclipse/winavr/bin/../lib/gcc/avr/4.3.3/avr5\libgcc.a(_divmodsi4.o)
 .text          0x00000092        0x0 d:/eclipse/eclipse/winavr/bin/../lib/gcc/avr/4.3.3/avr5\libgcc.a(_exit.o)
 .text          0x00000092        0x0 d:/eclipse/eclipse/winavr/bin/../lib/gcc/avr/4.3.3/avr5\libgcc.a(_copy_data.o)
 .text          0x00000092        0x0 d:/eclipse/eclipse/winavr/bin/../lib/gcc/avr/4.3.3/avr5\libgcc.a(_clear_bss.o)
 .text          0x00000092       0x58 d:/eclipse/eclipse/winavr/bin/../lib/gcc/avr/4.3.3/avr5\libgcc.a(_fixunssfsi.o)
                0x00000092                __fixunssfsi
 .text          0x000000ea      0x354 d:/eclipse/eclipse/winavr/bin/../lib/gcc/avr/4.3.3/avr5\libgcc.a(_addsub_sf.o)
                0x00000382                __subsf3
                0x000003e4                __addsf3
 .text          0x0000043e      0x1f4 d:/eclipse/eclipse/winavr/bin/../lib/gcc/avr/4.3.3/avr5\libgcc.a(_mul_sf.o)
                0x0000043e                __mulsf3
 .text          0x00000632      0x158 d:/eclipse/eclipse/winavr/bin/../lib/gcc/avr/4.3.3/avr5\libgcc.a(_div_sf.o)
                0x00000632                __divsf3
 .text          0x0000078a       0x60 d:/eclipse/eclipse/winavr/bin/../lib/gcc/avr/4.3.3/avr5\libgcc.a(_ge_sf.o)
                0x0000078a                __gesf2
 .text          0x000007ea       0xa8 d:/eclipse/eclipse/winavr/bin/../lib/gcc/avr/4.3.3/avr5\libgcc.a(_sf_to_si.o)
                0x000007ea                __fixsfsi
 .text          0x00000892        0x0 d:/eclipse/eclipse/winavr/bin/../lib/gcc/avr/4.3.3/avr5\libgcc.a(_thenan_sf.o)
 .text          0x00000892       0xf2 d:/eclipse/eclipse/winavr/bin/../lib/gcc/avr/4.3.3/avr5\libgcc.a(_usi_to_sf.o)
                0x00000892                __floatunsisf
 .text          0x00000984        0x0 d:/eclipse/eclipse/winavr/bin/../lib/gcc/avr/4.3.3/avr5\libgcc.a(_prologue.o)
 .text          0x00000984        0x0 d:/eclipse/eclipse/winavr/bin/../lib/gcc/avr/4.3.3/avr5\libgcc.a(_epilogue.o)
 .text          0x00000984       0x9e d:/eclipse/eclipse/winavr/bin/../lib/gcc/avr/4.3.3/avr5\libgcc.a(_clzsi2.o)
                0x00000984                __clzsi2
 .text          0x00000a22      0x1aa d:/eclipse/eclipse/winavr/bin/../lib/gcc/avr/4.3.3/avr5\libgcc.a(_pack_sf.o)
                0x00000a22                __pack_f
 .text          0x00000bcc       0xf0 d:/eclipse/eclipse/winavr/bin/../lib/gcc/avr/4.3.3/avr5\libgcc.a(_unpack_sf.o)
                0x00000bcc                __unpack_f
 .text          0x00000cbc       0xb2 d:/eclipse/eclipse/winavr/bin/../lib/gcc/avr/4.3.3/avr5\libgcc.a(_fpcmp_parts_sf.o)
                0x00000cbc                __fpcmp_parts_f
 .text          0x00000d6e        0x0 d:/eclipse/eclipse/winavr/bin/../lib/gcc/avr/4.3.3/avr5\libgcc.a(_clz.o)
 .text          0x00000d6e        0x0 d:/eclipse/eclipse/winavr/bin/../lib/gcc/avr/4.3.3/../../../../avr/lib/avr5\libc.a(malloc.o)
 .text          0x00000d6e        0x0 d:/eclipse/eclipse/winavr/bin/../lib/gcc/avr/4.3.3/../../../../avr/lib/avr5\libc.a(printf.o)
 .text          0x00000d6e        0x0 d:/eclipse/eclipse/winavr/bin/../lib/gcc/avr/4.3.3/../../../../avr/lib/avr5\libc.a(vfprintf_std.o)
 .text          0x00000d6e        0x0 d:/eclipse/eclipse/winavr/bin/../lib/gcc/avr/4.3.3/../../../../avr/lib/avr5\libc.a(strnlen_P.o)
 .text          0x00000d6e        0x0 d:/eclipse/eclipse/winavr/bin/../lib/gcc/avr/4.3.3/../../../../avr/lib/avr5\libc.a(strnlen.o)
 .text          0x00000d6e        0x0 d:/eclipse/eclipse/winavr/bin/../lib/gcc/avr/4.3.3/../../../../avr/lib/avr5\libc.a(fputc.o)
 .text          0x00000d6e        0x0 d:/eclipse/eclipse/winavr/bin/../lib/gcc/avr/4.3.3/../../../../avr/lib/avr5\libc.a(iob.o)
 .text          0x00000d6e        0x0 d:/eclipse/eclipse/winavr/bin/../lib/gcc/avr/4.3.3/../../../../avr/lib/avr5\libc.a(ultoa_invert.o)
                0x00000d6e                . = ALIGN (0x2)
 *(.text.*)
 .text.Stack_Full
                0x00000d6e       0x1a ./Services/Stack/Stack.o
 .text.Stack_Empty
                0x00000d88       0x30 ./Services/Stack/Stack.o
 .text.Stack_Creation
                0x00000db8       0x40 ./Services/Stack/Stack.o
                0x00000db8                Stack_Creation
 .text.Stack_Push
                0x00000df8       0x9c ./Services/Stack/Stack.o
                0x00000df8                Stack_Push
 .text.Stack_Pop
                0x00000e94       0xb4 ./Services/Stack/Stack.o
                0x00000e94                Stack_Pop
 .text.Stack_Display
                0x00000f48       0x98 ./Services/Stack/Stack.o
                0x00000f48                Stack_Display
 .text.Clear_Stack
                0x00000fe0       0x7c ./Services/Stack/Stack.o
                0x00000fe0                Clear_Stack
 .text.Stack_Size
                0x0000105c       0x4a ./Services/Stack/Stack.o
                0x0000105c                Stack_Size
 .text.TIMER2_DutyCycle
                0x000010a6       0x48 ./BSW/MCAL/TIMER2/src/TIMER2_program.o
                0x000010a6                TIMER2_DutyCycle
 .text.TIMER2_Delay
                0x000010ee       0x52 ./BSW/MCAL/TIMER2/src/TIMER2_program.o
                0x000010ee                TIMER2_Delay
 .text.TIMER2_voidInit
                0x00001140       0x44 ./BSW/MCAL/TIMER2/src/TIMER2_program.o
                0x00001140                TIMER2_voidInit
 .text.TIMER2_voiSetPreLoadValue
                0x00001184       0x1c ./BSW/MCAL/TIMER2/src/TIMER2_program.o
                0x00001184                TIMER2_voiSetPreLoadValue
 .text.TIMER2_voiSetCompareMatchValue
                0x000011a0       0x1c ./BSW/MCAL/TIMER2/src/TIMER2_program.o
                0x000011a0                TIMER2_voiSetCompareMatchValue
 .text.Timer2_Timer2OVFCallBackFunc
                0x000011bc       0x3a ./BSW/MCAL/TIMER2/src/TIMER2_program.o
                0x000011bc                Timer2_Timer2OVFCallBackFunc
 .text.Timer2_Timer2CTCCallBackFunc
                0x000011f6       0x3a ./BSW/MCAL/TIMER2/src/TIMER2_program.o
                0x000011f6                Timer2_Timer2CTCCallBackFunc
 .text.__vector_4
                0x00001230       0x5a ./BSW/MCAL/TIMER2/src/TIMER2_program.o
                0x00001230                __vector_4
 .text.__vector_5
                0x0000128a       0x5a ./BSW/MCAL/TIMER2/src/TIMER2_program.o
                0x0000128a                __vector_5
 .text.TIMER1_voidInit
                0x000012e4       0x4e ./BSW/MCAL/TIMER1/src/TIMER1_program.o
                0x000012e4                TIMER1_voidInit
 .text.TIMER1_voidSetChannelACompMatch
                0x00001332       0x24 ./BSW/MCAL/TIMER1/src/TIMER1_program.o
                0x00001332                TIMER1_voidSetChannelACompMatch
 .text.TIMER1_voidSetChannelBCompMatch
                0x00001356       0x24 ./BSW/MCAL/TIMER1/src/TIMER1_program.o
                0x00001356                TIMER1_voidSetChannelBCompMatch
 .text.TIMER1_voidSetICR
                0x0000137a       0x24 ./BSW/MCAL/TIMER1/src/TIMER1_program.o
                0x0000137a                TIMER1_voidSetICR
 .text.TIMER1_voidSetTimerValue
                0x0000139e       0x24 ./BSW/MCAL/TIMER1/src/TIMER1_program.o
                0x0000139e                TIMER1_voidSetTimerValue
 .text.TIMER1_uint16GetTimerValue
                0x000013c2       0x16 ./BSW/MCAL/TIMER1/src/TIMER1_program.o
                0x000013c2                TIMER1_uint16GetTimerValue
 .text.TIMER1_CTCASetCallBck
                0x000013d8       0x3a ./BSW/MCAL/TIMER1/src/TIMER1_program.o
                0x000013d8                TIMER1_CTCASetCallBck
 .text.TIMER1_CTCBSetCallBck
                0x00001412       0x3a ./BSW/MCAL/TIMER1/src/TIMER1_program.o
                0x00001412                TIMER1_CTCBSetCallBck
 .text.TIMER1_OVSetCallBck
                0x0000144c       0x3a ./BSW/MCAL/TIMER1/src/TIMER1_program.o
                0x0000144c                TIMER1_OVSetCallBck
 .text.TIMER1_CAPTURESetCallBck
                0x00001486       0x3a ./BSW/MCAL/TIMER1/src/TIMER1_program.o
                0x00001486                TIMER1_CAPTURESetCallBck
 .text.__vector_6
                0x000014c0       0x64 ./BSW/MCAL/TIMER1/src/TIMER1_program.o
                0x000014c0                __vector_6
 .text.__vector_7
                0x00001524       0x5a ./BSW/MCAL/TIMER1/src/TIMER1_program.o
                0x00001524                __vector_7
 .text.__vector_8
                0x0000157e       0x5a ./BSW/MCAL/TIMER1/src/TIMER1_program.o
                0x0000157e                __vector_8
 .text.__vector_9
                0x000015d8       0x5a ./BSW/MCAL/TIMER1/src/TIMER1_program.o
                0x000015d8                __vector_9
 .text.TIMER0_DutyCycle
                0x00001632       0x48 ./BSW/MCAL/TIMER0/src/TIMER0_program.o
                0x00001632                TIMER0_DutyCycle
 .text.TIMER0_Delay
                0x0000167a       0x52 ./BSW/MCAL/TIMER0/src/TIMER0_program.o
                0x0000167a                TIMER0_Delay
 .text.TIMER0_voidInit
                0x000016cc       0x44 ./BSW/MCAL/TIMER0/src/TIMER0_program.o
                0x000016cc                TIMER0_voidInit
 .text.TIMER0_voiSetPreLoadValue
                0x00001710       0x1c ./BSW/MCAL/TIMER0/src/TIMER0_program.o
                0x00001710                TIMER0_voiSetPreLoadValue
 .text.TIMER0_voiSetCompareMatchValue
                0x0000172c       0x1c ./BSW/MCAL/TIMER0/src/TIMER0_program.o
                0x0000172c                TIMER0_voiSetCompareMatchValue
 .text.Timer0_Timer0OVFCallBackFunc
                0x00001748       0x3a ./BSW/MCAL/TIMER0/src/TIMER0_program.o
                0x00001748                Timer0_Timer0OVFCallBackFunc
 .text.Timer0_Timer0CTCCallBackFunc
                0x00001782       0x3a ./BSW/MCAL/TIMER0/src/TIMER0_program.o
                0x00001782                Timer0_Timer0CTCCallBackFunc
 .text.__vector_10
                0x000017bc       0x5a ./BSW/MCAL/TIMER0/src/TIMER0_program.o
                0x000017bc                __vector_10
 .text.__vector_11
                0x00001816       0x5a ./BSW/MCAL/TIMER0/src/TIMER0_program.o
                0x00001816                __vector_11
 .text.PORT_voidInit
                0x00001870       0x44 ./BSW/MCAL/PORT/src/PORT_program.o
                0x00001870                PORT_voidInit
 .text.GIE_Enable
                0x000018b4       0x1c ./BSW/MCAL/GIE/src/GIE_program.o
                0x000018b4                GIE_Enable
 .text.GIE_Disable
                0x000018d0       0x1c ./BSW/MCAL/GIE/src/GIE_program.o
                0x000018d0                GIE_Disable
 .text.EXTI_voidInt0Init
                0x000018ec       0x38 ./BSW/MCAL/EXT/src/EXTI_program.o
                0x000018ec                EXTI_voidInt0Init
 .text.EXTI_voidInt1Init
                0x00001924       0x2a ./BSW/MCAL/EXT/src/EXTI_program.o
                0x00001924                EXTI_voidInt1Init
 .text.EXTI_voidInt2Init
                0x0000194e       0x1c ./BSW/MCAL/EXT/src/EXTI_program.o
                0x0000194e                EXTI_voidInt2Init
 .text.EXTI_uint8IntSetSenseControl
                0x0000196a      0x206 ./BSW/MCAL/EXT/src/EXTI_program.o
                0x0000196a                EXTI_uint8IntSetSenseControl
 .text.EXTI_uint8IntEnable
                0x00001b70       0x7c ./BSW/MCAL/EXT/src/EXTI_program.o
                0x00001b70                EXTI_uint8IntEnable
 .text.EXTI_uint8IntDisable
                0x00001bec       0x7c ./BSW/MCAL/EXT/src/EXTI_program.o
                0x00001bec                EXTI_uint8IntDisable
 .text.EXTI_uint8Int0SetCallBack
                0x00001c68       0x3a ./BSW/MCAL/EXT/src/EXTI_program.o
                0x00001c68                EXTI_uint8Int0SetCallBack
 .text.EXTI_uint8Int1SetCallBack
                0x00001ca2       0x3a ./BSW/MCAL/EXT/src/EXTI_program.o
                0x00001ca2                EXTI_uint8Int1SetCallBack
 .text.EXTI_uint8Int2SetCallBack
                0x00001cdc       0x3a ./BSW/MCAL/EXT/src/EXTI_program.o
                0x00001cdc                EXTI_uint8Int2SetCallBack
 .text.__vector_1
                0x00001d16       0x66 ./BSW/MCAL/EXT/src/EXTI_program.o
                0x00001d16                __vector_1
 .text.__vector_2
                0x00001d7c       0x66 ./BSW/MCAL/EXT/src/EXTI_program.o
                0x00001d7c                __vector_2
 .text.__vector_3
                0x00001de2       0x66 ./BSW/MCAL/EXT/src/EXTI_program.o
                0x00001de2                __vector_3
 .text.DIO_SetPortVal
                0x00001e48       0x96 ./BSW/MCAL/DIO/src/DIO_Program.o
                0x00001e48                DIO_SetPortVal
 .text.DIO_SetPinVal
                0x00001ede      0x21c ./BSW/MCAL/DIO/src/DIO_Program.o
                0x00001ede                DIO_SetPinVal
 .text.DIO_SetPortDir
                0x000020fa       0x96 ./BSW/MCAL/DIO/src/DIO_Program.o
                0x000020fa                DIO_SetPortDir
 .text.DIO_SetPinDir
                0x00002190      0x21c ./BSW/MCAL/DIO/src/DIO_Program.o
                0x00002190                DIO_SetPinDir
 .text.DIO_GetPinVal
                0x000023ac      0x12a ./BSW/MCAL/DIO/src/DIO_Program.o
                0x000023ac                DIO_GetPinVal
 .text.DIO_GetPortVal
                0x000024d6       0xaa ./BSW/MCAL/DIO/src/DIO_Program.o
                0x000024d6                DIO_GetPortVal
 .text.ADC_voidInit
                0x00002580       0x50 ./BSW/MCAL/ADC/src/ADC_program.o
                0x00002580                ADC_voidInit
 .text.ADC_uint8StartConversionSynchronus
                0x000025d0       0xda ./BSW/MCAL/ADC/src/ADC_program.o
                0x000025d0                ADC_uint8StartConversionSynchronus
 .text.ADC_uint8StartConversionASynchronus
                0x000026aa       0x78 ./BSW/MCAL/ADC/src/ADC_program.o
                0x000026aa                ADC_uint8StartConversionASynchronus
 .text.__vector_16
                0x00002722       0x6e ./BSW/MCAL/ADC/src/ADC_program.o
                0x00002722                __vector_16
 .text.delay_ms
                0x00002790       0x92 ./BSW/HAL/CLCD/src/CLCD_program.o
                0x00002790                delay_ms
 .text.CLCD_voidSendCommand
                0x00002822       0x4c ./BSW/HAL/CLCD/src/CLCD_program.o
                0x00002822                CLCD_voidSendCommand
 .text.CLCD_voidInit
                0x0000286e       0x28 ./BSW/HAL/CLCD/src/CLCD_program.o
                0x0000286e                CLCD_voidInit
 .text.CLCD_voidSendData
                0x00002896       0x4c ./BSW/HAL/CLCD/src/CLCD_program.o
                0x00002896                CLCD_voidSendData
 .text.CLCD_voidSendString
                0x000028e2       0x52 ./BSW/HAL/CLCD/src/CLCD_program.o
                0x000028e2                CLCD_voidSendString
 .text.CLCD_voidGoToXY
                0x00002934       0x3c ./BSW/HAL/CLCD/src/CLCD_program.o
                0x00002934                CLCD_voidGoToXY
 .text.CLCD_voidWriteNumber
                0x00002970      0x11e ./BSW/HAL/CLCD/src/CLCD_program.o
                0x00002970                CLCD_voidWriteNumber
 .text.CLCD_voidWriteSpecialChar
                0x00002a8e       0x82 ./BSW/HAL/CLCD/src/CLCD_program.o
                0x00002a8e                CLCD_voidWriteSpecialChar
 .text.HandleGreenState
                0x00002b10       0x22 ./App/TrafficLights/src/TrafficLightsControl.o
 .text.HandleRedState
                0x00002b32       0x2c ./App/TrafficLights/src/TrafficLightsControl.o
 .text.HandleyellowState
                0x00002b5e       0x2c ./App/TrafficLights/src/TrafficLightsControl.o
 .text.TimerISR
                0x00002b8a       0x20 ./App/TrafficLights/src/TrafficLightsControl.o
                0x00002b8a                TimerISR
 .text.TrafficLightInit
                0x00002baa       0x44 ./App/TrafficLights/src/TrafficLightsControl.o
                0x00002baa                TrafficLightInit
 .text.Traffic_Handler
                0x00002bee       0xd0 ./App/TrafficLights/src/TrafficLightsControl.o
                0x00002bee                Traffic_Handler
 .text.TrafficLightMainFunction
                0x00002cbe       0x70 ./App/TrafficLights/src/TrafficLightsControl.o
                0x00002cbe                TrafficLightMainFunction
 .text.Fixed_FromFloat
                0x00002d2e       0x4a ./App/Fixed_Point/src/Fixed_Point.o
                0x00002d2e                Fixed_FromFloat
 .text.Fixed_FromInt
                0x00002d78       0x34 ./App/Fixed_Point/src/Fixed_Point.o
                0x00002d78                Fixed_FromInt
 .text.Fixed_ToInt
                0x00002dac       0x34 ./App/Fixed_Point/src/Fixed_Point.o
                0x00002dac                Fixed_ToInt
 .text.Fixed_ToFloat
                0x00002de0      0x116 ./App/Fixed_Point/src/Fixed_Point.o
                0x00002de0                Fixed_ToFloat
 .text.main     0x00002ef6       0x4a ./App/main.o
                0x00002ef6                main
 .text.libgcc   0x00002f40       0x3e d:/eclipse/eclipse/winavr/bin/../lib/gcc/avr/4.3.3/avr5\libgcc.a(_mulsi3.o)
                0x00002f40                __mulsi3
 .text.libgcc   0x00002f7e       0x28 d:/eclipse/eclipse/winavr/bin/../lib/gcc/avr/4.3.3/avr5\libgcc.a(_udivmodhi4.o)
                0x00002f7e                __udivmodhi4
 .text.libgcc   0x00002fa6       0x44 d:/eclipse/eclipse/winavr/bin/../lib/gcc/avr/4.3.3/avr5\libgcc.a(_udivmodsi4.o)
                0x00002fa6                __udivmodsi4
 .text.libgcc   0x00002fea       0x36 d:/eclipse/eclipse/winavr/bin/../lib/gcc/avr/4.3.3/avr5\libgcc.a(_divmodsi4.o)
                0x00002fea                __divmodsi4
 .text.libgcc   0x00003020        0x0 d:/eclipse/eclipse/winavr/bin/../lib/gcc/avr/4.3.3/avr5\libgcc.a(_exit.o)
 .text.libgcc   0x00003020        0x0 d:/eclipse/eclipse/winavr/bin/../lib/gcc/avr/4.3.3/avr5\libgcc.a(_copy_data.o)
 .text.libgcc   0x00003020        0x0 d:/eclipse/eclipse/winavr/bin/../lib/gcc/avr/4.3.3/avr5\libgcc.a(_clear_bss.o)
 .text.libgcc   0x00003020       0x38 d:/eclipse/eclipse/winavr/bin/../lib/gcc/avr/4.3.3/avr5\libgcc.a(_prologue.o)
                0x00003020                __prologue_saves__
 .text.libgcc   0x00003058       0x36 d:/eclipse/eclipse/winavr/bin/../lib/gcc/avr/4.3.3/avr5\libgcc.a(_epilogue.o)
                0x00003058                __epilogue_restores__
 .text.avr-libc
                0x0000308e      0x20a d:/eclipse/eclipse/winavr/bin/../lib/gcc/avr/4.3.3/../../../../avr/lib/avr5\libc.a(malloc.o)
                0x0000308e                malloc
                0x000031e8                free
 .text.avr-libc
                0x00003298       0x2a d:/eclipse/eclipse/winavr/bin/../lib/gcc/avr/4.3.3/../../../../avr/lib/avr5\libc.a(printf.o)
                0x00003298                printf
 .text.avr-libc
                0x000032c2      0x3ba d:/eclipse/eclipse/winavr/bin/../lib/gcc/avr/4.3.3/../../../../avr/lib/avr5\libc.a(vfprintf_std.o)
                0x000032c2                vfprintf
 .text.avr-libc
                0x0000367c       0x16 d:/eclipse/eclipse/winavr/bin/../lib/gcc/avr/4.3.3/../../../../avr/lib/avr5\libc.a(strnlen_P.o)
                0x0000367c                strnlen_P
 .text.avr-libc
                0x00003692       0x16 d:/eclipse/eclipse/winavr/bin/../lib/gcc/avr/4.3.3/../../../../avr/lib/avr5\libc.a(strnlen.o)
                0x00003692                strnlen
 .text.avr-libc
                0x000036a8       0x58 d:/eclipse/eclipse/winavr/bin/../lib/gcc/avr/4.3.3/../../../../avr/lib/avr5\libc.a(fputc.o)
                0x000036a8                fputc
 .text.avr-libc
                0x00003700       0xbc d:/eclipse/eclipse/winavr/bin/../lib/gcc/avr/4.3.3/../../../../avr/lib/avr5\libc.a(ultoa_invert.o)
                0x00003700                __ultoa_invert
                0x000037bc                . = ALIGN (0x2)
 *(.fini9)
 .fini9         0x000037bc        0x0 d:/eclipse/eclipse/winavr/bin/../lib/gcc/avr/4.3.3/avr5\libgcc.a(_exit.o)
                0x000037bc                exit
                0x000037bc                _exit
 *(.fini9)
 *(.fini8)
 *(.fini8)
 *(.fini7)
 *(.fini7)
 *(.fini6)
 *(.fini6)
 *(.fini5)
 *(.fini5)
 *(.fini4)
 *(.fini4)
 *(.fini3)
 *(.fini3)
 *(.fini2)
 *(.fini2)
 *(.fini1)
 *(.fini1)
 *(.fini0)
 .fini0         0x000037bc        0x4 d:/eclipse/eclipse/winavr/bin/../lib/gcc/avr/4.3.3/avr5\libgcc.a(_exit.o)
 *(.fini0)
                0x000037c0                _etext = .

.data           0x00800060      0x130 load address 0x000037c0
                0x00800060                PROVIDE (__data_start, .)
 *(.data)
 .data          0x00800060        0x0 d:/eclipse/eclipse/winavr/bin/../lib/gcc/avr/4.3.3/../../../../avr/lib/avr5/crtm32.o
 .data          0x00800060       0x20 ./Services/Stack/Stack.o
 .data          0x00800080        0x0 ./BSW/MCAL/TIMER2/src/TIMER2_program.o
 .data          0x00800080        0x0 ./BSW/MCAL/TIMER1/src/TIMER1_program.o
 .data          0x00800080        0x0 ./BSW/MCAL/TIMER0/src/TIMER0_program.o
 .data          0x00800080        0x0 ./BSW/MCAL/PORT/src/PORT_program.o
 .data          0x00800080        0x0 ./BSW/MCAL/GIE/src/GIE_program.o
 .data          0x00800080        0x0 ./BSW/MCAL/EXT/src/EXTI_program.o
 .data          0x00800080        0x0 ./BSW/MCAL/DIO/src/DIO_Program.o
 .data          0x00800080        0x0 ./BSW/MCAL/ADC/src/ADC_program.o
 .data          0x00800080        0x0 ./BSW/HAL/CLCD/src/CLCD_program.o
 .data          0x00800080        0x0 ./App/TrafficLights/src/TrafficLightsControl.o
 .data          0x00800080        0x0 ./App/Fixed_Point/src/Fixed_Point.o
 .data          0x00800080        0x0 ./App/main.o
 .data          0x00800080        0x0 d:/eclipse/eclipse/winavr/bin/../lib/gcc/avr/4.3.3/avr5\libgcc.a(_mulsi3.o)
 .data          0x00800080        0x0 d:/eclipse/eclipse/winavr/bin/../lib/gcc/avr/4.3.3/avr5\libgcc.a(_udivmodhi4.o)
 .data          0x00800080        0x0 d:/eclipse/eclipse/winavr/bin/../lib/gcc/avr/4.3.3/avr5\libgcc.a(_udivmodsi4.o)
 .data          0x00800080        0x0 d:/eclipse/eclipse/winavr/bin/../lib/gcc/avr/4.3.3/avr5\libgcc.a(_divmodsi4.o)
 .data          0x00800080        0x0 d:/eclipse/eclipse/winavr/bin/../lib/gcc/avr/4.3.3/avr5\libgcc.a(_exit.o)
 .data          0x00800080        0x0 d:/eclipse/eclipse/winavr/bin/../lib/gcc/avr/4.3.3/avr5\libgcc.a(_copy_data.o)
 .data          0x00800080        0x0 d:/eclipse/eclipse/winavr/bin/../lib/gcc/avr/4.3.3/avr5\libgcc.a(_clear_bss.o)
 .data          0x00800080        0x0 d:/eclipse/eclipse/winavr/bin/../lib/gcc/avr/4.3.3/avr5\libgcc.a(_fixunssfsi.o)
 .data          0x00800080        0x0 d:/eclipse/eclipse/winavr/bin/../lib/gcc/avr/4.3.3/avr5\libgcc.a(_addsub_sf.o)
 .data          0x00800080        0x0 d:/eclipse/eclipse/winavr/bin/../lib/gcc/avr/4.3.3/avr5\libgcc.a(_mul_sf.o)
 .data          0x00800080        0x0 d:/eclipse/eclipse/winavr/bin/../lib/gcc/avr/4.3.3/avr5\libgcc.a(_div_sf.o)
 .data          0x00800080        0x0 d:/eclipse/eclipse/winavr/bin/../lib/gcc/avr/4.3.3/avr5\libgcc.a(_ge_sf.o)
 .data          0x00800080        0x0 d:/eclipse/eclipse/winavr/bin/../lib/gcc/avr/4.3.3/avr5\libgcc.a(_sf_to_si.o)
 .data          0x00800080        0x8 d:/eclipse/eclipse/winavr/bin/../lib/gcc/avr/4.3.3/avr5\libgcc.a(_thenan_sf.o)
                0x00800080                __thenan_sf
 .data          0x00800088        0x0 d:/eclipse/eclipse/winavr/bin/../lib/gcc/avr/4.3.3/avr5\libgcc.a(_usi_to_sf.o)
 .data          0x00800088        0x0 d:/eclipse/eclipse/winavr/bin/../lib/gcc/avr/4.3.3/avr5\libgcc.a(_prologue.o)
 .data          0x00800088        0x0 d:/eclipse/eclipse/winavr/bin/../lib/gcc/avr/4.3.3/avr5\libgcc.a(_epilogue.o)
 .data          0x00800088        0x0 d:/eclipse/eclipse/winavr/bin/../lib/gcc/avr/4.3.3/avr5\libgcc.a(_clzsi2.o)
 .data          0x00800088        0x0 d:/eclipse/eclipse/winavr/bin/../lib/gcc/avr/4.3.3/avr5\libgcc.a(_pack_sf.o)
 .data          0x00800088        0x0 d:/eclipse/eclipse/winavr/bin/../lib/gcc/avr/4.3.3/avr5\libgcc.a(_unpack_sf.o)
 .data          0x00800088        0x0 d:/eclipse/eclipse/winavr/bin/../lib/gcc/avr/4.3.3/avr5\libgcc.a(_fpcmp_parts_sf.o)
 .data          0x00800088      0x100 d:/eclipse/eclipse/winavr/bin/../lib/gcc/avr/4.3.3/avr5\libgcc.a(_clz.o)
                0x00800088                __clz_tab
 .data          0x00800188        0x6 d:/eclipse/eclipse/winavr/bin/../lib/gcc/avr/4.3.3/../../../../avr/lib/avr5\libc.a(malloc.o)
                0x0080018a                __malloc_heap_start
                0x0080018c                __malloc_heap_end
                0x00800188                __malloc_margin
 .data          0x0080018e        0x0 d:/eclipse/eclipse/winavr/bin/../lib/gcc/avr/4.3.3/../../../../avr/lib/avr5\libc.a(printf.o)
 .data          0x0080018e        0x0 d:/eclipse/eclipse/winavr/bin/../lib/gcc/avr/4.3.3/../../../../avr/lib/avr5\libc.a(vfprintf_std.o)
 .data          0x0080018e        0x0 d:/eclipse/eclipse/winavr/bin/../lib/gcc/avr/4.3.3/../../../../avr/lib/avr5\libc.a(strnlen_P.o)
 .data          0x0080018e        0x0 d:/eclipse/eclipse/winavr/bin/../lib/gcc/avr/4.3.3/../../../../avr/lib/avr5\libc.a(strnlen.o)
 .data          0x0080018e        0x0 d:/eclipse/eclipse/winavr/bin/../lib/gcc/avr/4.3.3/../../../../avr/lib/avr5\libc.a(fputc.o)
 .data          0x0080018e        0x0 d:/eclipse/eclipse/winavr/bin/../lib/gcc/avr/4.3.3/../../../../avr/lib/avr5\libc.a(iob.o)
 .data          0x0080018e        0x0 d:/eclipse/eclipse/winavr/bin/../lib/gcc/avr/4.3.3/../../../../avr/lib/avr5\libc.a(ultoa_invert.o)
 *(.data*)
 .data.last_handled_time
                0x0080018e        0x2 ./App/TrafficLights/src/TrafficLightsControl.o
                0x0080018e                last_handled_time
 *(.rodata)
 *(.rodata*)
 *(.gnu.linkonce.d*)
                0x00800190                . = ALIGN (0x2)
                0x00800190                _edata = .
                0x00800190                PROVIDE (__data_end, .)

.bss            0x00800190       0x2e
                0x00800190                PROVIDE (__bss_start, .)
 *(.bss)
 .bss           0x00800190        0x0 d:/eclipse/eclipse/winavr/bin/../lib/gcc/avr/4.3.3/../../../../avr/lib/avr5/crtm32.o
 .bss           0x00800190        0x0 ./Services/Stack/Stack.o
 .bss           0x00800190        0x0 ./BSW/MCAL/TIMER2/src/TIMER2_program.o
 .bss           0x00800190        0x0 ./BSW/MCAL/TIMER1/src/TIMER1_program.o
 .bss           0x00800190        0x0 ./BSW/MCAL/TIMER0/src/TIMER0_program.o
 .bss           0x00800190        0x0 ./BSW/MCAL/PORT/src/PORT_program.o
 .bss           0x00800190        0x0 ./BSW/MCAL/GIE/src/GIE_program.o
 .bss           0x00800190        0x0 ./BSW/MCAL/EXT/src/EXTI_program.o
 .bss           0x00800190        0x0 ./BSW/MCAL/DIO/src/DIO_Program.o
 .bss           0x00800190        0x0 ./BSW/MCAL/ADC/src/ADC_program.o
 .bss           0x00800190        0x0 ./BSW/HAL/CLCD/src/CLCD_program.o
 .bss           0x00800190        0x0 ./App/TrafficLights/src/TrafficLightsControl.o
 .bss           0x00800190        0x0 ./App/Fixed_Point/src/Fixed_Point.o
 .bss           0x00800190        0x0 ./App/main.o
 .bss           0x00800190        0x0 d:/eclipse/eclipse/winavr/bin/../lib/gcc/avr/4.3.3/avr5\libgcc.a(_mulsi3.o)
 .bss           0x00800190        0x0 d:/eclipse/eclipse/winavr/bin/../lib/gcc/avr/4.3.3/avr5\libgcc.a(_udivmodhi4.o)
 .bss           0x00800190        0x0 d:/eclipse/eclipse/winavr/bin/../lib/gcc/avr/4.3.3/avr5\libgcc.a(_udivmodsi4.o)
 .bss           0x00800190        0x0 d:/eclipse/eclipse/winavr/bin/../lib/gcc/avr/4.3.3/avr5\libgcc.a(_divmodsi4.o)
 .bss           0x00800190        0x0 d:/eclipse/eclipse/winavr/bin/../lib/gcc/avr/4.3.3/avr5\libgcc.a(_exit.o)
 .bss           0x00800190        0x0 d:/eclipse/eclipse/winavr/bin/../lib/gcc/avr/4.3.3/avr5\libgcc.a(_copy_data.o)
 .bss           0x00800190        0x0 d:/eclipse/eclipse/winavr/bin/../lib/gcc/avr/4.3.3/avr5\libgcc.a(_clear_bss.o)
 .bss           0x00800190        0x0 d:/eclipse/eclipse/winavr/bin/../lib/gcc/avr/4.3.3/avr5\libgcc.a(_fixunssfsi.o)
 .bss           0x00800190        0x0 d:/eclipse/eclipse/winavr/bin/../lib/gcc/avr/4.3.3/avr5\libgcc.a(_addsub_sf.o)
 .bss           0x00800190        0x0 d:/eclipse/eclipse/winavr/bin/../lib/gcc/avr/4.3.3/avr5\libgcc.a(_mul_sf.o)
 .bss           0x00800190        0x0 d:/eclipse/eclipse/winavr/bin/../lib/gcc/avr/4.3.3/avr5\libgcc.a(_div_sf.o)
 .bss           0x00800190        0x0 d:/eclipse/eclipse/winavr/bin/../lib/gcc/avr/4.3.3/avr5\libgcc.a(_ge_sf.o)
 .bss           0x00800190        0x0 d:/eclipse/eclipse/winavr/bin/../lib/gcc/avr/4.3.3/avr5\libgcc.a(_sf_to_si.o)
 .bss           0x00800190        0x0 d:/eclipse/eclipse/winavr/bin/../lib/gcc/avr/4.3.3/avr5\libgcc.a(_thenan_sf.o)
 .bss           0x00800190        0x0 d:/eclipse/eclipse/winavr/bin/../lib/gcc/avr/4.3.3/avr5\libgcc.a(_usi_to_sf.o)
 .bss           0x00800190        0x0 d:/eclipse/eclipse/winavr/bin/../lib/gcc/avr/4.3.3/avr5\libgcc.a(_prologue.o)
 .bss           0x00800190        0x0 d:/eclipse/eclipse/winavr/bin/../lib/gcc/avr/4.3.3/avr5\libgcc.a(_epilogue.o)
 .bss           0x00800190        0x0 d:/eclipse/eclipse/winavr/bin/../lib/gcc/avr/4.3.3/avr5\libgcc.a(_clzsi2.o)
 .bss           0x00800190        0x0 d:/eclipse/eclipse/winavr/bin/../lib/gcc/avr/4.3.3/avr5\libgcc.a(_pack_sf.o)
 .bss           0x00800190        0x0 d:/eclipse/eclipse/winavr/bin/../lib/gcc/avr/4.3.3/avr5\libgcc.a(_unpack_sf.o)
 .bss           0x00800190        0x0 d:/eclipse/eclipse/winavr/bin/../lib/gcc/avr/4.3.3/avr5\libgcc.a(_fpcmp_parts_sf.o)
 .bss           0x00800190        0x0 d:/eclipse/eclipse/winavr/bin/../lib/gcc/avr/4.3.3/avr5\libgcc.a(_clz.o)
 .bss           0x00800190        0x0 d:/eclipse/eclipse/winavr/bin/../lib/gcc/avr/4.3.3/../../../../avr/lib/avr5\libc.a(malloc.o)
 .bss           0x00800190        0x0 d:/eclipse/eclipse/winavr/bin/../lib/gcc/avr/4.3.3/../../../../avr/lib/avr5\libc.a(printf.o)
 .bss           0x00800190        0x0 d:/eclipse/eclipse/winavr/bin/../lib/gcc/avr/4.3.3/../../../../avr/lib/avr5\libc.a(vfprintf_std.o)
 .bss           0x00800190        0x0 d:/eclipse/eclipse/winavr/bin/../lib/gcc/avr/4.3.3/../../../../avr/lib/avr5\libc.a(strnlen_P.o)
 .bss           0x00800190        0x0 d:/eclipse/eclipse/winavr/bin/../lib/gcc/avr/4.3.3/../../../../avr/lib/avr5\libc.a(strnlen.o)
 .bss           0x00800190        0x0 d:/eclipse/eclipse/winavr/bin/../lib/gcc/avr/4.3.3/../../../../avr/lib/avr5\libc.a(fputc.o)
 .bss           0x00800190        0x0 d:/eclipse/eclipse/winavr/bin/../lib/gcc/avr/4.3.3/../../../../avr/lib/avr5\libc.a(iob.o)
 .bss           0x00800190        0x0 d:/eclipse/eclipse/winavr/bin/../lib/gcc/avr/4.3.3/../../../../avr/lib/avr5\libc.a(ultoa_invert.o)
 *(.bss*)
 .bss.Global_PvCompareMatch
                0x00800190        0x2 ./BSW/MCAL/TIMER2/src/TIMER2_program.o
 .bss.Global_PvOverFlow
                0x00800192        0x2 ./BSW/MCAL/TIMER2/src/TIMER2_program.o
 .bss.TIMER1_pvCallBackFunc_CTC_A
                0x00800194        0x2 ./BSW/MCAL/TIMER1/src/TIMER1_program.o
 .bss.TIMER1_pvCallBackFunc_CTC_B
                0x00800196        0x2 ./BSW/MCAL/TIMER1/src/TIMER1_program.o
 .bss.TIMER1_pvCallBackFunc_OV
                0x00800198        0x2 ./BSW/MCAL/TIMER1/src/TIMER1_program.o
 .bss.TIMER1_pvCallBackFunc_CaptEvnt
                0x0080019a        0x2 ./BSW/MCAL/TIMER1/src/TIMER1_program.o
 .bss.Global_PvCompareMatch
                0x0080019c        0x2 ./BSW/MCAL/TIMER0/src/TIMER0_program.o
 .bss.Global_PvOverFlow
                0x0080019e        0x2 ./BSW/MCAL/TIMER0/src/TIMER0_program.o
 .bss.Global_EXTI_pvInt0Func
                0x008001a0        0x2 ./BSW/MCAL/EXT/src/EXTI_program.o
 .bss.Global_EXTI_pvInt1Func
                0x008001a2        0x2 ./BSW/MCAL/EXT/src/EXTI_program.o
 .bss.Global_EXTI_pvInt2Func
                0x008001a4        0x2 ./BSW/MCAL/EXT/src/EXTI_program.o
 .bss.Global_PvNotifacation
                0x008001a6        0x2 ./BSW/MCAL/ADC/src/ADC_program.o
 .bss.Global_uint16PuReading
                0x008001a8        0x2 ./BSW/MCAL/ADC/src/ADC_program.o
 .bss.timer_counter
                0x008001aa        0x2 ./App/TrafficLights/src/TrafficLightsControl.o
                0x008001aa                timer_counter
 *(COMMON)
 COMMON         0x008001ac        0x8 ./App/TrafficLights/src/TrafficLightsControl.o
                0x008001ac                Local_Variable
                0x008001ae                TrafficStack
 COMMON         0x008001b4        0x4 d:/eclipse/eclipse/winavr/bin/../lib/gcc/avr/4.3.3/../../../../avr/lib/avr5\libc.a(malloc.o)
                0x008001b4                __brkval
                0x008001b6                __flp
 COMMON         0x008001b8        0x6 d:/eclipse/eclipse/winavr/bin/../lib/gcc/avr/4.3.3/../../../../avr/lib/avr5\libc.a(iob.o)
                0x008001b8                __iob
                0x008001be                PROVIDE (__bss_end, .)
                0x000037c0                __data_load_start = LOADADDR (.data)
                0x000038f0                __data_load_end = (__data_load_start + SIZEOF (.data))

.noinit         0x008001be        0x0
                0x008001be                PROVIDE (__noinit_start, .)
 *(.noinit*)
                0x008001be                PROVIDE (__noinit_end, .)
                0x008001be                _end = .
                0x008001be                PROVIDE (__heap_start, .)

.eeprom         0x00810000        0x0
 *(.eeprom*)
                0x00810000                __eeprom_end = .

.fuse
 *(.fuse)
 *(.lfuse)
 *(.hfuse)
 *(.efuse)

.lock
 *(.lock*)

.signature
 *(.signature*)

.stab           0x00000000     0x4674
 *(.stab)
 .stab          0x00000000      0x96c ./Services/Stack/Stack.o
 .stab          0x0000096c      0x5b8 ./BSW/MCAL/TIMER2/src/TIMER2_program.o
                                0x5c4 (size before relaxing)
 .stab          0x00000f24      0x6fc ./BSW/MCAL/TIMER1/src/TIMER1_program.o
                                0x708 (size before relaxing)
 .stab          0x00001620      0x5ac ./BSW/MCAL/TIMER0/src/TIMER0_program.o
                                0x5b8 (size before relaxing)
 .stab          0x00001bcc      0x1f8 ./BSW/MCAL/PORT/src/PORT_program.o
                                0x204 (size before relaxing)
 .stab          0x00001dc4      0x1d4 ./BSW/MCAL/GIE/src/GIE_program.o
                                0x1e0 (size before relaxing)
 .stab          0x00001f98      0x768 ./BSW/MCAL/EXT/src/EXTI_program.o
                                0x774 (size before relaxing)
 .stab          0x00002700      0x7c8 ./BSW/MCAL/DIO/src/DIO_Program.o
                                0x7d4 (size before relaxing)
 .stab          0x00002ec8      0x4f8 ./BSW/MCAL/ADC/src/ADC_program.o
                                0x504 (size before relaxing)
 .stab          0x000033c0      0x708 ./BSW/HAL/CLCD/src/CLCD_program.o
                                0x714 (size before relaxing)
 .stab          0x00003ac8      0x5b8 ./App/TrafficLights/src/TrafficLightsControl.o
                                0x5c4 (size before relaxing)
 .stab          0x00004080      0x318 ./App/Fixed_Point/src/Fixed_Point.o
                                0x324 (size before relaxing)
 .stab          0x00004398      0x2dc ./App/main.o
                                0x2e8 (size before relaxing)

.stabstr        0x00000000     0x3a5e
 *(.stabstr)
 .stabstr       0x00000000     0x3a5e ./Services/Stack/Stack.o

.stab.excl
 *(.stab.excl)

.stab.exclstr
 *(.stab.exclstr)

.stab.index
 *(.stab.index)

.stab.indexstr
 *(.stab.indexstr)

.comment
 *(.comment)

.debug
 *(.debug)

.line
 *(.line)

.debug_srcinfo
 *(.debug_srcinfo)

.debug_sfnames
 *(.debug_sfnames)

.debug_aranges  0x00000000      0x160
 *(.debug_aranges)
 .debug_aranges
                0x00000000       0x20 d:/eclipse/eclipse/winavr/bin/../lib/gcc/avr/4.3.3/avr5\libgcc.a(_fixunssfsi.o)
 .debug_aranges
                0x00000020       0x20 d:/eclipse/eclipse/winavr/bin/../lib/gcc/avr/4.3.3/avr5\libgcc.a(_addsub_sf.o)
 .debug_aranges
                0x00000040       0x20 d:/eclipse/eclipse/winavr/bin/../lib/gcc/avr/4.3.3/avr5\libgcc.a(_mul_sf.o)
 .debug_aranges
                0x00000060       0x20 d:/eclipse/eclipse/winavr/bin/../lib/gcc/avr/4.3.3/avr5\libgcc.a(_div_sf.o)
 .debug_aranges
                0x00000080       0x20 d:/eclipse/eclipse/winavr/bin/../lib/gcc/avr/4.3.3/avr5\libgcc.a(_ge_sf.o)
 .debug_aranges
                0x000000a0       0x20 d:/eclipse/eclipse/winavr/bin/../lib/gcc/avr/4.3.3/avr5\libgcc.a(_sf_to_si.o)
 .debug_aranges
                0x000000c0       0x20 d:/eclipse/eclipse/winavr/bin/../lib/gcc/avr/4.3.3/avr5\libgcc.a(_usi_to_sf.o)
 .debug_aranges
                0x000000e0       0x20 d:/eclipse/eclipse/winavr/bin/../lib/gcc/avr/4.3.3/avr5\libgcc.a(_clzsi2.o)
 .debug_aranges
                0x00000100       0x20 d:/eclipse/eclipse/winavr/bin/../lib/gcc/avr/4.3.3/avr5\libgcc.a(_pack_sf.o)
 .debug_aranges
                0x00000120       0x20 d:/eclipse/eclipse/winavr/bin/../lib/gcc/avr/4.3.3/avr5\libgcc.a(_unpack_sf.o)
 .debug_aranges
                0x00000140       0x20 d:/eclipse/eclipse/winavr/bin/../lib/gcc/avr/4.3.3/avr5\libgcc.a(_fpcmp_parts_sf.o)

.debug_pubnames
                0x00000000      0x1b6
 *(.debug_pubnames)
 .debug_pubnames
                0x00000000       0x23 d:/eclipse/eclipse/winavr/bin/../lib/gcc/avr/4.3.3/avr5\libgcc.a(_fixunssfsi.o)
 .debug_pubnames
                0x00000023       0x2c d:/eclipse/eclipse/winavr/bin/../lib/gcc/avr/4.3.3/avr5\libgcc.a(_addsub_sf.o)
 .debug_pubnames
                0x0000004f       0x1f d:/eclipse/eclipse/winavr/bin/../lib/gcc/avr/4.3.3/avr5\libgcc.a(_mul_sf.o)
 .debug_pubnames
                0x0000006e       0x1f d:/eclipse/eclipse/winavr/bin/../lib/gcc/avr/4.3.3/avr5\libgcc.a(_div_sf.o)
 .debug_pubnames
                0x0000008d       0x1e d:/eclipse/eclipse/winavr/bin/../lib/gcc/avr/4.3.3/avr5\libgcc.a(_ge_sf.o)
 .debug_pubnames
                0x000000ab       0x20 d:/eclipse/eclipse/winavr/bin/../lib/gcc/avr/4.3.3/avr5\libgcc.a(_sf_to_si.o)
 .debug_pubnames
                0x000000cb       0x22 d:/eclipse/eclipse/winavr/bin/../lib/gcc/avr/4.3.3/avr5\libgcc.a(_thenan_sf.o)
 .debug_pubnames
                0x000000ed       0x24 d:/eclipse/eclipse/winavr/bin/../lib/gcc/avr/4.3.3/avr5\libgcc.a(_usi_to_sf.o)
 .debug_pubnames
                0x00000111       0x1f d:/eclipse/eclipse/winavr/bin/../lib/gcc/avr/4.3.3/avr5\libgcc.a(_clzsi2.o)
 .debug_pubnames
                0x00000130       0x1f d:/eclipse/eclipse/winavr/bin/../lib/gcc/avr/4.3.3/avr5\libgcc.a(_pack_sf.o)
 .debug_pubnames
                0x0000014f       0x21 d:/eclipse/eclipse/winavr/bin/../lib/gcc/avr/4.3.3/avr5\libgcc.a(_unpack_sf.o)
 .debug_pubnames
                0x00000170       0x26 d:/eclipse/eclipse/winavr/bin/../lib/gcc/avr/4.3.3/avr5\libgcc.a(_fpcmp_parts_sf.o)
 .debug_pubnames
                0x00000196       0x20 d:/eclipse/eclipse/winavr/bin/../lib/gcc/avr/4.3.3/avr5\libgcc.a(_clz.o)

.debug_info     0x00000000     0x1f0d
 *(.debug_info)
 .debug_info    0x00000000       0xb1 d:/eclipse/eclipse/winavr/bin/../lib/gcc/avr/4.3.3/avr5\libgcc.a(_fixunssfsi.o)
 .debug_info    0x000000b1      0x47a d:/eclipse/eclipse/winavr/bin/../lib/gcc/avr/4.3.3/avr5\libgcc.a(_addsub_sf.o)
 .debug_info    0x0000052b      0x485 d:/eclipse/eclipse/winavr/bin/../lib/gcc/avr/4.3.3/avr5\libgcc.a(_mul_sf.o)
 .debug_info    0x000009b0      0x3fc d:/eclipse/eclipse/winavr/bin/../lib/gcc/avr/4.3.3/avr5\libgcc.a(_div_sf.o)
 .debug_info    0x00000dac      0x27f d:/eclipse/eclipse/winavr/bin/../lib/gcc/avr/4.3.3/avr5\libgcc.a(_ge_sf.o)
 .debug_info    0x0000102b      0x2b0 d:/eclipse/eclipse/winavr/bin/../lib/gcc/avr/4.3.3/avr5\libgcc.a(_sf_to_si.o)
 .debug_info    0x000012db      0x12c d:/eclipse/eclipse/winavr/bin/../lib/gcc/avr/4.3.3/avr5\libgcc.a(_thenan_sf.o)
 .debug_info    0x00001407      0x206 d:/eclipse/eclipse/winavr/bin/../lib/gcc/avr/4.3.3/avr5\libgcc.a(_usi_to_sf.o)
 .debug_info    0x0000160d      0x117 d:/eclipse/eclipse/winavr/bin/../lib/gcc/avr/4.3.3/avr5\libgcc.a(_clzsi2.o)
 .debug_info    0x00001724      0x2df d:/eclipse/eclipse/winavr/bin/../lib/gcc/avr/4.3.3/avr5\libgcc.a(_pack_sf.o)
 .debug_info    0x00001a03      0x251 d:/eclipse/eclipse/winavr/bin/../lib/gcc/avr/4.3.3/avr5\libgcc.a(_unpack_sf.o)
 .debug_info    0x00001c54      0x210 d:/eclipse/eclipse/winavr/bin/../lib/gcc/avr/4.3.3/avr5\libgcc.a(_fpcmp_parts_sf.o)
 .debug_info    0x00001e64       0xa9 d:/eclipse/eclipse/winavr/bin/../lib/gcc/avr/4.3.3/avr5\libgcc.a(_clz.o)
 *(.gnu.linkonce.wi.*)

.debug_abbrev   0x00000000     0x10d2
 *(.debug_abbrev)
 .debug_abbrev  0x00000000       0x5d d:/eclipse/eclipse/winavr/bin/../lib/gcc/avr/4.3.3/avr5\libgcc.a(_fixunssfsi.o)
 .debug_abbrev  0x0000005d      0x1ea d:/eclipse/eclipse/winavr/bin/../lib/gcc/avr/4.3.3/avr5\libgcc.a(_addsub_sf.o)
 .debug_abbrev  0x00000247      0x21b d:/eclipse/eclipse/winavr/bin/../lib/gcc/avr/4.3.3/avr5\libgcc.a(_mul_sf.o)
 .debug_abbrev  0x00000462      0x216 d:/eclipse/eclipse/winavr/bin/../lib/gcc/avr/4.3.3/avr5\libgcc.a(_div_sf.o)
 .debug_abbrev  0x00000678      0x15a d:/eclipse/eclipse/winavr/bin/../lib/gcc/avr/4.3.3/avr5\libgcc.a(_ge_sf.o)
 .debug_abbrev  0x000007d2      0x17f d:/eclipse/eclipse/winavr/bin/../lib/gcc/avr/4.3.3/avr5\libgcc.a(_sf_to_si.o)
 .debug_abbrev  0x00000951       0xad d:/eclipse/eclipse/winavr/bin/../lib/gcc/avr/4.3.3/avr5\libgcc.a(_thenan_sf.o)
 .debug_abbrev  0x000009fe      0x157 d:/eclipse/eclipse/winavr/bin/../lib/gcc/avr/4.3.3/avr5\libgcc.a(_usi_to_sf.o)
 .debug_abbrev  0x00000b55       0xc4 d:/eclipse/eclipse/winavr/bin/../lib/gcc/avr/4.3.3/avr5\libgcc.a(_clzsi2.o)
 .debug_abbrev  0x00000c19      0x1c0 d:/eclipse/eclipse/winavr/bin/../lib/gcc/avr/4.3.3/avr5\libgcc.a(_pack_sf.o)
 .debug_abbrev  0x00000dd9      0x154 d:/eclipse/eclipse/winavr/bin/../lib/gcc/avr/4.3.3/avr5\libgcc.a(_unpack_sf.o)
 .debug_abbrev  0x00000f2d      0x13b d:/eclipse/eclipse/winavr/bin/../lib/gcc/avr/4.3.3/avr5\libgcc.a(_fpcmp_parts_sf.o)
 .debug_abbrev  0x00001068       0x6a d:/eclipse/eclipse/winavr/bin/../lib/gcc/avr/4.3.3/avr5\libgcc.a(_clz.o)

.debug_line     0x00000000     0x1030
 *(.debug_line)
 .debug_line    0x00000000       0xa7 d:/eclipse/eclipse/winavr/bin/../lib/gcc/avr/4.3.3/avr5\libgcc.a(_fixunssfsi.o)
 .debug_line    0x000000a7      0x2af d:/eclipse/eclipse/winavr/bin/../lib/gcc/avr/4.3.3/avr5\libgcc.a(_addsub_sf.o)
 .debug_line    0x00000356      0x239 d:/eclipse/eclipse/winavr/bin/../lib/gcc/avr/4.3.3/avr5\libgcc.a(_mul_sf.o)
 .debug_line    0x0000058f      0x1d5 d:/eclipse/eclipse/winavr/bin/../lib/gcc/avr/4.3.3/avr5\libgcc.a(_div_sf.o)
 .debug_line    0x00000764       0xd3 d:/eclipse/eclipse/winavr/bin/../lib/gcc/avr/4.3.3/avr5\libgcc.a(_ge_sf.o)
 .debug_line    0x00000837      0x109 d:/eclipse/eclipse/winavr/bin/../lib/gcc/avr/4.3.3/avr5\libgcc.a(_sf_to_si.o)
 .debug_line    0x00000940       0x90 d:/eclipse/eclipse/winavr/bin/../lib/gcc/avr/4.3.3/avr5\libgcc.a(_thenan_sf.o)
 .debug_line    0x000009d0      0x133 d:/eclipse/eclipse/winavr/bin/../lib/gcc/avr/4.3.3/avr5\libgcc.a(_usi_to_sf.o)
 .debug_line    0x00000b03       0xa5 d:/eclipse/eclipse/winavr/bin/../lib/gcc/avr/4.3.3/avr5\libgcc.a(_clzsi2.o)
 .debug_line    0x00000ba8      0x18a d:/eclipse/eclipse/winavr/bin/../lib/gcc/avr/4.3.3/avr5\libgcc.a(_pack_sf.o)
 .debug_line    0x00000d32      0x14b d:/eclipse/eclipse/winavr/bin/../lib/gcc/avr/4.3.3/avr5\libgcc.a(_unpack_sf.o)
 .debug_line    0x00000e7d      0x137 d:/eclipse/eclipse/winavr/bin/../lib/gcc/avr/4.3.3/avr5\libgcc.a(_fpcmp_parts_sf.o)
 .debug_line    0x00000fb4       0x7c d:/eclipse/eclipse/winavr/bin/../lib/gcc/avr/4.3.3/avr5\libgcc.a(_clz.o)

.debug_frame    0x00000000      0x180
 *(.debug_frame)
 .debug_frame   0x00000000       0x20 d:/eclipse/eclipse/winavr/bin/../lib/gcc/avr/4.3.3/avr5\libgcc.a(_fixunssfsi.o)
 .debug_frame   0x00000020       0x40 d:/eclipse/eclipse/winavr/bin/../lib/gcc/avr/4.3.3/avr5\libgcc.a(_addsub_sf.o)
 .debug_frame   0x00000060       0x20 d:/eclipse/eclipse/winavr/bin/../lib/gcc/avr/4.3.3/avr5\libgcc.a(_mul_sf.o)
 .debug_frame   0x00000080       0x20 d:/eclipse/eclipse/winavr/bin/../lib/gcc/avr/4.3.3/avr5\libgcc.a(_div_sf.o)
 .debug_frame   0x000000a0       0x20 d:/eclipse/eclipse/winavr/bin/../lib/gcc/avr/4.3.3/avr5\libgcc.a(_ge_sf.o)
 .debug_frame   0x000000c0       0x20 d:/eclipse/eclipse/winavr/bin/../lib/gcc/avr/4.3.3/avr5\libgcc.a(_sf_to_si.o)
 .debug_frame   0x000000e0       0x20 d:/eclipse/eclipse/winavr/bin/../lib/gcc/avr/4.3.3/avr5\libgcc.a(_usi_to_sf.o)
 .debug_frame   0x00000100       0x20 d:/eclipse/eclipse/winavr/bin/../lib/gcc/avr/4.3.3/avr5\libgcc.a(_clzsi2.o)
 .debug_frame   0x00000120       0x20 d:/eclipse/eclipse/winavr/bin/../lib/gcc/avr/4.3.3/avr5\libgcc.a(_pack_sf.o)
 .debug_frame   0x00000140       0x20 d:/eclipse/eclipse/winavr/bin/../lib/gcc/avr/4.3.3/avr5\libgcc.a(_unpack_sf.o)
 .debug_frame   0x00000160       0x20 d:/eclipse/eclipse/winavr/bin/../lib/gcc/avr/4.3.3/avr5\libgcc.a(_fpcmp_parts_sf.o)

.debug_str      0x00000000      0x2e6
 *(.debug_str)
 .debug_str     0x00000000       0xbf d:/eclipse/eclipse/winavr/bin/../lib/gcc/avr/4.3.3/avr5\libgcc.a(_fixunssfsi.o)
                                 0xfe (size before relaxing)
 .debug_str     0x000000bf      0x14d d:/eclipse/eclipse/winavr/bin/../lib/gcc/avr/4.3.3/avr5\libgcc.a(_addsub_sf.o)
                                0x206 (size before relaxing)
 .debug_str     0x0000020c       0x27 d:/eclipse/eclipse/winavr/bin/../lib/gcc/avr/4.3.3/avr5\libgcc.a(_mul_sf.o)
                                0x1bf (size before relaxing)
 .debug_str     0x00000233       0x35 d:/eclipse/eclipse/winavr/bin/../lib/gcc/avr/4.3.3/avr5\libgcc.a(_div_sf.o)
                                0x1c8 (size before relaxing)
 .debug_str     0x00000268        0x8 d:/eclipse/eclipse/winavr/bin/../lib/gcc/avr/4.3.3/avr5\libgcc.a(_ge_sf.o)
                                0x195 (size before relaxing)
 .debug_str     0x00000270        0xa d:/eclipse/eclipse/winavr/bin/../lib/gcc/avr/4.3.3/avr5\libgcc.a(_sf_to_si.o)
                                0x19e (size before relaxing)
 .debug_str     0x00000000      0x103 d:/eclipse/eclipse/winavr/bin/../lib/gcc/avr/4.3.3/avr5\libgcc.a(_thenan_sf.o)
 .debug_str     0x0000027a       0x21 d:/eclipse/eclipse/winavr/bin/../lib/gcc/avr/4.3.3/avr5\libgcc.a(_usi_to_sf.o)
                                0x177 (size before relaxing)
 .debug_str     0x0000029b       0x20 d:/eclipse/eclipse/winavr/bin/../lib/gcc/avr/4.3.3/avr5\libgcc.a(_clzsi2.o)
                                0x111 (size before relaxing)
 .debug_str     0x000002bb       0x10 d:/eclipse/eclipse/winavr/bin/../lib/gcc/avr/4.3.3/avr5\libgcc.a(_pack_sf.o)
                                0x19d (size before relaxing)
 .debug_str     0x000002cb        0xb d:/eclipse/eclipse/winavr/bin/../lib/gcc/avr/4.3.3/avr5\libgcc.a(_unpack_sf.o)
                                0x17f (size before relaxing)
 .debug_str     0x000002d6       0x10 d:/eclipse/eclipse/winavr/bin/../lib/gcc/avr/4.3.3/avr5\libgcc.a(_fpcmp_parts_sf.o)
                                0x163 (size before relaxing)
 .debug_str     0x00000000       0xf4 d:/eclipse/eclipse/winavr/bin/../lib/gcc/avr/4.3.3/avr5\libgcc.a(_clz.o)

.debug_loc      0x00000000      0x8f6
 *(.debug_loc)
 .debug_loc     0x00000000       0x34 d:/eclipse/eclipse/winavr/bin/../lib/gcc/avr/4.3.3/avr5\libgcc.a(_fixunssfsi.o)
 .debug_loc     0x00000034      0x32a d:/eclipse/eclipse/winavr/bin/../lib/gcc/avr/4.3.3/avr5\libgcc.a(_addsub_sf.o)
 .debug_loc     0x0000035e      0x104 d:/eclipse/eclipse/winavr/bin/../lib/gcc/avr/4.3.3/avr5\libgcc.a(_mul_sf.o)
 .debug_loc     0x00000462       0xc0 d:/eclipse/eclipse/winavr/bin/../lib/gcc/avr/4.3.3/avr5\libgcc.a(_div_sf.o)
 .debug_loc     0x00000522       0x3c d:/eclipse/eclipse/winavr/bin/../lib/gcc/avr/4.3.3/avr5\libgcc.a(_ge_sf.o)
 .debug_loc     0x0000055e       0x7e d:/eclipse/eclipse/winavr/bin/../lib/gcc/avr/4.3.3/avr5\libgcc.a(_sf_to_si.o)
 .debug_loc     0x000005dc       0x4c d:/eclipse/eclipse/winavr/bin/../lib/gcc/avr/4.3.3/avr5\libgcc.a(_usi_to_sf.o)
 .debug_loc     0x00000628       0x94 d:/eclipse/eclipse/winavr/bin/../lib/gcc/avr/4.3.3/avr5\libgcc.a(_clzsi2.o)
 .debug_loc     0x000006bc      0x13e d:/eclipse/eclipse/winavr/bin/../lib/gcc/avr/4.3.3/avr5\libgcc.a(_pack_sf.o)
 .debug_loc     0x000007fa       0xac d:/eclipse/eclipse/winavr/bin/../lib/gcc/avr/4.3.3/avr5\libgcc.a(_unpack_sf.o)
 .debug_loc     0x000008a6       0x50 d:/eclipse/eclipse/winavr/bin/../lib/gcc/avr/4.3.3/avr5\libgcc.a(_fpcmp_parts_sf.o)

.debug_macinfo
 *(.debug_macinfo)
OUTPUT(AT32.elf elf32-avr)
LOAD linker stubs

.debug_ranges   0x00000000       0x50
 .debug_ranges  0x00000000       0x50 d:/eclipse/eclipse/winavr/bin/../lib/gcc/avr/4.3.3/avr5\libgcc.a(_mul_sf.o)
