Archive member included because of file (symbol)

d:/eclipse/eclipse/winavr/bin/../lib/gcc/avr/4.3.3/avr5\libgcc.a(_udivmodhi4.o)
                              ./BSW/MCAL/TIMER2/src/TIMER2_program.o (__udivmodhi4)
d:/eclipse/eclipse/winavr/bin/../lib/gcc/avr/4.3.3/avr5\libgcc.a(_divmodsi4.o)
                              ./BSW/HAL/CLCD/src/CLCD_program.o (__divmodsi4)
d:/eclipse/eclipse/winavr/bin/../lib/gcc/avr/4.3.3/avr5\libgcc.a(_exit.o)
                              d:/eclipse/eclipse/winavr/bin/../lib/gcc/avr/4.3.3/../../../../avr/lib/avr5/crtm32.o (exit)
d:/eclipse/eclipse/winavr/bin/../lib/gcc/avr/4.3.3/avr5\libgcc.a(_copy_data.o)
                              ./Services/Stack/Stack.o (__do_copy_data)
d:/eclipse/eclipse/winavr/bin/../lib/gcc/avr/4.3.3/avr5\libgcc.a(_clear_bss.o)
                              ./BSW/MCAL/TIMER2/src/TIMER2_program.o (__do_clear_bss)
d:/eclipse/eclipse/winavr/bin/../lib/gcc/avr/4.3.3/avr5\libgcc.a(_udivmodsi4.o)
                              d:/eclipse/eclipse/winavr/bin/../lib/gcc/avr/4.3.3/avr5\libgcc.a(_divmodsi4.o) (__udivmodsi4)
d:/eclipse/eclipse/winavr/bin/../lib/gcc/avr/4.3.3/../../../../avr/lib/avr5\libc.a(malloc.o)
                              ./Services/Stack/Stack.o (malloc)
d:/eclipse/eclipse/winavr/bin/../lib/gcc/avr/4.3.3/../../../../avr/lib/avr5\libc.a(printf.o)
                              ./Services/Stack/Stack.o (printf)
d:/eclipse/eclipse/winavr/bin/../lib/gcc/avr/4.3.3/../../../../avr/lib/avr5\libc.a(vfprintf_std.o)
                              d:/eclipse/eclipse/winavr/bin/../lib/gcc/avr/4.3.3/../../../../avr/lib/avr5\libc.a(printf.o) (vfprintf)
d:/eclipse/eclipse/winavr/bin/../lib/gcc/avr/4.3.3/../../../../avr/lib/avr5\libc.a(strnlen_P.o)
                              d:/eclipse/eclipse/winavr/bin/../lib/gcc/avr/4.3.3/../../../../avr/lib/avr5\libc.a(vfprintf_std.o) (strnlen_P)
d:/eclipse/eclipse/winavr/bin/../lib/gcc/avr/4.3.3/../../../../avr/lib/avr5\libc.a(strnlen.o)
                              d:/eclipse/eclipse/winavr/bin/../lib/gcc/avr/4.3.3/../../../../avr/lib/avr5\libc.a(vfprintf_std.o) (strnlen)
d:/eclipse/eclipse/winavr/bin/../lib/gcc/avr/4.3.3/../../../../avr/lib/avr5\libc.a(fputc.o)
                              d:/eclipse/eclipse/winavr/bin/../lib/gcc/avr/4.3.3/../../../../avr/lib/avr5\libc.a(vfprintf_std.o) (fputc)
d:/eclipse/eclipse/winavr/bin/../lib/gcc/avr/4.3.3/../../../../avr/lib/avr5\libc.a(iob.o)
                              d:/eclipse/eclipse/winavr/bin/../lib/gcc/avr/4.3.3/../../../../avr/lib/avr5\libc.a(printf.o) (__iob)
d:/eclipse/eclipse/winavr/bin/../lib/gcc/avr/4.3.3/../../../../avr/lib/avr5\libc.a(ultoa_invert.o)
                              d:/eclipse/eclipse/winavr/bin/../lib/gcc/avr/4.3.3/../../../../avr/lib/avr5\libc.a(vfprintf_std.o) (__ultoa_invert)
d:/eclipse/eclipse/winavr/bin/../lib/gcc/avr/4.3.3/avr5\libgcc.a(_prologue.o)
                              d:/eclipse/eclipse/winavr/bin/../lib/gcc/avr/4.3.3/../../../../avr/lib/avr5\libc.a(printf.o) (__prologue_saves__)
d:/eclipse/eclipse/winavr/bin/../lib/gcc/avr/4.3.3/avr5\libgcc.a(_epilogue.o)
                              d:/eclipse/eclipse/winavr/bin/../lib/gcc/avr/4.3.3/../../../../avr/lib/avr5\libc.a(printf.o) (__epilogue_restores__)

Allocating common symbols
Common symbol       size              file

__brkval            0x2               d:/eclipse/eclipse/winavr/bin/../lib/gcc/avr/4.3.3/../../../../avr/lib/avr5\libc.a(malloc.o)
__flp               0x2               d:/eclipse/eclipse/winavr/bin/../lib/gcc/avr/4.3.3/../../../../avr/lib/avr5\libc.a(malloc.o)
__iob               0x6               d:/eclipse/eclipse/winavr/bin/../lib/gcc/avr/4.3.3/../../../../avr/lib/avr5\libc.a(iob.o)

Memory Configuration

Name             Origin             Length             Attributes
text             0x00000000         0x00020000         xr
data             0x00800060         0x0000ffa0         rw !x
eeprom           0x00810000         0x00010000         rw !x
fuse             0x00820000         0x00000400         rw !x
lock             0x00830000         0x00000400         rw !x
signature        0x00840000         0x00000400         rw !x
*default*        0x00000000         0xffffffff

Linker script and memory map

LOAD d:/eclipse/eclipse/winavr/bin/../lib/gcc/avr/4.3.3/../../../../avr/lib/avr5/crtm32.o
LOAD ./Services/Stack/Stack.o
LOAD ./BSW/MCAL/TIMER2/src/TIMER2_program.o
LOAD ./BSW/MCAL/TIMER1/src/TIMER1_program.o
LOAD ./BSW/MCAL/TIMER0/src/TIMER0_program.o
LOAD ./BSW/MCAL/PORT/src/PORT_program.o
LOAD ./BSW/MCAL/GIE/src/GIE_program.o
LOAD ./BSW/MCAL/EXT/src/EXTI_program.o
LOAD ./BSW/MCAL/DIO/src/DIO_Program.o
LOAD ./BSW/MCAL/ADC/src/ADC_program.o
LOAD ./BSW/HAL/CLCD/src/CLCD_program.o
LOAD ./App/TrafficLights/src/TrafficLightsControl.o
LOAD ./App/main.o
LOAD d:/eclipse/eclipse/winavr/bin/../lib/gcc/avr/4.3.3/avr5\libgcc.a
LOAD d:/eclipse/eclipse/winavr/bin/../lib/gcc/avr/4.3.3/../../../../avr/lib/avr5\libc.a
LOAD d:/eclipse/eclipse/winavr/bin/../lib/gcc/avr/4.3.3/avr5\libgcc.a

.hash
 *(.hash)

.dynsym
 *(.dynsym)

.dynstr
 *(.dynstr)

.gnu.version
 *(.gnu.version)

.gnu.version_d
 *(.gnu.version_d)

.gnu.version_r
 *(.gnu.version_r)

.rel.init
 *(.rel.init)

.rela.init
 *(.rela.init)

.rel.text
 *(.rel.text)
 *(.rel.text.*)
 *(.rel.gnu.linkonce.t*)

.rela.text
 *(.rela.text)
 *(.rela.text.*)
 *(.rela.gnu.linkonce.t*)

.rel.fini
 *(.rel.fini)

.rela.fini
 *(.rela.fini)

.rel.rodata
 *(.rel.rodata)
 *(.rel.rodata.*)
 *(.rel.gnu.linkonce.r*)

.rela.rodata
 *(.rela.rodata)
 *(.rela.rodata.*)
 *(.rela.gnu.linkonce.r*)

.rel.data
 *(.rel.data)
 *(.rel.data.*)
 *(.rel.gnu.linkonce.d*)

.rela.data
 *(.rela.data)
 *(.rela.data.*)
 *(.rela.gnu.linkonce.d*)

.rel.ctors
 *(.rel.ctors)

.rela.ctors
 *(.rela.ctors)

.rel.dtors
 *(.rel.dtors)

.rela.dtors
 *(.rela.dtors)

.rel.got
 *(.rel.got)

.rela.got
 *(.rela.got)

.rel.bss
 *(.rel.bss)

.rela.bss
 *(.rela.bss)

.rel.plt
 *(.rel.plt)

.rela.plt
 *(.rela.plt)

.text           0x00000000     0x272c
 *(.vectors)
 .vectors       0x00000000       0x54 d:/eclipse/eclipse/winavr/bin/../lib/gcc/avr/4.3.3/../../../../avr/lib/avr5/crtm32.o
                0x00000000                __vectors
                0x00000000                __vector_default
 *(.vectors)
 *(.progmem.gcc*)
 *(.progmem*)
                0x00000054                . = ALIGN (0x2)
                0x00000054                __trampolines_start = .
 *(.trampolines)
 .trampolines   0x00000054        0x0 linker stubs
 *(.trampolines*)
                0x00000054                __trampolines_end = .
 *(.jumptables)
 *(.jumptables*)
 *(.lowtext)
 *(.lowtext*)
                0x00000054                __ctors_start = .
 *(.ctors)
                0x00000054                __ctors_end = .
                0x00000054                __dtors_start = .
 *(.dtors)
                0x00000054                __dtors_end = .
 SORT(*)(.ctors)
 SORT(*)(.dtors)
 *(.init0)
 .init0         0x00000054        0x0 d:/eclipse/eclipse/winavr/bin/../lib/gcc/avr/4.3.3/../../../../avr/lib/avr5/crtm32.o
                0x00000054                __init
 *(.init0)
 *(.init1)
 *(.init1)
 *(.init2)
 .init2         0x00000054        0xc d:/eclipse/eclipse/winavr/bin/../lib/gcc/avr/4.3.3/../../../../avr/lib/avr5/crtm32.o
 *(.init2)
 *(.init3)
 *(.init3)
 *(.init4)
 .init4         0x00000060       0x16 d:/eclipse/eclipse/winavr/bin/../lib/gcc/avr/4.3.3/avr5\libgcc.a(_copy_data.o)
                0x00000060                __do_copy_data
 .init4         0x00000076       0x10 d:/eclipse/eclipse/winavr/bin/../lib/gcc/avr/4.3.3/avr5\libgcc.a(_clear_bss.o)
                0x00000076                __do_clear_bss
 *(.init4)
 *(.init5)
 *(.init5)
 *(.init6)
 *(.init6)
 *(.init7)
 *(.init7)
 *(.init8)
 *(.init8)
 *(.init9)
 .init9         0x00000086        0x8 d:/eclipse/eclipse/winavr/bin/../lib/gcc/avr/4.3.3/../../../../avr/lib/avr5/crtm32.o
 *(.init9)
 *(.text)
 .text          0x0000008e        0x4 d:/eclipse/eclipse/winavr/bin/../lib/gcc/avr/4.3.3/../../../../avr/lib/avr5/crtm32.o
                0x0000008e                __vector_12
                0x0000008e                __bad_interrupt
                0x0000008e                __vector_13
                0x0000008e                __vector_17
                0x0000008e                __vector_19
                0x0000008e                __vector_15
                0x0000008e                __vector_14
                0x0000008e                __vector_18
                0x0000008e                __vector_20
 .text          0x00000092        0x0 ./Services/Stack/Stack.o
 .text          0x00000092        0x0 ./BSW/MCAL/TIMER2/src/TIMER2_program.o
 .text          0x00000092        0x0 ./BSW/MCAL/TIMER1/src/TIMER1_program.o
 .text          0x00000092        0x0 ./BSW/MCAL/TIMER0/src/TIMER0_program.o
 .text          0x00000092        0x0 ./BSW/MCAL/PORT/src/PORT_program.o
 .text          0x00000092        0x0 ./BSW/MCAL/GIE/src/GIE_program.o
 .text          0x00000092        0x0 ./BSW/MCAL/EXT/src/EXTI_program.o
 .text          0x00000092        0x0 ./BSW/MCAL/DIO/src/DIO_Program.o
 .text          0x00000092        0x0 ./BSW/MCAL/ADC/src/ADC_program.o
 .text          0x00000092        0x0 ./BSW/HAL/CLCD/src/CLCD_program.o
 .text          0x00000092        0x0 ./App/TrafficLights/src/TrafficLightsControl.o
 .text          0x00000092        0x0 ./App/main.o
 .text          0x00000092        0x0 d:/eclipse/eclipse/winavr/bin/../lib/gcc/avr/4.3.3/avr5\libgcc.a(_udivmodhi4.o)
 .text          0x00000092        0x0 d:/eclipse/eclipse/winavr/bin/../lib/gcc/avr/4.3.3/avr5\libgcc.a(_divmodsi4.o)
 .text          0x00000092        0x0 d:/eclipse/eclipse/winavr/bin/../lib/gcc/avr/4.3.3/avr5\libgcc.a(_exit.o)
 .text          0x00000092        0x0 d:/eclipse/eclipse/winavr/bin/../lib/gcc/avr/4.3.3/avr5\libgcc.a(_copy_data.o)
 .text          0x00000092        0x0 d:/eclipse/eclipse/winavr/bin/../lib/gcc/avr/4.3.3/avr5\libgcc.a(_clear_bss.o)
 .text          0x00000092        0x0 d:/eclipse/eclipse/winavr/bin/../lib/gcc/avr/4.3.3/avr5\libgcc.a(_udivmodsi4.o)
 .text          0x00000092        0x0 d:/eclipse/eclipse/winavr/bin/../lib/gcc/avr/4.3.3/../../../../avr/lib/avr5\libc.a(malloc.o)
 .text          0x00000092        0x0 d:/eclipse/eclipse/winavr/bin/../lib/gcc/avr/4.3.3/../../../../avr/lib/avr5\libc.a(printf.o)
 .text          0x00000092        0x0 d:/eclipse/eclipse/winavr/bin/../lib/gcc/avr/4.3.3/../../../../avr/lib/avr5\libc.a(vfprintf_std.o)
 .text          0x00000092        0x0 d:/eclipse/eclipse/winavr/bin/../lib/gcc/avr/4.3.3/../../../../avr/lib/avr5\libc.a(strnlen_P.o)
 .text          0x00000092        0x0 d:/eclipse/eclipse/winavr/bin/../lib/gcc/avr/4.3.3/../../../../avr/lib/avr5\libc.a(strnlen.o)
 .text          0x00000092        0x0 d:/eclipse/eclipse/winavr/bin/../lib/gcc/avr/4.3.3/../../../../avr/lib/avr5\libc.a(fputc.o)
 .text          0x00000092        0x0 d:/eclipse/eclipse/winavr/bin/../lib/gcc/avr/4.3.3/../../../../avr/lib/avr5\libc.a(iob.o)
 .text          0x00000092        0x0 d:/eclipse/eclipse/winavr/bin/../lib/gcc/avr/4.3.3/../../../../avr/lib/avr5\libc.a(ultoa_invert.o)
 .text          0x00000092        0x0 d:/eclipse/eclipse/winavr/bin/../lib/gcc/avr/4.3.3/avr5\libgcc.a(_prologue.o)
 .text          0x00000092        0x0 d:/eclipse/eclipse/winavr/bin/../lib/gcc/avr/4.3.3/avr5\libgcc.a(_epilogue.o)
                0x00000092                . = ALIGN (0x2)
 *(.text.*)
 .text.Stack_Full
                0x00000092       0x1a ./Services/Stack/Stack.o
 .text.Stack_Empty
                0x000000ac       0x30 ./Services/Stack/Stack.o
 .text.Stack_Creation
                0x000000dc       0x40 ./Services/Stack/Stack.o
                0x000000dc                Stack_Creation
 .text.Stack_Push
                0x0000011c       0xa8 ./Services/Stack/Stack.o
                0x0000011c                Stack_Push
 .text.Stack_Pop
                0x000001c4       0xbe ./Services/Stack/Stack.o
                0x000001c4                Stack_Pop
 .text.Stack_Display
                0x00000282       0xaa ./Services/Stack/Stack.o
                0x00000282                Stack_Display
 .text.Clear_Stack
                0x0000032c       0x7c ./Services/Stack/Stack.o
                0x0000032c                Clear_Stack
 .text.Stack_Size
                0x000003a8       0x4e ./Services/Stack/Stack.o
                0x000003a8                Stack_Size
 .text.TIMER2_DutyCycle
                0x000003f6       0x48 ./BSW/MCAL/TIMER2/src/TIMER2_program.o
                0x000003f6                TIMER2_DutyCycle
 .text.TIMER2_Delay
                0x0000043e       0x52 ./BSW/MCAL/TIMER2/src/TIMER2_program.o
                0x0000043e                TIMER2_Delay
 .text.TIMER2_voidInit
                0x00000490       0x44 ./BSW/MCAL/TIMER2/src/TIMER2_program.o
                0x00000490                TIMER2_voidInit
 .text.TIMER2_voiSetPreLoadValue
                0x000004d4       0x1c ./BSW/MCAL/TIMER2/src/TIMER2_program.o
                0x000004d4                TIMER2_voiSetPreLoadValue
 .text.TIMER2_voiSetCompareMatchValue
                0x000004f0       0x1c ./BSW/MCAL/TIMER2/src/TIMER2_program.o
                0x000004f0                TIMER2_voiSetCompareMatchValue
 .text.Timer2_Timer2OVFCallBackFunc
                0x0000050c       0x3a ./BSW/MCAL/TIMER2/src/TIMER2_program.o
                0x0000050c                Timer2_Timer2OVFCallBackFunc
 .text.Timer2_Timer2CTCCallBackFunc
                0x00000546       0x3a ./BSW/MCAL/TIMER2/src/TIMER2_program.o
                0x00000546                Timer2_Timer2CTCCallBackFunc
 .text.__vector_4
                0x00000580       0x5a ./BSW/MCAL/TIMER2/src/TIMER2_program.o
                0x00000580                __vector_4
 .text.__vector_5
                0x000005da       0x5a ./BSW/MCAL/TIMER2/src/TIMER2_program.o
                0x000005da                __vector_5
 .text.TIMER1_voidInit
                0x00000634       0x4e ./BSW/MCAL/TIMER1/src/TIMER1_program.o
                0x00000634                TIMER1_voidInit
 .text.TIMER1_voidSetChannelACompMatch
                0x00000682       0x24 ./BSW/MCAL/TIMER1/src/TIMER1_program.o
                0x00000682                TIMER1_voidSetChannelACompMatch
 .text.TIMER1_voidSetChannelBCompMatch
                0x000006a6       0x24 ./BSW/MCAL/TIMER1/src/TIMER1_program.o
                0x000006a6                TIMER1_voidSetChannelBCompMatch
 .text.TIMER1_voidSetICR
                0x000006ca       0x24 ./BSW/MCAL/TIMER1/src/TIMER1_program.o
                0x000006ca                TIMER1_voidSetICR
 .text.TIMER1_voidSetTimerValue
                0x000006ee       0x24 ./BSW/MCAL/TIMER1/src/TIMER1_program.o
                0x000006ee                TIMER1_voidSetTimerValue
 .text.TIMER1_uint16GetTimerValue
                0x00000712       0x16 ./BSW/MCAL/TIMER1/src/TIMER1_program.o
                0x00000712                TIMER1_uint16GetTimerValue
 .text.TIMER1_CTCASetCallBck
                0x00000728       0x3a ./BSW/MCAL/TIMER1/src/TIMER1_program.o
                0x00000728                TIMER1_CTCASetCallBck
 .text.TIMER1_CTCBSetCallBck
                0x00000762       0x3a ./BSW/MCAL/TIMER1/src/TIMER1_program.o
                0x00000762                TIMER1_CTCBSetCallBck
 .text.TIMER1_OVSetCallBck
                0x0000079c       0x3a ./BSW/MCAL/TIMER1/src/TIMER1_program.o
                0x0000079c                TIMER1_OVSetCallBck
 .text.TIMER1_CAPTURESetCallBck
                0x000007d6       0x3a ./BSW/MCAL/TIMER1/src/TIMER1_program.o
                0x000007d6                TIMER1_CAPTURESetCallBck
 .text.__vector_6
                0x00000810       0x64 ./BSW/MCAL/TIMER1/src/TIMER1_program.o
                0x00000810                __vector_6
 .text.__vector_7
                0x00000874       0x5a ./BSW/MCAL/TIMER1/src/TIMER1_program.o
                0x00000874                __vector_7
 .text.__vector_8
                0x000008ce       0x5a ./BSW/MCAL/TIMER1/src/TIMER1_program.o
                0x000008ce                __vector_8
 .text.__vector_9
                0x00000928       0x5a ./BSW/MCAL/TIMER1/src/TIMER1_program.o
                0x00000928                __vector_9
 .text.TIMER0_DutyCycle
                0x00000982       0x48 ./BSW/MCAL/TIMER0/src/TIMER0_program.o
                0x00000982                TIMER0_DutyCycle
 .text.TIMER0_Delay
                0x000009ca       0x52 ./BSW/MCAL/TIMER0/src/TIMER0_program.o
                0x000009ca                TIMER0_Delay
 .text.TIMER0_voidInit
                0x00000a1c       0x44 ./BSW/MCAL/TIMER0/src/TIMER0_program.o
                0x00000a1c                TIMER0_voidInit
 .text.TIMER0_voiSetPreLoadValue
                0x00000a60       0x1c ./BSW/MCAL/TIMER0/src/TIMER0_program.o
                0x00000a60                TIMER0_voiSetPreLoadValue
 .text.TIMER0_voiSetCompareMatchValue
                0x00000a7c       0x1c ./BSW/MCAL/TIMER0/src/TIMER0_program.o
                0x00000a7c                TIMER0_voiSetCompareMatchValue
 .text.Timer0_Timer0OVFCallBackFunc
                0x00000a98       0x3a ./BSW/MCAL/TIMER0/src/TIMER0_program.o
                0x00000a98                Timer0_Timer0OVFCallBackFunc
 .text.Timer0_Timer0CTCCallBackFunc
                0x00000ad2       0x3a ./BSW/MCAL/TIMER0/src/TIMER0_program.o
                0x00000ad2                Timer0_Timer0CTCCallBackFunc
 .text.__vector_10
                0x00000b0c       0x5a ./BSW/MCAL/TIMER0/src/TIMER0_program.o
                0x00000b0c                __vector_10
 .text.__vector_11
                0x00000b66       0x5a ./BSW/MCAL/TIMER0/src/TIMER0_program.o
                0x00000b66                __vector_11
 .text.PORT_voidInit
                0x00000bc0       0x44 ./BSW/MCAL/PORT/src/PORT_program.o
                0x00000bc0                PORT_voidInit
 .text.GIE_Enable
                0x00000c04       0x1c ./BSW/MCAL/GIE/src/GIE_program.o
                0x00000c04                GIE_Enable
 .text.GIE_Disable
                0x00000c20       0x1c ./BSW/MCAL/GIE/src/GIE_program.o
                0x00000c20                GIE_Disable
 .text.EXTI_voidInt0Init
                0x00000c3c       0x38 ./BSW/MCAL/EXT/src/EXTI_program.o
                0x00000c3c                EXTI_voidInt0Init
 .text.EXTI_voidInt1Init
                0x00000c74       0x2a ./BSW/MCAL/EXT/src/EXTI_program.o
                0x00000c74                EXTI_voidInt1Init
 .text.EXTI_voidInt2Init
                0x00000c9e       0x1c ./BSW/MCAL/EXT/src/EXTI_program.o
                0x00000c9e                EXTI_voidInt2Init
 .text.EXTI_uint8IntSetSenseControl
                0x00000cba      0x206 ./BSW/MCAL/EXT/src/EXTI_program.o
                0x00000cba                EXTI_uint8IntSetSenseControl
 .text.EXTI_uint8IntEnable
                0x00000ec0       0x7c ./BSW/MCAL/EXT/src/EXTI_program.o
                0x00000ec0                EXTI_uint8IntEnable
 .text.EXTI_uint8IntDisable
                0x00000f3c       0x7c ./BSW/MCAL/EXT/src/EXTI_program.o
                0x00000f3c                EXTI_uint8IntDisable
 .text.EXTI_uint8Int0SetCallBack
                0x00000fb8       0x3a ./BSW/MCAL/EXT/src/EXTI_program.o
                0x00000fb8                EXTI_uint8Int0SetCallBack
 .text.EXTI_uint8Int1SetCallBack
                0x00000ff2       0x3a ./BSW/MCAL/EXT/src/EXTI_program.o
                0x00000ff2                EXTI_uint8Int1SetCallBack
 .text.EXTI_uint8Int2SetCallBack
                0x0000102c       0x3a ./BSW/MCAL/EXT/src/EXTI_program.o
                0x0000102c                EXTI_uint8Int2SetCallBack
 .text.__vector_1
                0x00001066       0x66 ./BSW/MCAL/EXT/src/EXTI_program.o
                0x00001066                __vector_1
 .text.__vector_2
                0x000010cc       0x66 ./BSW/MCAL/EXT/src/EXTI_program.o
                0x000010cc                __vector_2
 .text.__vector_3
                0x00001132       0x66 ./BSW/MCAL/EXT/src/EXTI_program.o
                0x00001132                __vector_3
 .text.DIO_SetPortVal
                0x00001198       0x96 ./BSW/MCAL/DIO/src/DIO_Program.o
                0x00001198                DIO_SetPortVal
 .text.DIO_SetPinVal
                0x0000122e      0x21c ./BSW/MCAL/DIO/src/DIO_Program.o
                0x0000122e                DIO_SetPinVal
 .text.DIO_SetPortDir
                0x0000144a       0x96 ./BSW/MCAL/DIO/src/DIO_Program.o
                0x0000144a                DIO_SetPortDir
 .text.DIO_SetPinDir
                0x000014e0      0x21c ./BSW/MCAL/DIO/src/DIO_Program.o
                0x000014e0                DIO_SetPinDir
 .text.DIO_GetPinVal
                0x000016fc      0x12a ./BSW/MCAL/DIO/src/DIO_Program.o
                0x000016fc                DIO_GetPinVal
 .text.DIO_GetPortVal
                0x00001826       0xaa ./BSW/MCAL/DIO/src/DIO_Program.o
                0x00001826                DIO_GetPortVal
 .text.ADC_voidInit
                0x000018d0       0x50 ./BSW/MCAL/ADC/src/ADC_program.o
                0x000018d0                ADC_voidInit
 .text.ADC_uint8StartConversionSynchronus
                0x00001920       0xda ./BSW/MCAL/ADC/src/ADC_program.o
                0x00001920                ADC_uint8StartConversionSynchronus
 .text.ADC_uint8StartConversionASynchronus
                0x000019fa       0x78 ./BSW/MCAL/ADC/src/ADC_program.o
                0x000019fa                ADC_uint8StartConversionASynchronus
 .text.__vector_16
                0x00001a72       0x6e ./BSW/MCAL/ADC/src/ADC_program.o
                0x00001a72                __vector_16
 .text.delay_ms
                0x00001ae0       0x92 ./BSW/HAL/CLCD/src/CLCD_program.o
                0x00001ae0                delay_ms
 .text.CLCD_voidSendCommand
                0x00001b72       0x4c ./BSW/HAL/CLCD/src/CLCD_program.o
                0x00001b72                CLCD_voidSendCommand
 .text.CLCD_voidInit
                0x00001bbe       0x28 ./BSW/HAL/CLCD/src/CLCD_program.o
                0x00001bbe                CLCD_voidInit
 .text.CLCD_voidSendData
                0x00001be6       0x4c ./BSW/HAL/CLCD/src/CLCD_program.o
                0x00001be6                CLCD_voidSendData
 .text.CLCD_voidSendString
                0x00001c32       0x52 ./BSW/HAL/CLCD/src/CLCD_program.o
                0x00001c32                CLCD_voidSendString
 .text.CLCD_voidGoToXY
                0x00001c84       0x3c ./BSW/HAL/CLCD/src/CLCD_program.o
                0x00001c84                CLCD_voidGoToXY
 .text.CLCD_voidWriteNumber
                0x00001cc0      0x11e ./BSW/HAL/CLCD/src/CLCD_program.o
                0x00001cc0                CLCD_voidWriteNumber
 .text.CLCD_voidWriteSpecialChar
                0x00001dde       0x82 ./BSW/HAL/CLCD/src/CLCD_program.o
                0x00001dde                CLCD_voidWriteSpecialChar
 .text.A7A      0x00001e60       0x20 ./App/TrafficLights/src/TrafficLightsControl.o
                0x00001e60                A7A
 .text.TrafficLightInit
                0x00001e80       0x1e ./App/TrafficLights/src/TrafficLightsControl.o
                0x00001e80                TrafficLightInit
 .text.TrafficLightMainFunction
                0x00001e9e       0x3a ./App/TrafficLights/src/TrafficLightsControl.o
                0x00001e9e                TrafficLightMainFunction
 .text.main     0x00001ed8       0x12 ./App/main.o
                0x00001ed8                main
 .text.libgcc   0x00001eea       0x28 d:/eclipse/eclipse/winavr/bin/../lib/gcc/avr/4.3.3/avr5\libgcc.a(_udivmodhi4.o)
                0x00001eea                __udivmodhi4
 .text.libgcc   0x00001f12       0x36 d:/eclipse/eclipse/winavr/bin/../lib/gcc/avr/4.3.3/avr5\libgcc.a(_divmodsi4.o)
                0x00001f12                __divmodsi4
 .text.libgcc   0x00001f48        0x0 d:/eclipse/eclipse/winavr/bin/../lib/gcc/avr/4.3.3/avr5\libgcc.a(_exit.o)
 .text.libgcc   0x00001f48        0x0 d:/eclipse/eclipse/winavr/bin/../lib/gcc/avr/4.3.3/avr5\libgcc.a(_copy_data.o)
 .text.libgcc   0x00001f48        0x0 d:/eclipse/eclipse/winavr/bin/../lib/gcc/avr/4.3.3/avr5\libgcc.a(_clear_bss.o)
 .text.libgcc   0x00001f48       0x44 d:/eclipse/eclipse/winavr/bin/../lib/gcc/avr/4.3.3/avr5\libgcc.a(_udivmodsi4.o)
                0x00001f48                __udivmodsi4
 .text.avr-libc
                0x00001f8c      0x20a d:/eclipse/eclipse/winavr/bin/../lib/gcc/avr/4.3.3/../../../../avr/lib/avr5\libc.a(malloc.o)
                0x00001f8c                malloc
                0x000020e6                free
 .text.avr-libc
                0x00002196       0x2a d:/eclipse/eclipse/winavr/bin/../lib/gcc/avr/4.3.3/../../../../avr/lib/avr5\libc.a(printf.o)
                0x00002196                printf
 .text.avr-libc
                0x000021c0      0x3ba d:/eclipse/eclipse/winavr/bin/../lib/gcc/avr/4.3.3/../../../../avr/lib/avr5\libc.a(vfprintf_std.o)
                0x000021c0                vfprintf
 .text.avr-libc
                0x0000257a       0x16 d:/eclipse/eclipse/winavr/bin/../lib/gcc/avr/4.3.3/../../../../avr/lib/avr5\libc.a(strnlen_P.o)
                0x0000257a                strnlen_P
 .text.avr-libc
                0x00002590       0x16 d:/eclipse/eclipse/winavr/bin/../lib/gcc/avr/4.3.3/../../../../avr/lib/avr5\libc.a(strnlen.o)
                0x00002590                strnlen
 .text.avr-libc
                0x000025a6       0x58 d:/eclipse/eclipse/winavr/bin/../lib/gcc/avr/4.3.3/../../../../avr/lib/avr5\libc.a(fputc.o)
                0x000025a6                fputc
 .text.avr-libc
                0x000025fe       0xbc d:/eclipse/eclipse/winavr/bin/../lib/gcc/avr/4.3.3/../../../../avr/lib/avr5\libc.a(ultoa_invert.o)
                0x000025fe                __ultoa_invert
 .text.libgcc   0x000026ba       0x38 d:/eclipse/eclipse/winavr/bin/../lib/gcc/avr/4.3.3/avr5\libgcc.a(_prologue.o)
                0x000026ba                __prologue_saves__
 .text.libgcc   0x000026f2       0x36 d:/eclipse/eclipse/winavr/bin/../lib/gcc/avr/4.3.3/avr5\libgcc.a(_epilogue.o)
                0x000026f2                __epilogue_restores__
                0x00002728                . = ALIGN (0x2)
 *(.fini9)
 .fini9         0x00002728        0x0 d:/eclipse/eclipse/winavr/bin/../lib/gcc/avr/4.3.3/avr5\libgcc.a(_exit.o)
                0x00002728                exit
                0x00002728                _exit
 *(.fini9)
 *(.fini8)
 *(.fini8)
 *(.fini7)
 *(.fini7)
 *(.fini6)
 *(.fini6)
 *(.fini5)
 *(.fini5)
 *(.fini4)
 *(.fini4)
 *(.fini3)
 *(.fini3)
 *(.fini2)
 *(.fini2)
 *(.fini1)
 *(.fini1)
 *(.fini0)
 .fini0         0x00002728        0x4 d:/eclipse/eclipse/winavr/bin/../lib/gcc/avr/4.3.3/avr5\libgcc.a(_exit.o)
 *(.fini0)
                0x0000272c                _etext = .

.data           0x00800060       0x26 load address 0x0000272c
                0x00800060                PROVIDE (__data_start, .)
 *(.data)
 .data          0x00800060        0x0 d:/eclipse/eclipse/winavr/bin/../lib/gcc/avr/4.3.3/../../../../avr/lib/avr5/crtm32.o
 .data          0x00800060       0x20 ./Services/Stack/Stack.o
 .data          0x00800080        0x0 ./BSW/MCAL/TIMER2/src/TIMER2_program.o
 .data          0x00800080        0x0 ./BSW/MCAL/TIMER1/src/TIMER1_program.o
 .data          0x00800080        0x0 ./BSW/MCAL/TIMER0/src/TIMER0_program.o
 .data          0x00800080        0x0 ./BSW/MCAL/PORT/src/PORT_program.o
 .data          0x00800080        0x0 ./BSW/MCAL/GIE/src/GIE_program.o
 .data          0x00800080        0x0 ./BSW/MCAL/EXT/src/EXTI_program.o
 .data          0x00800080        0x0 ./BSW/MCAL/DIO/src/DIO_Program.o
 .data          0x00800080        0x0 ./BSW/MCAL/ADC/src/ADC_program.o
 .data          0x00800080        0x0 ./BSW/HAL/CLCD/src/CLCD_program.o
 .data          0x00800080        0x0 ./App/TrafficLights/src/TrafficLightsControl.o
 .data          0x00800080        0x0 ./App/main.o
 .data          0x00800080        0x0 d:/eclipse/eclipse/winavr/bin/../lib/gcc/avr/4.3.3/avr5\libgcc.a(_udivmodhi4.o)
 .data          0x00800080        0x0 d:/eclipse/eclipse/winavr/bin/../lib/gcc/avr/4.3.3/avr5\libgcc.a(_divmodsi4.o)
 .data          0x00800080        0x0 d:/eclipse/eclipse/winavr/bin/../lib/gcc/avr/4.3.3/avr5\libgcc.a(_exit.o)
 .data          0x00800080        0x0 d:/eclipse/eclipse/winavr/bin/../lib/gcc/avr/4.3.3/avr5\libgcc.a(_copy_data.o)
 .data          0x00800080        0x0 d:/eclipse/eclipse/winavr/bin/../lib/gcc/avr/4.3.3/avr5\libgcc.a(_clear_bss.o)
 .data          0x00800080        0x0 d:/eclipse/eclipse/winavr/bin/../lib/gcc/avr/4.3.3/avr5\libgcc.a(_udivmodsi4.o)
 .data          0x00800080        0x6 d:/eclipse/eclipse/winavr/bin/../lib/gcc/avr/4.3.3/../../../../avr/lib/avr5\libc.a(malloc.o)
                0x00800082                __malloc_heap_start
                0x00800084                __malloc_heap_end
                0x00800080                __malloc_margin
 .data          0x00800086        0x0 d:/eclipse/eclipse/winavr/bin/../lib/gcc/avr/4.3.3/../../../../avr/lib/avr5\libc.a(printf.o)
 .data          0x00800086        0x0 d:/eclipse/eclipse/winavr/bin/../lib/gcc/avr/4.3.3/../../../../avr/lib/avr5\libc.a(vfprintf_std.o)
 .data          0x00800086        0x0 d:/eclipse/eclipse/winavr/bin/../lib/gcc/avr/4.3.3/../../../../avr/lib/avr5\libc.a(strnlen_P.o)
 .data          0x00800086        0x0 d:/eclipse/eclipse/winavr/bin/../lib/gcc/avr/4.3.3/../../../../avr/lib/avr5\libc.a(strnlen.o)
 .data          0x00800086        0x0 d:/eclipse/eclipse/winavr/bin/../lib/gcc/avr/4.3.3/../../../../avr/lib/avr5\libc.a(fputc.o)
 .data          0x00800086        0x0 d:/eclipse/eclipse/winavr/bin/../lib/gcc/avr/4.3.3/../../../../avr/lib/avr5\libc.a(iob.o)
 .data          0x00800086        0x0 d:/eclipse/eclipse/winavr/bin/../lib/gcc/avr/4.3.3/../../../../avr/lib/avr5\libc.a(ultoa_invert.o)
 .data          0x00800086        0x0 d:/eclipse/eclipse/winavr/bin/../lib/gcc/avr/4.3.3/avr5\libgcc.a(_prologue.o)
 .data          0x00800086        0x0 d:/eclipse/eclipse/winavr/bin/../lib/gcc/avr/4.3.3/avr5\libgcc.a(_epilogue.o)
 *(.data*)
 *(.rodata)
 *(.rodata*)
 *(.gnu.linkonce.d*)
                0x00800086                . = ALIGN (0x2)
                0x00800086                _edata = .
                0x00800086                PROVIDE (__data_end, .)

.bss            0x00800086       0x26
                0x00800086                PROVIDE (__bss_start, .)
 *(.bss)
 .bss           0x00800086        0x0 d:/eclipse/eclipse/winavr/bin/../lib/gcc/avr/4.3.3/../../../../avr/lib/avr5/crtm32.o
 .bss           0x00800086        0x0 ./Services/Stack/Stack.o
 .bss           0x00800086        0x0 ./BSW/MCAL/TIMER2/src/TIMER2_program.o
 .bss           0x00800086        0x0 ./BSW/MCAL/TIMER1/src/TIMER1_program.o
 .bss           0x00800086        0x0 ./BSW/MCAL/TIMER0/src/TIMER0_program.o
 .bss           0x00800086        0x0 ./BSW/MCAL/PORT/src/PORT_program.o
 .bss           0x00800086        0x0 ./BSW/MCAL/GIE/src/GIE_program.o
 .bss           0x00800086        0x0 ./BSW/MCAL/EXT/src/EXTI_program.o
 .bss           0x00800086        0x0 ./BSW/MCAL/DIO/src/DIO_Program.o
 .bss           0x00800086        0x0 ./BSW/MCAL/ADC/src/ADC_program.o
 .bss           0x00800086        0x0 ./BSW/HAL/CLCD/src/CLCD_program.o
 .bss           0x00800086        0x0 ./App/TrafficLights/src/TrafficLightsControl.o
 .bss           0x00800086        0x0 ./App/main.o
 .bss           0x00800086        0x0 d:/eclipse/eclipse/winavr/bin/../lib/gcc/avr/4.3.3/avr5\libgcc.a(_udivmodhi4.o)
 .bss           0x00800086        0x0 d:/eclipse/eclipse/winavr/bin/../lib/gcc/avr/4.3.3/avr5\libgcc.a(_divmodsi4.o)
 .bss           0x00800086        0x0 d:/eclipse/eclipse/winavr/bin/../lib/gcc/avr/4.3.3/avr5\libgcc.a(_exit.o)
 .bss           0x00800086        0x0 d:/eclipse/eclipse/winavr/bin/../lib/gcc/avr/4.3.3/avr5\libgcc.a(_copy_data.o)
 .bss           0x00800086        0x0 d:/eclipse/eclipse/winavr/bin/../lib/gcc/avr/4.3.3/avr5\libgcc.a(_clear_bss.o)
 .bss           0x00800086        0x0 d:/eclipse/eclipse/winavr/bin/../lib/gcc/avr/4.3.3/avr5\libgcc.a(_udivmodsi4.o)
 .bss           0x00800086        0x0 d:/eclipse/eclipse/winavr/bin/../lib/gcc/avr/4.3.3/../../../../avr/lib/avr5\libc.a(malloc.o)
 .bss           0x00800086        0x0 d:/eclipse/eclipse/winavr/bin/../lib/gcc/avr/4.3.3/../../../../avr/lib/avr5\libc.a(printf.o)
 .bss           0x00800086        0x0 d:/eclipse/eclipse/winavr/bin/../lib/gcc/avr/4.3.3/../../../../avr/lib/avr5\libc.a(vfprintf_std.o)
 .bss           0x00800086        0x0 d:/eclipse/eclipse/winavr/bin/../lib/gcc/avr/4.3.3/../../../../avr/lib/avr5\libc.a(strnlen_P.o)
 .bss           0x00800086        0x0 d:/eclipse/eclipse/winavr/bin/../lib/gcc/avr/4.3.3/../../../../avr/lib/avr5\libc.a(strnlen.o)
 .bss           0x00800086        0x0 d:/eclipse/eclipse/winavr/bin/../lib/gcc/avr/4.3.3/../../../../avr/lib/avr5\libc.a(fputc.o)
 .bss           0x00800086        0x0 d:/eclipse/eclipse/winavr/bin/../lib/gcc/avr/4.3.3/../../../../avr/lib/avr5\libc.a(iob.o)
 .bss           0x00800086        0x0 d:/eclipse/eclipse/winavr/bin/../lib/gcc/avr/4.3.3/../../../../avr/lib/avr5\libc.a(ultoa_invert.o)
 .bss           0x00800086        0x0 d:/eclipse/eclipse/winavr/bin/../lib/gcc/avr/4.3.3/avr5\libgcc.a(_prologue.o)
 .bss           0x00800086        0x0 d:/eclipse/eclipse/winavr/bin/../lib/gcc/avr/4.3.3/avr5\libgcc.a(_epilogue.o)
 *(.bss*)
 .bss.Global_PvCompareMatch
                0x00800086        0x2 ./BSW/MCAL/TIMER2/src/TIMER2_program.o
 .bss.Global_PvOverFlow
                0x00800088        0x2 ./BSW/MCAL/TIMER2/src/TIMER2_program.o
 .bss.TIMER1_pvCallBackFunc_CTC_A
                0x0080008a        0x2 ./BSW/MCAL/TIMER1/src/TIMER1_program.o
 .bss.TIMER1_pvCallBackFunc_CTC_B
                0x0080008c        0x2 ./BSW/MCAL/TIMER1/src/TIMER1_program.o
 .bss.TIMER1_pvCallBackFunc_OV
                0x0080008e        0x2 ./BSW/MCAL/TIMER1/src/TIMER1_program.o
 .bss.TIMER1_pvCallBackFunc_CaptEvnt
                0x00800090        0x2 ./BSW/MCAL/TIMER1/src/TIMER1_program.o
 .bss.Global_PvCompareMatch
                0x00800092        0x2 ./BSW/MCAL/TIMER0/src/TIMER0_program.o
 .bss.Global_PvOverFlow
                0x00800094        0x2 ./BSW/MCAL/TIMER0/src/TIMER0_program.o
 .bss.Global_EXTI_pvInt0Func
                0x00800096        0x2 ./BSW/MCAL/EXT/src/EXTI_program.o
 .bss.Global_EXTI_pvInt1Func
                0x00800098        0x2 ./BSW/MCAL/EXT/src/EXTI_program.o
 .bss.Global_EXTI_pvInt2Func
                0x0080009a        0x2 ./BSW/MCAL/EXT/src/EXTI_program.o
 .bss.Global_PvNotifacation
                0x0080009c        0x2 ./BSW/MCAL/ADC/src/ADC_program.o
 .bss.Global_uint16PuReading
                0x0080009e        0x2 ./BSW/MCAL/ADC/src/ADC_program.o
 .bss.global    0x008000a0        0x2 ./App/TrafficLights/src/TrafficLightsControl.o
                0x008000a0                global
 *(COMMON)
 COMMON         0x008000a2        0x4 d:/eclipse/eclipse/winavr/bin/../lib/gcc/avr/4.3.3/../../../../avr/lib/avr5\libc.a(malloc.o)
                0x008000a2                __brkval
                0x008000a4                __flp
 COMMON         0x008000a6        0x6 d:/eclipse/eclipse/winavr/bin/../lib/gcc/avr/4.3.3/../../../../avr/lib/avr5\libc.a(iob.o)
                0x008000a6                __iob
                0x008000ac                PROVIDE (__bss_end, .)
                0x0000272c                __data_load_start = LOADADDR (.data)
                0x00002752                __data_load_end = (__data_load_start + SIZEOF (.data))

.noinit         0x008000ac        0x0
                0x008000ac                PROVIDE (__noinit_start, .)
 *(.noinit*)
                0x008000ac                PROVIDE (__noinit_end, .)
                0x008000ac                _end = .
                0x008000ac                PROVIDE (__heap_start, .)

.eeprom         0x00810000        0x0
 *(.eeprom*)
                0x00810000                __eeprom_end = .

.fuse
 *(.fuse)
 *(.lfuse)
 *(.hfuse)
 *(.efuse)

.lock
 *(.lock*)

.signature
 *(.signature*)

.stab           0x00000000     0x402c
 *(.stab)
 .stab          0x00000000      0x960 ./Services/Stack/Stack.o
 .stab          0x00000960      0x5b8 ./BSW/MCAL/TIMER2/src/TIMER2_program.o
                                0x5c4 (size before relaxing)
 .stab          0x00000f18      0x6fc ./BSW/MCAL/TIMER1/src/TIMER1_program.o
                                0x708 (size before relaxing)
 .stab          0x00001614      0x5ac ./BSW/MCAL/TIMER0/src/TIMER0_program.o
                                0x5b8 (size before relaxing)
 .stab          0x00001bc0      0x1f8 ./BSW/MCAL/PORT/src/PORT_program.o
                                0x204 (size before relaxing)
 .stab          0x00001db8      0x1d4 ./BSW/MCAL/GIE/src/GIE_program.o
                                0x1e0 (size before relaxing)
 .stab          0x00001f8c      0x768 ./BSW/MCAL/EXT/src/EXTI_program.o
                                0x774 (size before relaxing)
 .stab          0x000026f4      0x7c8 ./BSW/MCAL/DIO/src/DIO_Program.o
                                0x7d4 (size before relaxing)
 .stab          0x00002ebc      0x4f8 ./BSW/MCAL/ADC/src/ADC_program.o
                                0x504 (size before relaxing)
 .stab          0x000033b4      0x708 ./BSW/HAL/CLCD/src/CLCD_program.o
                                0x714 (size before relaxing)
 .stab          0x00003abc      0x30c ./App/TrafficLights/src/TrafficLightsControl.o
                                0x318 (size before relaxing)
 .stab          0x00003dc8      0x264 ./App/main.o
                                0x270 (size before relaxing)

.stabstr        0x00000000     0x35d8
 *(.stabstr)
 .stabstr       0x00000000     0x35d8 ./Services/Stack/Stack.o

.stab.excl
 *(.stab.excl)

.stab.exclstr
 *(.stab.exclstr)

.stab.index
 *(.stab.index)

.stab.indexstr
 *(.stab.indexstr)

.comment
 *(.comment)

.debug
 *(.debug)

.line
 *(.line)

.debug_srcinfo
 *(.debug_srcinfo)

.debug_sfnames
 *(.debug_sfnames)

.debug_aranges
 *(.debug_aranges)

.debug_pubnames
 *(.debug_pubnames)

.debug_info
 *(.debug_info)
 *(.gnu.linkonce.wi.*)

.debug_abbrev
 *(.debug_abbrev)

.debug_line
 *(.debug_line)

.debug_frame
 *(.debug_frame)

.debug_str
 *(.debug_str)

.debug_loc
 *(.debug_loc)

.debug_macinfo
 *(.debug_macinfo)
OUTPUT(AT32.elf elf32-avr)
LOAD linker stubs
